<html>
<body>
<pre>
<h1>礦ision Build Log</h1>
<h2>Tool Versions:</h2>
IDE-Version: μVision V5.27.1.0
Copyright (C) 2019 ARM Ltd and ARM Germany GmbH. All rights reserved.
License Information: ydk ydk, ydk, LIC=HN0AE-5C15D-EVS1R-KXLNT-BEKBB-14HED
 
Tool Versions:
Toolchain:       MDK-ARM Plus  Version: 5.27.1.0
Toolchain Path:  C:\Keil_v5\ARM\ARMCC\Bin
C Compiler:      Armcc.exe V5.06 update 6 (build 750)
Assembler:       Armasm.exe V5.06 update 6 (build 750)
Linker/Locator:  ArmLink.exe V5.06 update 6 (build 750)
Library Manager: ArmAr.exe V5.06 update 6 (build 750)
Hex Converter:   FromElf.exe V5.06 update 6 (build 750)
CPU DLL:         SARMCM3.DLL V5.27.1.0
Dialog DLL:      DCM.DLL V1.17.2.0
Target DLL:      STLink\ST-LINKIII-KEIL_SWO.dll V3.0.6.0
Dialog DLL:      TCM.DLL V1.36.1.0
 
<h2>Project:</h2>
C:\Users\admin\Desktop\嵌入式\ST32\switcher_new\1U24.8.20\1U24.8.20\1U推子+OLED屏\USER\DMA.uvprojx
Project File Date:  08/28/2024

<h2>Output:</h2>
*** Using Compiler 'V5.06 update 6 (build 750)', folder: 'C:\Keil_v5\ARM\ARMCC\Bin'
Build target 'Target 1'
compiling main.c...
compiling fun.c...
compiling oled.c...
linking...
Program Size: Code=13320 RO-data=49868 RW-data=2176 ZI-data=3680  
FromELF: creating hex file...
"..\OBJ\DMA.axf" - 0 Error(s), 0 Warning(s).

<h2>Software Packages used:</h2>

Package Vendor: ARM
                http://www.keil.com/pack/ARM.CMSIS.5.5.1.pack
                ARM.CMSIS.5.5.1
                CMSIS (Cortex Microcontroller Software Interface Standard)
   * Component: CORE Version: 5.2.0

Package Vendor: Keil
                http://www.keil.com/pack/Keil.STM32F1xx_DFP.1.0.5.pack
                Keil.STM32F1xx_DFP.1.0.5
                STMicroelectronics STM32F1 Series Device Support, Drivers and Examples

<h2>Collection of Component include folders:</h2>
  .\RTE\_Target_1
  C:\Users\admin\AppData\Local\Arm\Packs\ARM\CMSIS\5.5.1\CMSIS\Core\Include
  C:\Users\admin\AppData\Local\Arm\Packs\Keil\STM32F1xx_DFP\1.0.5\Device\Include

<h2>Collection of Component Files used:</h2>

   * Component: ARM::CMSIS:CORE:5.2.0
Build Time Elapsed:  00:00:00
</pre>
</body>
</html>
