Component: ARM Compiler 5.06 update 6 (build 750) Tool: armlink [4d35ed]

==============================================================================

Section Cross References

    main.o(i.main) refers to sys.o(i.NVIC_Configuration) for NVIC_Configuration
    main.o(i.main) refers to usart.o(i.uart1_init) for uart1_init
    main.o(i.main) refers to usart.o(i.uart2_init) for uart2_init
    main.o(i.main) refers to usart.o(i.uart3_init) for uart3_init
    main.o(i.main) refers to led.o(i.LED_Init) for LED_Init
    main.o(i.main) refers to tim.o(i.TIM3_Int_Init) for TIM3_Int_Init
    main.o(i.main) refers to tim.o(i.TIM2_Int_Init) for TIM2_Int_Init
    main.o(i.main) refers to spi.o(i.SPI2_Init) for SPI2_Init
    main.o(i.main) refers to dma.o(i.DMA_USART1_Tx_Config) for DMA_USART1_Tx_Config
    main.o(i.main) refers to dma.o(i.DMA_USART1_Rx_Config) for DMA_USART1_Rx_Config
    main.o(i.main) refers to dma.o(i.DMA_USART2_Tx_Config) for DMA_USART2_Tx_Config
    main.o(i.main) refers to dma.o(i.DMA_USART2_Rx_Config) for DMA_USART2_Rx_Config
    main.o(i.main) refers to dma.o(i.DMA_USART3_Tx_Config) for DMA_USART3_Tx_Config
    main.o(i.main) refers to dma.o(i.DMA_USART3_Rx_Config) for DMA_USART3_Rx_Config
    main.o(i.main) refers to can.o(i.CAN1_Mode_Init) for CAN1_Mode_Init
    main.o(i.main) refers to oled.o(i.OLED_Init) for OLED_Init
    main.o(i.main) refers to oled.o(i.initialize) for initialize
    main.o(i.main) refers to oled.o(i.OLED_Fill) for OLED_Fill
    main.o(i.main) refers to led.o(i.KEY_Init) for KEY_Init
    main.o(i.main) refers to spi.o(i.SPI2_WriteByte) for SPI2_WriteByte
    main.o(i.main) refers to fun.o(i.address_selection) for address_selection
    main.o(i.main) refers to delay.o(i.delay_ms) for delay_ms
    main.o(i.main) refers to sys.o(i.IWDG_Init) for IWDG_Init
    main.o(i.main) refers to fun.o(i.fun) for fun
    main.o(i.main) refers to dma.o(.bss) for ucByteBufTX1
    main.o(i.main) refers to oled.o(.data) for CSse
    main.o(i.main) refers to main.o(.data) for dat
    system_stm32f10x.o(i.SetSysClock) refers to system_stm32f10x.o(i.SetSysClockTo72) for SetSysClockTo72
    system_stm32f10x.o(i.SystemCoreClockUpdate) refers to system_stm32f10x.o(.data) for SystemCoreClock
    system_stm32f10x.o(i.SystemInit) refers to system_stm32f10x.o(i.SetSysClock) for SetSysClock
    led.o(i.KEY_Init) refers to stm32f10x_rcc.o(i.RCC_APB2PeriphClockCmd) for RCC_APB2PeriphClockCmd
    led.o(i.KEY_Init) refers to stm32f10x_gpio.o(i.GPIO_PinRemapConfig) for GPIO_PinRemapConfig
    led.o(i.KEY_Init) refers to stm32f10x_gpio.o(i.GPIO_Init) for GPIO_Init
    led.o(i.LED_Init) refers to stm32f10x_rcc.o(i.RCC_APB2PeriphClockCmd) for RCC_APB2PeriphClockCmd
    led.o(i.LED_Init) refers to stm32f10x_gpio.o(i.GPIO_PinRemapConfig) for GPIO_PinRemapConfig
    led.o(i.LED_Init) refers to stm32f10x_gpio.o(i.GPIO_Init) for GPIO_Init
    led.o(i.LED_Init) refers to stm32f10x_gpio.o(i.GPIO_SetBits) for GPIO_SetBits
    dma.o(i.DMA1_Channel2_IRQHandler) refers to usart.o(.data) for USART3_TxOV
    dma.o(i.DMA1_Channel3_IRQHandler) refers to stm32f10x_dma.o(i.DMA_GetITStatus) for DMA_GetITStatus
    dma.o(i.DMA1_Channel3_IRQHandler) refers to stm32f10x_dma.o(i.DMA_ClearITPendingBit) for DMA_ClearITPendingBit
    dma.o(i.DMA1_Channel3_IRQHandler) refers to stm32f10x_dma.o(i.DMA_ClearFlag) for DMA_ClearFlag
    dma.o(i.DMA1_Channel4_IRQHandler) refers to usart.o(.data) for USART1_TxOV
    dma.o(i.DMA1_Channel5_IRQHandler) refers to stm32f10x_dma.o(i.DMA_GetITStatus) for DMA_GetITStatus
    dma.o(i.DMA1_Channel5_IRQHandler) refers to stm32f10x_dma.o(i.DMA_Cmd) for DMA_Cmd
    dma.o(i.DMA1_Channel5_IRQHandler) refers to stm32f10x_dma.o(i.DMA_ClearITPendingBit) for DMA_ClearITPendingBit
    dma.o(i.DMA1_Channel6_IRQHandler) refers to stm32f10x_dma.o(i.DMA_GetITStatus) for DMA_GetITStatus
    dma.o(i.DMA_SPI2_Tx) refers to stm32f10x_dma.o(i.DMA_Cmd) for DMA_Cmd
    dma.o(i.DMA_SPI2_Tx_Config) refers to stm32f10x_rcc.o(i.RCC_AHBPeriphClockCmd) for RCC_AHBPeriphClockCmd
    dma.o(i.DMA_SPI2_Tx_Config) refers to stm32f10x_dma.o(i.DMA_DeInit) for DMA_DeInit
    dma.o(i.DMA_SPI2_Tx_Config) refers to stm32f10x_dma.o(i.DMA_Init) for DMA_Init
    dma.o(i.DMA_SPI2_Tx_Config) refers to stm32f10x_dma.o(i.DMA_GetITStatus) for DMA_GetITStatus
    dma.o(i.DMA_SPI2_Tx_Config) refers to stm32f10x_dma.o(i.DMA_ClearITPendingBit) for DMA_ClearITPendingBit
    dma.o(i.DMA_SPI2_Tx_Config) refers to stm32f10x_dma.o(i.DMA_ITConfig) for DMA_ITConfig
    dma.o(i.DMA_SPI2_Tx_Config) refers to stm32f10x_spi.o(i.SPI_I2S_DMACmd) for SPI_I2S_DMACmd
    dma.o(i.DMA_SPI2_Tx_Config) refers to stm32f10x_dma.o(i.DMA_Cmd) for DMA_Cmd
    dma.o(i.DMA_SPI2_Tx_Config) refers to misc.o(i.NVIC_Init) for NVIC_Init
    dma.o(i.DMA_SPI2_Tx_Config) refers to rgbw.o(.bss) for gWs2812bDat_SPI
    dma.o(i.DMA_USART1_Rx_Config) refers to stm32f10x_rcc.o(i.RCC_AHBPeriphClockCmd) for RCC_AHBPeriphClockCmd
[...]
    Removing stm32f10x_tim.o(i.TIM_OC2PreloadConfig), (26 bytes).
    Removing stm32f10x_tim.o(i.TIM_OC3FastConfig), (18 bytes).
    Removing stm32f10x_tim.o(i.TIM_OC3Init), (160 bytes).
    Removing stm32f10x_tim.o(i.TIM_OC3NPolarityConfig), (26 bytes).
    Removing stm32f10x_tim.o(i.TIM_OC3PolarityConfig), (26 bytes).
    Removing stm32f10x_tim.o(i.TIM_OC3PreloadConfig), (18 bytes).
    Removing stm32f10x_tim.o(i.TIM_OC4FastConfig), (26 bytes).
    Removing stm32f10x_tim.o(i.TIM_OC4Init), (124 bytes).
    Removing stm32f10x_tim.o(i.TIM_OC4PolarityConfig), (26 bytes).
    Removing stm32f10x_tim.o(i.TIM_OC4PreloadConfig), (26 bytes).
    Removing stm32f10x_tim.o(i.TIM_OCStructInit), (20 bytes).
    Removing stm32f10x_tim.o(i.TIM_PWMIConfig), (124 bytes).
    Removing stm32f10x_tim.o(i.TIM_PrescalerConfig), (6 bytes).
    Removing stm32f10x_tim.o(i.TIM_SelectCCDMA), (24 bytes).
    Removing stm32f10x_tim.o(i.TIM_SelectCOM), (24 bytes).
    Removing stm32f10x_tim.o(i.TIM_SelectHallSensor), (24 bytes).
    Removing stm32f10x_tim.o(i.TIM_SelectInputTrigger), (18 bytes).
    Removing stm32f10x_tim.o(i.TIM_SelectMasterSlaveMode), (18 bytes).
    Removing stm32f10x_tim.o(i.TIM_SelectOCxM), (82 bytes).
    Removing stm32f10x_tim.o(i.TIM_SelectOnePulseMode), (18 bytes).
    Removing stm32f10x_tim.o(i.TIM_SelectOutputTrigger), (18 bytes).
    Removing stm32f10x_tim.o(i.TIM_SelectSlaveMode), (18 bytes).
    Removing stm32f10x_tim.o(i.TIM_SetAutoreload), (4 bytes).
    Removing stm32f10x_tim.o(i.TIM_SetClockDivision), (18 bytes).
    Removing stm32f10x_tim.o(i.TIM_SetCompare1), (4 bytes).
    Removing stm32f10x_tim.o(i.TIM_SetCompare2), (4 bytes).
    Removing stm32f10x_tim.o(i.TIM_SetCompare3), (4 bytes).
    Removing stm32f10x_tim.o(i.TIM_SetCompare4), (6 bytes).
    Removing stm32f10x_tim.o(i.TIM_SetCounter), (4 bytes).
    Removing stm32f10x_tim.o(i.TIM_SetIC1Prescaler), (18 bytes).
    Removing stm32f10x_tim.o(i.TIM_SetIC2Prescaler), (26 bytes).
    Removing stm32f10x_tim.o(i.TIM_SetIC3Prescaler), (18 bytes).
    Removing stm32f10x_tim.o(i.TIM_SetIC4Prescaler), (26 bytes).
    Removing stm32f10x_tim.o(i.TIM_TIxExternalClockConfig), (62 bytes).
    Removing stm32f10x_tim.o(i.TIM_TimeBaseStructInit), (18 bytes).
    Removing stm32f10x_tim.o(i.TIM_UpdateDisableConfig), (24 bytes).
    Removing stm32f10x_tim.o(i.TIM_UpdateRequestConfig), (24 bytes).
    Removing stm32f10x_spi.o(i.I2S_Cmd), (24 bytes).
    Removing stm32f10x_spi.o(i.I2S_Init), (232 bytes).
    Removing stm32f10x_spi.o(i.I2S_StructInit), (20 bytes).
    Removing stm32f10x_spi.o(i.SPI_BiDirectionalLineConfig), (28 bytes).
    Removing stm32f10x_spi.o(i.SPI_CalculateCRC), (24 bytes).
    Removing stm32f10x_spi.o(i.SPI_DataSizeConfig), (18 bytes).
    Removing stm32f10x_spi.o(i.SPI_GetCRC), (16 bytes).
    Removing stm32f10x_spi.o(i.SPI_GetCRCPolynomial), (6 bytes).
    Removing stm32f10x_spi.o(i.SPI_I2S_ClearFlag), (6 bytes).
    Removing stm32f10x_spi.o(i.SPI_I2S_ClearITPendingBit), (20 bytes).
    Removing stm32f10x_spi.o(i.SPI_I2S_DMACmd), (18 bytes).
    Removing stm32f10x_spi.o(i.SPI_I2S_DeInit), (88 bytes).
    Removing stm32f10x_spi.o(i.SPI_I2S_GetITStatus), (52 bytes).
    Removing stm32f10x_spi.o(i.SPI_I2S_ITConfig), (32 bytes).
    Removing stm32f10x_spi.o(i.SPI_NSSInternalSoftwareConfig), (30 bytes).
    Removing stm32f10x_spi.o(i.SPI_SSOutputCmd), (24 bytes).
    Removing stm32f10x_spi.o(i.SPI_StructInit), (24 bytes).
    Removing stm32f10x_spi.o(i.SPI_TransmitCRC), (10 bytes).
    Removing stm32f10x_can.o(i.CAN_CancelTransmit), (48 bytes).
    Removing stm32f10x_can.o(i.CAN_ClearFlag), (56 bytes).
    Removing stm32f10x_can.o(i.CAN_ClearITPendingBit), (168 bytes).
    Removing stm32f10x_can.o(i.CAN_DBGFreeze), (22 bytes).
    Removing stm32f10x_can.o(i.CAN_DeInit), (56 bytes).
    Removing stm32f10x_can.o(i.CAN_FIFORelease), (22 bytes).
    Removing stm32f10x_can.o(i.CAN_GetFlagStatus), (120 bytes).
    Removing stm32f10x_can.o(i.CAN_GetITStatus), (288 bytes).
    Removing stm32f10x_can.o(i.CAN_GetLSBTransmitErrorCounter), (12 bytes).
    Removing stm32f10x_can.o(i.CAN_GetLastErrorCode), (12 bytes).
    Removing stm32f10x_can.o(i.CAN_GetReceiveErrorCounter), (10 bytes).
    Removing stm32f10x_can.o(i.CAN_ITConfig), (18 bytes).
    Removing stm32f10x_can.o(i.CAN_Init), (276 bytes).
    Removing stm32f10x_can.o(i.CAN_MessagePending), (30 bytes).
    Removing stm32f10x_can.o(i.CAN_OperatingModeRequest), (162 bytes).
    Removing stm32f10x_can.o(i.CAN_Receive), (240 bytes).
    Removing stm32f10x_can.o(i.CAN_SlaveStartBank), (52 bytes).
    Removing stm32f10x_can.o(i.CAN_Sleep), (30 bytes).
    Removing stm32f10x_can.o(i.CAN_StructInit), (32 bytes).
    Removing stm32f10x_can.o(i.CAN_TTComModeCmd), (118 bytes).
    Removing stm32f10x_can.o(i.CAN_Transmit), (294 bytes).
    Removing stm32f10x_can.o(i.CAN_TransmitStatus), (160 bytes).
    Removing stm32f10x_can.o(i.CAN_WakeUp), (48 bytes).
    Removing stm32f10x_can.o(i.CheckITStatus), (18 bytes).

263 unused section(s) (total 14082 bytes) removed from the image.

==============================================================================

Image Symbol Table

    Local Symbols

    Symbol Name                              Value     Ov Type        Size  Object(Section)

    ../clib/angel/boardlib.s                 0x00000000   Number         0  boardshut.o ABSOLUTE
    ../clib/angel/boardlib.s                 0x00000000   Number         0  boardinit1.o ABSOLUTE
    ../clib/angel/boardlib.s                 0x00000000   Number         0  boardinit2.o ABSOLUTE
    ../clib/angel/boardlib.s                 0x00000000   Number         0  boardinit3.o ABSOLUTE
    ../clib/angel/handlers.s                 0x00000000   Number         0  __scatter_zi.o ABSOLUTE
    ../clib/angel/handlers.s                 0x00000000   Number         0  __scatter_copy.o ABSOLUTE
    ../clib/angel/kernel.s                   0x00000000   Number         0  rtexit2.o ABSOLUTE
    ../clib/angel/kernel.s                   0x00000000   Number         0  __rtentry4.o ABSOLUTE
    ../clib/angel/kernel.s                   0x00000000   Number         0  rtexit.o ABSOLUTE
    ../clib/angel/kernel.s                   0x00000000   Number         0  __rtentry.o ABSOLUTE
    ../clib/angel/kernel.s                   0x00000000   Number         0  __rtentry2.o ABSOLUTE
    ../clib/angel/rt.s                       0x00000000   Number         0  rt_raise.o ABSOLUTE
    ../clib/angel/scatter.s                  0x00000000   Number         0  __scatter.o ABSOLUTE
    ../clib/angel/startup.s                  0x00000000   Number         0  __main.o ABSOLUTE
    ../clib/angel/sys.s                      0x00000000   Number         0  indicate_semi.o ABSOLUTE
    ../clib/angel/sys.s                      0x00000000   Number         0  use_no_semi.o ABSOLUTE
    ../clib/angel/sys.s                      0x00000000   Number         0  sys_stackheap_outer.o ABSOLUTE
    ../clib/angel/sys.s                      0x00000000   Number         0  libspace.o ABSOLUTE
    ../clib/angel/sysapp.c                   0x00000000   Number         0  sys_exit.o ABSOLUTE
    ../clib/angel/sysapp.c                   0x00000000   Number         0  sys_wrch.o ABSOLUTE
    ../clib/angel/sysapp.c                   0x00000000   Number         0  sys_command.o ABSOLUTE
    ../clib/armsys.c                         0x00000000   Number         0  no_argv.o ABSOLUTE
    ../clib/armsys.c                         0x00000000   Number         0  _get_argv_nomalloc.o ABSOLUTE
    ../clib/armsys.c                         0x00000000   Number         0  argv_veneer.o ABSOLUTE
    ../clib/armsys.c                         0x00000000   Number         0  argv_veneer.o ABSOLUTE
    ../clib/heapalloc.c                      0x00000000   Number         0  hrguard.o ABSOLUTE
    ../clib/heapaux.c                        0x00000000   Number         0  heapauxi.o ABSOLUTE
    ../clib/libinit.s                        0x00000000   Number         0  libshutdown2.o ABSOLUTE
    ../clib/libinit.s                        0x00000000   Number         0  libshutdown.o ABSOLUTE
    ../clib/libinit.s                        0x00000000   Number         0  libinit2.o ABSOLUTE
    ../clib/libinit.s                        0x00000000   Number         0  libinit.o ABSOLUTE
    ../clib/signal.c                         0x00000000   Number         0  defsig_pvfn_inner.o ABSOLUTE
    ../clib/signal.c                         0x00000000   Number         0  defsig_cppl_inner.o ABSOLUTE
    ../clib/signal.c                         0x00000000   Number         0  defsig_segv_inner.o ABSOLUTE
    ../clib/signal.c                         0x00000000   Number         0  defsig_other.o ABSOLUTE
    ../clib/signal.c                         0x00000000   Number         0  defsig_general.o ABSOLUTE
    ../clib/signal.c                         0x00000000   Number         0  defsig_rtmem_outer.o ABSOLUTE
    ../clib/signal.c                         0x00000000   Number         0  defsig_rtmem_formal.o ABSOLUTE
    ../clib/signal.c                         0x00000000   Number         0  defsig_exit.o ABSOLUTE
    ../clib/signal.c                         0x00000000   Number         0  defsig_rtmem_inner.o ABSOLUTE
    ../clib/signal.c                         0x00000000   Number         0  __raise.o ABSOLUTE
    ../clib/signal.c                         0x00000000   Number         0  defsig_abrt_inner.o ABSOLUTE
    ../clib/signal.c                         0x00000000   Number         0  defsig_fpe_inner.o ABSOLUTE
    ../clib/signal.c                         0x00000000   Number         0  defsig_rtred_inner.o ABSOLUTE
    ../clib/signal.c                         0x00000000   Number         0  defsig_stak_inner.o ABSOLUTE
    ../clib/signal.s                         0x00000000   Number         0  defsig.o ABSOLUTE
    ../clib/stdlib.c                         0x00000000   Number         0  exit.o ABSOLUTE
    ../fplib/d2f.s                           0x00000000   Number         0  d2f.o ABSOLUTE
    ../fplib/daddsub.s                       0x00000000   Number         0  daddsub_clz.o ABSOLUTE
    ../fplib/dcmpi.s                         0x00000000   Number         0  dcmpi.o ABSOLUTE
    ../fplib/dleqf.s                         0x00000000   Number         0  dleqf.o ABSOLUTE
    ../fplib/dmul.s                          0x00000000   Number         0  dmul.o ABSOLUTE
    ../fplib/dnaninf.s                       0x00000000   Number         0  dnaninf.o ABSOLUTE
    ../fplib/dretinf.s                       0x00000000   Number         0  dretinf.o ABSOLUTE
    ../fplib/drleqf.s                        0x00000000   Number         0  drleqf.o ABSOLUTE
    ../fplib/f2d.s                           0x00000000   Number         0  f2d.o ABSOLUTE
    ../fplib/faddsub.s                       0x00000000   Number         0  faddsub_clz.o ABSOLUTE
    ../fplib/fdiv.s                          0x00000000   Number         0  fdiv.o ABSOLUTE
    ../fplib/ffixu.s                         0x00000000   Number         0  ffixu.o ABSOLUTE
    ../fplib/fflt.s                          0x00000000   Number         0  fflt_clz.o ABSOLUTE
    ../fplib/fmul.s                          0x00000000   Number         0  fmul.o ABSOLUTE
    ../fplib/fnaninf.s                       0x00000000   Number         0  fnaninf.o ABSOLUTE
    ../fplib/fpinit.s                        0x00000000   Number         0  fpinit.o ABSOLUTE
    ../fplib/fretinf.s                       0x00000000   Number         0  fretinf.o ABSOLUTE
    ../fplib/usenofp.s                       0x00000000   Number         0  usenofp.o ABSOLUTE
    ..\CORE\core_cm3.c                       0x00000000   Number         0  core_cm3.o ABSOLUTE
    ..\CORE\startup_stm32f10x_hd.s           0x00000000   Number         0  startup_stm32f10x_hd.o ABSOLUTE
    ..\HARDWARE\DMA\dma.c                    0x00000000   Number         0  dma.o ABSOLUTE
    ..\HARDWARE\LED\led.c                    0x00000000   Number         0  led.o ABSOLUTE
    ..\STM32F10x_FWLib\src\misc.c            0x00000000   Number         0  misc.o ABSOLUTE
    ..\STM32F10x_FWLib\src\stm32f10x_can.c   0x00000000   Number         0  stm32f10x_can.o ABSOLUTE
    ..\STM32F10x_FWLib\src\stm32f10x_dma.c   0x00000000   Number         0  stm32f10x_dma.o ABSOLUTE
    ..\STM32F10x_FWLib\src\stm32f10x_fsmc.c  0x00000000   Number         0  stm32f10x_fsmc.o ABSOLUTE
    ..\STM32F10x_FWLib\src\stm32f10x_gpio.c  0x00000000   Number         0  stm32f10x_gpio.o ABSOLUTE
    ..\STM32F10x_FWLib\src\stm32f10x_rcc.c   0x00000000   Number         0  stm32f10x_rcc.o ABSOLUTE
    ..\STM32F10x_FWLib\src\stm32f10x_spi.c   0x00000000   Number         0  stm32f10x_spi.o ABSOLUTE
    ..\STM32F10x_FWLib\src\stm32f10x_tim.c   0x00000000   Number         0  stm32f10x_tim.o ABSOLUTE
    ..\STM32F10x_FWLib\src\stm32f10x_usart.c 0x00000000   Number         0  stm32f10x_usart.o ABSOLUTE
    ..\SYSTEM\SPI\SPI.c                      0x00000000   Number         0  spi.o ABSOLUTE
    ..\SYSTEM\adc\adc.c                      0x00000000   Number         0  adc.o ABSOLUTE
    ..\SYSTEM\can\can.c                      0x00000000   Number         0  can.o ABSOLUTE
    ..\SYSTEM\delay\delay.c                  0x00000000   Number         0  delay.o ABSOLUTE
    ..\SYSTEM\fun\fun.c                      0x00000000   Number         0  fun.o ABSOLUTE
    ..\SYSTEM\oled\oled.c                    0x00000000   Number         0  oled.o ABSOLUTE
    ..\SYSTEM\rgbw\rgbw.c                    0x00000000   Number         0  rgbw.o ABSOLUTE
    ..\SYSTEM\sys\sys.c                      0x00000000   Number         0  sys.o ABSOLUTE
    ..\SYSTEM\tim\tim.c                      0x00000000   Number         0  tim.o ABSOLUTE
    ..\SYSTEM\usart\usart.c                  0x00000000   Number         0  usart.o ABSOLUTE
    ..\\CORE\\core_cm3.c                     0x00000000   Number         0  core_cm3.o ABSOLUTE
    dc.s                                     0x00000000   Number         0  dc.o ABSOLUTE
    main.c                                   0x00000000   Number         0  main.o ABSOLUTE
    stm32f10x_it.c                           0x00000000   Number         0  stm32f10x_it.o ABSOLUTE
    system_stm32f10x.c                       0x00000000   Number         0  system_stm32f10x.o ABSOLUTE
    RESET                                    0x08000000   Section      304  startup_stm32f10x_hd.o(RESET)
    !!!main                                  0x08000130   Section        8  __main.o(!!!main)
    !!!scatter                               0x08000138   Section       52  __scatter.o(!!!scatter)
    !!handler_copy                           0x0800016c   Section       26  __scatter_copy.o(!!handler_copy)
    !!handler_zi                             0x08000188   Section       28  __scatter_zi.o(!!handler_zi)
    .ARM.Collect$$libinit$$00000000          0x080001a4   Section        2  libinit.o(.ARM.Collect$$libinit$$00000000)
    .ARM.Collect$$libinit$$00000002          0x080001a6   Section        0  libinit2.o(.ARM.Collect$$libinit$$00000002)
    .ARM.Collect$$libinit$$00000004          0x080001a6   Section        0  libinit2.o(.ARM.Collect$$libinit$$00000004)
    .ARM.Collect$$libinit$$0000000A          0x080001a6   Section        0  libinit2.o(.ARM.Collect$$libinit$$0000000A)
    .ARM.Collect$$libinit$$0000000C          0x080001a6   Section        0  libinit2.o(.ARM.Collect$$libinit$$0000000C)
    .ARM.Collect$$libinit$$0000000E          0x080001a6   Section        0  libinit2.o(.ARM.Collect$$libinit$$0000000E)
    .ARM.Collect$$libinit$$00000011          0x080001a6   Section        0  libinit2.o(.ARM.Collect$$libinit$$00000011)
    .ARM.Collect$$libinit$$00000013          0x080001a6   Section        0  libinit2.o(.ARM.Collect$$libinit$$00000013)
    .ARM.Collect$$libinit$$00000015          0x080001a6   Section        0  libinit2.o(.ARM.Collect$$libinit$$00000015)
    .ARM.Collect$$libinit$$00000017          0x080001a6   Section        0  libinit2.o(.ARM.Collect$$libinit$$00000017)
    .ARM.Collect$$libinit$$00000019          0x080001a6   Section        0  libinit2.o(.ARM.Collect$$libinit$$00000019)
    .ARM.Collect$$libinit$$0000001B          0x080001a6   Section        0  libinit2.o(.ARM.Collect$$libinit$$0000001B)
    .ARM.Collect$$libinit$$0000001D          0x080001a6   Section        0  libinit2.o(.ARM.Collect$$libinit$$0000001D)
    .ARM.Collect$$libinit$$0000001F          0x080001a6   Section        0  libinit2.o(.ARM.Collect$$libinit$$0000001F)
    .ARM.Collect$$libinit$$00000021          0x080001a6   Section        0  libinit2.o(.ARM.Collect$$libinit$$00000021)
    .ARM.Collect$$libinit$$00000023          0x080001a6   Section        0  libinit2.o(.ARM.Collect$$libinit$$00000023)
    .ARM.Collect$$libinit$$00000025          0x080001a6   Section        0  libinit2.o(.ARM.Collect$$libinit$$00000025)
    .ARM.Collect$$libinit$$0000002C          0x080001a6   Section        0  libinit2.o(.ARM.Collect$$libinit$$0000002C)
    .ARM.Collect$$libinit$$0000002E          0x080001a6   Section        0  libinit2.o(.ARM.Collect$$libinit$$0000002E)
    .ARM.Collect$$libinit$$00000030          0x080001a6   Section        0  libinit2.o(.ARM.Collect$$libinit$$00000030)
    .ARM.Collect$$libinit$$00000032          0x080001a6   Section        0  libinit2.o(.ARM.Collect$$libinit$$00000032)
    .ARM.Collect$$libinit$$00000033          0x080001a6   Section        2  libinit2.o(.ARM.Collect$$libinit$$00000033)
    .ARM.Collect$$libshutdown$$00000000      0x080001a8   Section        2  libshutdown.o(.ARM.Collect$$libshutdown$$00000000)
    .ARM.Collect$$libshutdown$$00000002      0x080001aa   Section        0  libshutdown2.o(.ARM.Collect$$libshutdown$$00000002)
    .ARM.Collect$$libshutdown$$00000004      0x080001aa   Section        0  libshutdown2.o(.ARM.Collect$$libshutdown$$00000004)
    .ARM.Collect$$libshutdown$$00000007      0x080001aa   Section        0  libshutdown2.o(.ARM.Collect$$libshutdown$$00000007)
    .ARM.Collect$$libshutdown$$0000000A      0x080001aa   Section        0  libshutdown2.o(.ARM.Collect$$libshutdown$$0000000A)
    .ARM.Collect$$libshutdown$$0000000C      0x080001aa   Section        0  libshutdown2.o(.ARM.Collect$$libshutdown$$0000000C)
    .ARM.Collect$$libshutdown$$0000000F      0x080001aa   Section        0  libshutdown2.o(.ARM.Collect$$libshutdown$$0000000F)
    .ARM.Collect$$libshutdown$$00000010      0x080001aa   Section        2  libshutdown2.o(.ARM.Collect$$libshutdown$$00000010)
    .ARM.Collect$$rtentry$$00000000          0x080001ac   Section        0  __rtentry.o(.ARM.Collect$$rtentry$$00000000)
    .ARM.Collect$$rtentry$$00000002          0x080001ac   Section        0  __rtentry2.o(.ARM.Collect$$rtentry$$00000002)
    .ARM.Collect$$rtentry$$00000004          0x080001ac   Section        6  __rtentry4.o(.ARM.Collect$$rtentry$$00000004)
    .ARM.Collect$$rtentry$$00000009          0x080001b2   Section        0  __rtentry2.o(.ARM.Collect$$rtentry$$00000009)
    .ARM.Collect$$rtentry$$0000000A          0x080001b2   Section        4  __rtentry2.o(.ARM.Collect$$rtentry$$0000000A)
    .ARM.Collect$$rtentry$$0000000C          0x080001b6   Section        0  __rtentry2.o(.ARM.Collect$$rtentry$$0000000C)
    .ARM.Collect$$rtentry$$0000000D          0x080001b6   Section        8  __rtentry2.o(.ARM.Collect$$rtentry$$0000000D)
    .ARM.Collect$$rtexit$$00000000           0x080001be   Section        2  rtexit.o(.ARM.Collect$$rtexit$$00000000)
    .ARM.Collect$$rtexit$$00000002           0x080001c0   Section        0  rtexit2.o(.ARM.Collect$$rtexit$$00000002)
    .ARM.Collect$$rtexit$$00000003           0x080001c0   Section        4  rtexit2.o(.ARM.Collect$$rtexit$$00000003)
    .ARM.Collect$$rtexit$$00000004           0x080001c4   Section        6  rtexit2.o(.ARM.Collect$$rtexit$$00000004)
    .text                                    0x080001cc   Section       64  startup_stm32f10x_hd.o(.text)
    .text                                    0x0800020c   Section        0  heapauxi.o(.text)
    .text                                    0x08000212   Section       74  sys_stackheap_outer.o(.text)
    .text                                    0x0800025c   Section        0  exit.o(.text)
    .text                                    0x08000270   Section        8  libspace.o(.text)
    .text                                    0x08000278   Section        0  sys_exit.o(.text)
    .text                                    0x08000284   Section        2  use_no_semi.o(.text)
    .text                                    0x08000286   Section        0  indicate_semi.o(.text)
    i.BusFault_Handler                       0x08000286   Section        0  stm32f10x_it.o(i.BusFault_Handler)
    i.CAN1_Mode_Init                         0x0800028c   Section        0  can.o(i.CAN1_Mode_Init)
    i.CAN1_Send_Num                          0x0800040c   Section        0  can.o(i.CAN1_Send_Num)
    i.CAN1_Tx_Msg                            0x0800044c   Section        0  can.o(i.CAN1_Tx_Msg)
    i.CAN1_Tx_Staus                          0x08000558   Section        0  can.o(i.CAN1_Tx_Staus)
    i.CAN_FilterInit                         0x080005dc   Section        0  stm32f10x_can.o(i.CAN_FilterInit)
    i.Column_Address                         0x080006e4   Section        0  oled.o(i.Column_Address)
    i.DMA1_Channel2_IRQHandler               0x08000708   Section        0  dma.o(i.DMA1_Channel2_IRQHandler)
    i.DMA1_Channel3_IRQHandler               0x08000744   Section        0  dma.o(i.DMA1_Channel3_IRQHandler)
    i.DMA1_Channel4_IRQHandler               0x08000764   Section        0  dma.o(i.DMA1_Channel4_IRQHandler)
    i.DMA1_Channel5_IRQHandler               0x080007a0   Section        0  dma.o(i.DMA1_Channel5_IRQHandler)
    i.DMA1_Channel6_IRQHandler               0x080007d0   Section        0  dma.o(i.DMA1_Channel6_IRQHandler)
    i.DMA1_Channel7_IRQHandler               0x080007f0   Section        0  dma.o(i.DMA1_Channel7_IRQHandler)
    i.DMA_ClearFlag                          0x0800081c   Section        0  stm32f10x_dma.o(i.DMA_ClearFlag)
    i.DMA_ClearITPendingBit                  0x08000838   Section        0  stm32f10x_dma.o(i.DMA_ClearITPendingBit)
    i.DMA_Cmd                                0x08000854   Section        0  stm32f10x_dma.o(i.DMA_Cmd)
    i.DMA_GetITStatus                        0x0800086c   Section        0  stm32f10x_dma.o(i.DMA_GetITStatus)
    i.DMA_USART1_Rx_Config                   0x08000898   Section        0  dma.o(i.DMA_USART1_Rx_Config)
    i.DMA_USART1_Tx_Config                   0x0800093c   Section        0  dma.o(i.DMA_USART1_Tx_Config)
    i.DMA_USART2_Rx_Config                   0x080009c0   Section        0  dma.o(i.DMA_USART2_Rx_Config)
    i.DMA_USART2_Tx_Config                   0x08000a5c   Section        0  dma.o(i.DMA_USART2_Tx_Config)
    i.DMA_USART3_Rx_Config                   0x08000ae0   Section        0  dma.o(i.DMA_USART3_Rx_Config)
    i.DMA_USART3_Tx_Config                   0x08000b7c   Section        0  dma.o(i.DMA_USART3_Tx_Config)
    i.DebugMon_Handler                       0x08000c00   Section        0  stm32f10x_it.o(i.DebugMon_Handler)
    i.GPIO_Init                              0x08000c02   Section        0  stm32f10x_gpio.o(i.GPIO_Init)
    i.GPIO_PinRemapConfig                    0x08000d18   Section        0  stm32f10x_gpio.o(i.GPIO_PinRemapConfig)
    i.GPIO_SetBits                           0x08000da8   Section        0  stm32f10x_gpio.o(i.GPIO_SetBits)
    i.HardFault_Handler                      0x08000dac   Section        0  stm32f10x_it.o(i.HardFault_Handler)
    i.IWDG_Feed                              0x08000db0   Section        0  sys.o(i.IWDG_Feed)
    i.IWDG_Init                              0x08000dc0   Section        0  sys.o(i.IWDG_Init)
    i.KEY_Init                               0x08000de0   Section        0  led.o(i.KEY_Init)
    i.LED_Init                               0x08000e84   Section        0  led.o(i.LED_Init)
    i.MemManage_Handler                      0x08000f24   Section        0  stm32f10x_it.o(i.MemManage_Handler)
    i.NMI_Handler                            0x08000f28   Section        0  stm32f10x_it.o(i.NMI_Handler)
    i.NVIC_Configuration                     0x08000f2a   Section        0  sys.o(i.NVIC_Configuration)
    i.NVIC_Init                              0x08000f38   Section        0  misc.o(i.NVIC_Init)
    i.NVIC_PriorityGroupConfig               0x08000fa8   Section        0  misc.o(i.NVIC_PriorityGroupConfig)
    i.OLED_Fill                              0x08000fbc   Section        0  oled.o(i.OLED_Fill)
    i.OLED_Init                              0x0800102c   Section        0  oled.o(i.OLED_Init)
    i.OLED_ShowChar                          0x080010f8   Section        0  oled.o(i.OLED_ShowChar)
    i.OLED_ShowString                        0x0800128c   Section        0  oled.o(i.OLED_ShowString)
    i.OLED_WR_Bus                            0x080012c8   Section        0  oled.o(i.OLED_WR_Bus)
    i.OLED_WR_Byte                           0x08001370   Section        0  oled.o(i.OLED_WR_Byte)
    i.OLED_WR_REG                            0x0800137c   Section        0  oled.o(i.OLED_WR_REG)
    i.OLEDtinct                              0x080013f8   Section        0  fun.o(i.OLEDtinct)
    i.PendSV_Handler                         0x08001416   Section        0  stm32f10x_it.o(i.PendSV_Handler)
    i.RCC_AHBPeriphClockCmd                  0x08001418   Section        0  stm32f10x_rcc.o(i.RCC_AHBPeriphClockCmd)
    i.RCC_APB1PeriphClockCmd                 0x08001438   Section        0  stm32f10x_rcc.o(i.RCC_APB1PeriphClockCmd)
    i.RCC_APB2PeriphClockCmd                 0x08001458   Section        0  stm32f10x_rcc.o(i.RCC_APB2PeriphClockCmd)
    i.Row_Address                            0x08001478   Section        0  oled.o(i.Row_Address)
    i.Rx_summ                                0x08001498   Section        0  fun.o(i.Rx_summ)
    i.SPI1_IRQHandler                        0x080014c4   Section        0  spi.o(i.SPI1_IRQHandler)
    i.SPI2_Init                              0x08001548   Section        0  spi.o(i.SPI2_Init)
    i.SPI2_ReadWriteByte                     0x080015d4   Section        0  spi.o(i.SPI2_ReadWriteByte)
    i.SPI2_WriteByte                         0x0800160c   Section        0  spi.o(i.SPI2_WriteByte)
    i.SPI_Cmd                                0x0800165c   Section        0  stm32f10x_spi.o(i.SPI_Cmd)
    i.SPI_I2S_GetFlagStatus                  0x08001674   Section        0  stm32f10x_spi.o(i.SPI_I2S_GetFlagStatus)
    i.SPI_I2S_ReceiveData                    0x08001686   Section        0  stm32f10x_spi.o(i.SPI_I2S_ReceiveData)
    i.SPI_I2S_SendData                       0x0800168c   Section        0  stm32f10x_spi.o(i.SPI_I2S_SendData)
    i.SPI_Init                               0x08001690   Section        0  stm32f10x_spi.o(i.SPI_Init)
    i.SVC_Handler                            0x080016cc   Section        0  stm32f10x_it.o(i.SVC_Handler)
    i.SetSysClock                            0x080016ce   Section        0  system_stm32f10x.o(i.SetSysClock)
    SetSysClock                              0x080016cf   Thumb Code     8  system_stm32f10x.o(i.SetSysClock)
    i.SetSysClockTo72                        0x080016d8   Section        0  system_stm32f10x.o(i.SetSysClockTo72)
    SetSysClockTo72                          0x080016d9   Thumb Code   214  system_stm32f10x.o(i.SetSysClockTo72)
    i.SysTick_Handler                        0x080017b8   Section        0  stm32f10x_it.o(i.SysTick_Handler)
    i.SystemInit                             0x080017bc   Section        0  system_stm32f10x.o(i.SystemInit)
    i.TIM2_IRQHandler                        0x0800181c   Section        0  tim.o(i.TIM2_IRQHandler)
    i.TIM2_Int_Init                          0x08001832   Section        0  tim.o(i.TIM2_Int_Init)
    i.TIM3_IRQHandler                        0x0800188c   Section        0  tim.o(i.TIM3_IRQHandler)
    i.TIM3_Int_Init                          0x0800194c   Section        0  tim.o(i.TIM3_Int_Init)
    i.TIM_ClearITPendingBit                  0x080019ac   Section        0  stm32f10x_tim.o(i.TIM_ClearITPendingBit)
    i.TIM_Cmd                                0x080019b2   Section        0  stm32f10x_tim.o(i.TIM_Cmd)
    i.TIM_GetITStatus                        0x080019ca   Section        0  stm32f10x_tim.o(i.TIM_GetITStatus)
    i.TIM_ITConfig                           0x080019ec   Section        0  stm32f10x_tim.o(i.TIM_ITConfig)
    i.TIM_TimeBaseInit                       0x08001a00   Section        0  stm32f10x_tim.o(i.TIM_TimeBaseInit)
    i.USART1_IRQHandler                      0x08001aa4   Section        0  usart.o(i.USART1_IRQHandler)
    i.USART1_RD                              0x08001b9c   Section        0  fun.o(i.USART1_RD)
    i.USART2_IRQHandler                      0x08001c30   Section        0  usart.o(i.USART2_IRQHandler)
    i.USART2_RD                              0x08001d00   Section        0  fun.o(i.USART2_RD)
    i.USART3_IRQHandler                      0x08001d94   Section        0  usart.o(i.USART3_IRQHandler)
    i.USART_GetITStatus                      0x08001e64   Section        0  stm32f10x_usart.o(i.USART_GetITStatus)
    i.UsageFault_Handler                     0x08001eb8   Section        0  stm32f10x_it.o(i.UsageFault_Handler)
    i.WS2812B_Task                           0x08001ebc   Section        0  rgbw.o(i.WS2812B_Task)
    i.WS2812b_Set                            0x08001f0c   Section        0  rgbw.o(i.WS2812b_Set)
    i.address_selection                      0x0800200c   Section        0  fun.o(i.address_selection)
    i.clear                                  0x080021a4   Section        0  oled.o(i.clear)
    i.crc16                                  0x080021e8   Section        0  fun.o(i.crc16)
    i.delay_ms                               0x08002220   Section        0  delay.o(i.delay_ms)
    i.fun                                    0x08002240   Section        0  fun.o(i.fun)
    i.initialize                             0x08002498   Section        0  oled.o(i.initialize)
    i.key                                    0x080025fc   Section        0  fun.o(i.key)
    i.main                                   0x08002e78   Section        0  main.o(i.main)
    i.oleddata                               0x08002fc0   Section        0  fun.o(i.oleddata)
    i.sumc                                   0x0800309a   Section        0  fun.o(i.sumc)
    i.uart1_init                             0x080030b8   Section        0  usart.o(i.uart1_init)
    i.uart2_init                             0x080031bc   Section        0  usart.o(i.uart2_init)
    i.uart3_init                             0x080032d8   Section        0  usart.o(i.uart3_init)
    x$fpl$fadd                               0x080033f4   Section      196  faddsub_clz.o(x$fpl$fadd)
    _fadd1                                   0x08003403   Thumb Code     0  faddsub_clz.o(x$fpl$fadd)
    x$fpl$fdiv                               0x080034b8   Section      388  fdiv.o(x$fpl$fdiv)
    _fdiv1                                   0x080034b9   Thumb Code     0  fdiv.o(x$fpl$fdiv)
    x$fpl$ffixu                              0x0800363c   Section       62  ffixu.o(x$fpl$ffixu)
    x$fpl$ffltu                              0x0800367c   Section       38  fflt_clz.o(x$fpl$ffltu)
    x$fpl$fmul                               0x080036a4   Section      258  fmul.o(x$fpl$fmul)
    x$fpl$fnaninf                            0x080037a6   Section      140  fnaninf.o(x$fpl$fnaninf)
    x$fpl$fretinf                            0x08003832   Section       10  fretinf.o(x$fpl$fretinf)
    x$fpl$frsb                               0x0800383c   Section       20  faddsub_clz.o(x$fpl$frsb)
    x$fpl$fsub                               0x08003850   Section      234  faddsub_clz.o(x$fpl$fsub)
    _fsub1                                   0x0800385f   Thumb Code     0  faddsub_clz.o(x$fpl$fsub)
    .constdata                               0x0800393a   Section    20992  fun.o(.constdata)
    x$fpl$usenofp                            0x0800393a   Section        0  usenofp.o(x$fpl$usenofp)
    .constdata                               0x08008b3a   Section    12160  oled.o(.constdata)
    .data                                    0x20000000   Section        1  main.o(.data)
    .data                                    0x20000002   Section        6  dma.o(.data)
    .data                                    0x20000008   Section       22  tim.o(.data)
    .data                                    0x2000001e   Section       16  usart.o(.data)
    .data                                    0x2000002e   Section       48  fun.o(.data)
    .data                                    0x2000005e   Section        4  can.o(.data)
    .data                                    0x20000062   Section        1  oled.o(.data)
    .bss                                     0x20000064   Section      994  dma.o(.bss)
    .bss                                     0x20000446   Section     1308  fun.o(.bss)
    .bss                                     0x20000962   Section      792  rgbw.o(.bss)
    .bss                                     0x20000c7c   Section       96  libspace.o(.bss)
    HEAP                                     0x20000ce0   Section      512  startup_stm32f10x_hd.o(HEAP)
    Heap_Mem                                 0x20000ce0   Data         512  startup_stm32f10x_hd.o(HEAP)
    STACK                                    0x20000ee0   Section     1024  startup_stm32f10x_hd.o(STACK)
    Stack_Mem                                0x20000ee0   Data        1024  startup_stm32f10x_hd.o(STACK)
    __initial_sp                             0x200012e0   Data           0  startup_stm32f10x_hd.o(STACK)

    Global Symbols

    Symbol Name                              Value     Ov Type        Size  Object(Section)

    BuildAttributes$$THM_ISAv4$P$D$K$B$S$PE$A:L22UL41UL21$X:L11$S22US41US21$IEEE1$IW$USESV6$~STKCKD$USESV7$~SHL$OSPACE$ROPI$EBA8$UX$STANDARDLIB$REQ8$PRES8$EABIv2 0x00000000   Number         0  anon$$obj.o ABSOLUTE
    __ARM_use_no_argv                        0x00000000   Number         0  main.o ABSOLUTE
    __ARM_exceptions_init                     - Undefined Weak Reference
    __alloca_initialize                       - Undefined Weak Reference
    __arm_preinit_                            - Undefined Weak Reference
    __cpp_initialize__aeabi_                  - Undefined Weak Reference
    __cxa_finalize                            - Undefined Weak Reference
    __rt_locale                               - Undefined Weak Reference
    __sigvec_lookup                           - Undefined Weak Reference
    _atexit_init                              - Undefined Weak Reference
    _call_atexit_fns                          - Undefined Weak Reference
    _clock_init                               - Undefined Weak Reference
    _fp_trap_init                             - Undefined Weak Reference
    _fp_trap_shutdown                         - Undefined Weak Reference
    _get_lc_collate                           - Undefined Weak Reference
    _get_lc_ctype                             - Undefined Weak Reference
    _get_lc_monetary                          - Undefined Weak Reference
    _get_lc_numeric                           - Undefined Weak Reference
    _get_lc_time                              - Undefined Weak Reference
    _getenv_init                              - Undefined Weak Reference
    _handle_redirection                       - Undefined Weak Reference
    _init_alloc                               - Undefined Weak Reference
    _init_user_alloc                          - Undefined Weak Reference
    _initio                                   - Undefined Weak Reference
    _rand_init                                - Undefined Weak Reference
    _signal_finish                            - Undefined Weak Reference
    _signal_init                              - Undefined Weak Reference
    _terminate_alloc                          - Undefined Weak Reference
    _terminate_user_alloc                     - Undefined Weak Reference
    _terminateio                              - Undefined Weak Reference
    __Vectors_Size                           0x00000130   Number         0  startup_stm32f10x_hd.o ABSOLUTE
    __Vectors                                0x08000000   Data           4  startup_stm32f10x_hd.o(RESET)
    __Vectors_End                            0x08000130   Data           0  startup_stm32f10x_hd.o(RESET)
    __main                                   0x08000131   Thumb Code     8  __main.o(!!!main)
    __scatterload                            0x08000139   Thumb Code     0  __scatter.o(!!!scatter)
    __scatterload_rt2                        0x08000139   Thumb Code    44  __scatter.o(!!!scatter)
    __scatterload_rt2_thumb_only             0x08000139   Thumb Code     0  __scatter.o(!!!scatter)
    __scatterload_null                       0x08000147   Thumb Code     0  __scatter.o(!!!scatter)
    __scatterload_copy                       0x0800016d   Thumb Code    26  __scatter_copy.o(!!handler_copy)
    __scatterload_zeroinit                   0x08000189   Thumb Code    28  __scatter_zi.o(!!handler_zi)
    __rt_lib_init                            0x080001a5   Thumb Code     0  libinit.o(.ARM.Collect$$libinit$$00000000)
    __rt_lib_init_alloca_1                   0x080001a7   Thumb Code     0  libinit2.o(.ARM.Collect$$libinit$$0000002E)
    __rt_lib_init_argv_1                     0x080001a7   Thumb Code     0  libinit2.o(.ARM.Collect$$libinit$$0000002C)
    __rt_lib_init_atexit_1                   0x080001a7   Thumb Code     0  libinit2.o(.ARM.Collect$$libinit$$0000001B)
    __rt_lib_init_clock_1                    0x080001a7   Thumb Code     0  libinit2.o(.ARM.Collect$$libinit$$00000021)
    __rt_lib_init_cpp_1                      0x080001a7   Thumb Code     0  libinit2.o(.ARM.Collect$$libinit$$00000032)
    __rt_lib_init_exceptions_1               0x080001a7   Thumb Code     0  libinit2.o(.ARM.Collect$$libinit$$00000030)
    __rt_lib_init_fp_1                       0x080001a7   Thumb Code     0  libinit2.o(.ARM.Collect$$libinit$$00000002)
    __rt_lib_init_fp_trap_1                  0x080001a7   Thumb Code     0  libinit2.o(.ARM.Collect$$libinit$$0000001F)
    __rt_lib_init_getenv_1                   0x080001a7   Thumb Code     0  libinit2.o(.ARM.Collect$$libinit$$00000023)
    __rt_lib_init_heap_1                     0x080001a7   Thumb Code     0  libinit2.o(.ARM.Collect$$libinit$$0000000A)
    __rt_lib_init_lc_collate_1               0x080001a7   Thumb Code     0  libinit2.o(.ARM.Collect$$libinit$$00000011)
    __rt_lib_init_lc_ctype_1                 0x080001a7   Thumb Code     0  libinit2.o(.ARM.Collect$$libinit$$00000013)
    __rt_lib_init_lc_monetary_1              0x080001a7   Thumb Code     0  libinit2.o(.ARM.Collect$$libinit$$00000015)
    __rt_lib_init_lc_numeric_1               0x080001a7   Thumb Code     0  libinit2.o(.ARM.Collect$$libinit$$00000017)
    __rt_lib_init_lc_time_1                  0x080001a7   Thumb Code     0  libinit2.o(.ARM.Collect$$libinit$$00000019)
    __rt_lib_init_preinit_1                  0x080001a7   Thumb Code     0  libinit2.o(.ARM.Collect$$libinit$$00000004)
    __rt_lib_init_rand_1                     0x080001a7   Thumb Code     0  libinit2.o(.ARM.Collect$$libinit$$0000000E)
    __rt_lib_init_return                     0x080001a7   Thumb Code     0  libinit2.o(.ARM.Collect$$libinit$$00000033)
    __rt_lib_init_signal_1                   0x080001a7   Thumb Code     0  libinit2.o(.ARM.Collect$$libinit$$0000001D)
    __rt_lib_init_stdio_1                    0x080001a7   Thumb Code     0  libinit2.o(.ARM.Collect$$libinit$$00000025)
    __rt_lib_init_user_alloc_1               0x080001a7   Thumb Code     0  libinit2.o(.ARM.Collect$$libinit$$0000000C)
    __rt_lib_shutdown                        0x080001a9   Thumb Code     0  libshutdown.o(.ARM.Collect$$libshutdown$$00000000)
    __rt_lib_shutdown_cpp_1                  0x080001ab   Thumb Code     0  libshutdown2.o(.ARM.Collect$$libshutdown$$00000002)
    __rt_lib_shutdown_fp_trap_1              0x080001ab   Thumb Code     0  libshutdown2.o(.ARM.Collect$$libshutdown$$00000007)
    __rt_lib_shutdown_heap_1                 0x080001ab   Thumb Code     0  libshutdown2.o(.ARM.Collect$$libshutdown$$0000000F)
    __rt_lib_shutdown_return                 0x080001ab   Thumb Code     0  libshutdown2.o(.ARM.Collect$$libshutdown$$00000010)
    __rt_lib_shutdown_signal_1               0x080001ab   Thumb Code     0  libshutdown2.o(.ARM.Collect$$libshutdown$$0000000A)
    __rt_lib_shutdown_stdio_1                0x080001ab   Thumb Code     0  libshutdown2.o(.ARM.Collect$$libshutdown$$00000004)
    __rt_lib_shutdown_user_alloc_1           0x080001ab   Thumb Code     0  libshutdown2.o(.ARM.Collect$$libshutdown$$0000000C)
    __rt_entry                               0x080001ad   Thumb Code     0  __rtentry.o(.ARM.Collect$$rtentry$$00000000)
    __rt_entry_presh_1                       0x080001ad   Thumb Code     0  __rtentry2.o(.ARM.Collect$$rtentry$$00000002)
    __rt_entry_sh                            0x080001ad   Thumb Code     0  __rtentry4.o(.ARM.Collect$$rtentry$$00000004)
    __rt_entry_li                            0x080001b3   Thumb Code     0  __rtentry2.o(.ARM.Collect$$rtentry$$0000000A)
    __rt_entry_postsh_1                      0x080001b3   Thumb Code     0  __rtentry2.o(.ARM.Collect$$rtentry$$00000009)
    __rt_entry_main                          0x080001b7   Thumb Code     0  __rtentry2.o(.ARM.Collect$$rtentry$$0000000D)
    __rt_entry_postli_1                      0x080001b7   Thumb Code     0  __rtentry2.o(.ARM.Collect$$rtentry$$0000000C)
    __rt_exit                                0x080001bf   Thumb Code     0  rtexit.o(.ARM.Collect$$rtexit$$00000000)
    __rt_exit_ls                             0x080001c1   Thumb Code     0  rtexit2.o(.ARM.Collect$$rtexit$$00000003)
    __rt_exit_prels_1                        0x080001c1   Thumb Code     0  rtexit2.o(.ARM.Collect$$rtexit$$00000002)
    __rt_exit_exit                           0x080001c5   Thumb Code     0  rtexit2.o(.ARM.Collect$$rtexit$$00000004)
    Reset_Handler                            0x080001cd   Thumb Code     8  startup_stm32f10x_hd.o(.text)
    ADC1_2_IRQHandler                        0x080001e7   Thumb Code     0  startup_stm32f10x_hd.o(.text)
    ADC3_IRQHandler                          0x080001e7   Thumb Code     0  startup_stm32f10x_hd.o(.text)
    CAN1_RX1_IRQHandler                      0x080001e7   Thumb Code     0  startup_stm32f10x_hd.o(.text)
    CAN1_SCE_IRQHandler                      0x080001e7   Thumb Code     0  startup_stm32f10x_hd.o(.text)
    DMA1_Channel1_IRQHandler                 0x080001e7   Thumb Code     0  startup_stm32f10x_hd.o(.text)
    DMA2_Channel1_IRQHandler                 0x080001e7   Thumb Code     0  startup_stm32f10x_hd.o(.text)
    DMA2_Channel2_IRQHandler                 0x080001e7   Thumb Code     0  startup_stm32f10x_hd.o(.text)
    DMA2_Channel3_IRQHandler                 0x080001e7   Thumb Code     0  startup_stm32f10x_hd.o(.text)
    DMA2_Channel4_5_IRQHandler               0x080001e7   Thumb Code     0  startup_stm32f10x_hd.o(.text)
    EXTI0_IRQHandler                         0x080001e7   Thumb Code     0  startup_stm32f10x_hd.o(.text)
    EXTI15_10_IRQHandler                     0x080001e7   Thumb Code     0  startup_stm32f10x_hd.o(.text)
    EXTI1_IRQHandler                         0x080001e7   Thumb Code     0  startup_stm32f10x_hd.o(.text)
    EXTI2_IRQHandler                         0x080001e7   Thumb Code     0  startup_stm32f10x_hd.o(.text)
    EXTI3_IRQHandler                         0x080001e7   Thumb Code     0  startup_stm32f10x_hd.o(.text)
    EXTI4_IRQHandler                         0x080001e7   Thumb Code     0  startup_stm32f10x_hd.o(.text)
    EXTI9_5_IRQHandler                       0x080001e7   Thumb Code     0  startup_stm32f10x_hd.o(.text)
    FLASH_IRQHandler                         0x080001e7   Thumb Code     0  startup_stm32f10x_hd.o(.text)
    FSMC_IRQHandler                          0x080001e7   Thumb Code     0  startup_stm32f10x_hd.o(.text)
    I2C1_ER_IRQHandler                       0x080001e7   Thumb Code     0  startup_stm32f10x_hd.o(.text)
    I2C1_EV_IRQHandler                       0x080001e7   Thumb Code     0  startup_stm32f10x_hd.o(.text)
    I2C2_ER_IRQHandler                       0x080001e7   Thumb Code     0  startup_stm32f10x_hd.o(.text)
    I2C2_EV_IRQHandler                       0x080001e7   Thumb Code     0  startup_stm32f10x_hd.o(.text)
    PVD_IRQHandler                           0x080001e7   Thumb Code     0  startup_stm32f10x_hd.o(.text)
    RCC_IRQHandler                           0x080001e7   Thumb Code     0  startup_stm32f10x_hd.o(.text)
    RTCAlarm_IRQHandler                      0x080001e7   Thumb Code     0  startup_stm32f10x_hd.o(.text)
    RTC_IRQHandler                           0x080001e7   Thumb Code     0  startup_stm32f10x_hd.o(.text)
    SDIO_IRQHandler                          0x080001e7   Thumb Code     0  startup_stm32f10x_hd.o(.text)
    SPI2_IRQHandler                          0x080001e7   Thumb Code     0  startup_stm32f10x_hd.o(.text)
    SPI3_IRQHandler                          0x080001e7   Thumb Code     0  startup_stm32f10x_hd.o(.text)
    TAMPER_IRQHandler                        0x080001e7   Thumb Code     0  startup_stm32f10x_hd.o(.text)
    TIM1_BRK_IRQHandler                      0x080001e7   Thumb Code     0  startup_stm32f10x_hd.o(.text)
    TIM1_CC_IRQHandler                       0x080001e7   Thumb Code     0  startup_stm32f10x_hd.o(.text)
    TIM1_TRG_COM_IRQHandler                  0x080001e7   Thumb Code     0  startup_stm32f10x_hd.o(.text)
    TIM1_UP_IRQHandler                       0x080001e7   Thumb Code     0  startup_stm32f10x_hd.o(.text)
    TIM4_IRQHandler                          0x080001e7   Thumb Code     0  startup_stm32f10x_hd.o(.text)
    TIM5_IRQHandler                          0x080001e7   Thumb Code     0  startup_stm32f10x_hd.o(.text)
    TIM6_IRQHandler                          0x080001e7   Thumb Code     0  startup_stm32f10x_hd.o(.text)
    TIM7_IRQHandler                          0x080001e7   Thumb Code     0  startup_stm32f10x_hd.o(.text)
    TIM8_BRK_IRQHandler                      0x080001e7   Thumb Code     0  startup_stm32f10x_hd.o(.text)
    TIM8_CC_IRQHandler                       0x080001e7   Thumb Code     0  startup_stm32f10x_hd.o(.text)
    TIM8_TRG_COM_IRQHandler                  0x080001e7   Thumb Code     0  startup_stm32f10x_hd.o(.text)
    TIM8_UP_IRQHandler                       0x080001e7   Thumb Code     0  startup_stm32f10x_hd.o(.text)
    UART4_IRQHandler                         0x080001e7   Thumb Code     0  startup_stm32f10x_hd.o(.text)
    UART5_IRQHandler                         0x080001e7   Thumb Code     0  startup_stm32f10x_hd.o(.text)
    USBWakeUp_IRQHandler                     0x080001e7   Thumb Code     0  startup_stm32f10x_hd.o(.text)
    USB_HP_CAN1_TX_IRQHandler                0x080001e7   Thumb Code     0  startup_stm32f10x_hd.o(.text)
    USB_LP_CAN1_RX0_IRQHandler               0x080001e7   Thumb Code     0  startup_stm32f10x_hd.o(.text)
    WWDG_IRQHandler                          0x080001e7   Thumb Code     0  startup_stm32f10x_hd.o(.text)
    __user_initial_stackheap                 0x080001e9   Thumb Code     0  startup_stm32f10x_hd.o(.text)
    __use_two_region_memory                  0x0800020d   Thumb Code     2  heapauxi.o(.text)
    __rt_heap_escrow$2region                 0x0800020f   Thumb Code     2  heapauxi.o(.text)
    __rt_heap_expand$2region                 0x08000211   Thumb Code     2  heapauxi.o(.text)
    __user_setup_stackheap                   0x08000213   Thumb Code    74  sys_stackheap_outer.o(.text)
    exit                                     0x0800025d   Thumb Code    18  exit.o(.text)
    __user_libspace                          0x08000271   Thumb Code     8  libspace.o(.text)
    __user_perproc_libspace                  0x08000271   Thumb Code     0  libspace.o(.text)
    __user_perthread_libspace                0x08000271   Thumb Code     0  libspace.o(.text)
    _sys_exit                                0x08000279   Thumb Code     8  sys_exit.o(.text)
    __I$use$semihosting                      0x08000285   Thumb Code     0  use_no_semi.o(.text)
    __use_no_semihosting_swi                 0x08000285   Thumb Code     2  use_no_semi.o(.text)
    BusFault_Handler                         0x08000287   Thumb Code     4  stm32f10x_it.o(i.BusFault_Handler)
    __semihosting_library_function           0x08000287   Thumb Code     0  indicate_semi.o(.text)
    CAN1_Mode_Init                           0x0800028d   Thumb Code   376  can.o(i.CAN1_Mode_Init)
    CAN1_Send_Num                            0x0800040d   Thumb Code    64  can.o(i.CAN1_Send_Num)
    CAN1_Tx_Msg                              0x0800044d   Thumb Code   260  can.o(i.CAN1_Tx_Msg)
    CAN1_Tx_Staus                            0x08000559   Thumb Code   126  can.o(i.CAN1_Tx_Staus)
    CAN_FilterInit                           0x080005dd   Thumb Code   258  stm32f10x_can.o(i.CAN_FilterInit)
    Column_Address                           0x080006e5   Thumb Code    34  oled.o(i.Column_Address)
    DMA1_Channel2_IRQHandler                 0x08000709   Thumb Code    46  dma.o(i.DMA1_Channel2_IRQHandler)
    DMA1_Channel3_IRQHandler                 0x08000745   Thumb Code    30  dma.o(i.DMA1_Channel3_IRQHandler)
    DMA1_Channel4_IRQHandler                 0x08000765   Thumb Code    46  dma.o(i.DMA1_Channel4_IRQHandler)
    DMA1_Channel5_IRQHandler                 0x080007a1   Thumb Code    44  dma.o(i.DMA1_Channel5_IRQHandler)
    DMA1_Channel6_IRQHandler                 0x080007d1   Thumb Code    26  dma.o(i.DMA1_Channel6_IRQHandler)
    DMA1_Channel7_IRQHandler                 0x080007f1   Thumb Code    36  dma.o(i.DMA1_Channel7_IRQHandler)
    DMA_ClearFlag                            0x0800081d   Thumb Code    18  stm32f10x_dma.o(i.DMA_ClearFlag)
    DMA_ClearITPendingBit                    0x08000839   Thumb Code    18  stm32f10x_dma.o(i.DMA_ClearITPendingBit)
    DMA_Cmd                                  0x08000855   Thumb Code    24  stm32f10x_dma.o(i.DMA_Cmd)
    DMA_GetITStatus                          0x0800086d   Thumb Code    36  stm32f10x_dma.o(i.DMA_GetITStatus)
    DMA_USART1_Rx_Config                     0x08000899   Thumb Code   150  dma.o(i.DMA_USART1_Rx_Config)
    DMA_USART1_Tx_Config                     0x0800093d   Thumb Code   122  dma.o(i.DMA_USART1_Tx_Config)
    DMA_USART2_Rx_Config                     0x080009c1   Thumb Code   142  dma.o(i.DMA_USART2_Rx_Config)
    DMA_USART2_Tx_Config                     0x08000a5d   Thumb Code   122  dma.o(i.DMA_USART2_Tx_Config)
    DMA_USART3_Rx_Config                     0x08000ae1   Thumb Code   142  dma.o(i.DMA_USART3_Rx_Config)
    DMA_USART3_Tx_Config                     0x08000b7d   Thumb Code   122  dma.o(i.DMA_USART3_Tx_Config)
    DebugMon_Handler                         0x08000c01   Thumb Code     2  stm32f10x_it.o(i.DebugMon_Handler)
    GPIO_Init                                0x08000c03   Thumb Code   278  stm32f10x_gpio.o(i.GPIO_Init)
    GPIO_PinRemapConfig                      0x08000d19   Thumb Code   138  stm32f10x_gpio.o(i.GPIO_PinRemapConfig)
    GPIO_SetBits                             0x08000da9   Thumb Code     4  stm32f10x_gpio.o(i.GPIO_SetBits)
    HardFault_Handler                        0x08000dad   Thumb Code     4  stm32f10x_it.o(i.HardFault_Handler)
    IWDG_Feed                                0x08000db1   Thumb Code    10  sys.o(i.IWDG_Feed)
    IWDG_Init                                0x08000dc1   Thumb Code    28  sys.o(i.IWDG_Init)
    KEY_Init                                 0x08000de1   Thumb Code   142  led.o(i.KEY_Init)
    LED_Init                                 0x08000e85   Thumb Code   142  led.o(i.LED_Init)
    MemManage_Handler                        0x08000f25   Thumb Code     4  stm32f10x_it.o(i.MemManage_Handler)
    NMI_Handler                              0x08000f29   Thumb Code     2  stm32f10x_it.o(i.NMI_Handler)
    NVIC_Configuration                       0x08000f2b   Thumb Code    12  sys.o(i.NVIC_Configuration)
    NVIC_Init                                0x08000f39   Thumb Code   100  misc.o(i.NVIC_Init)
    NVIC_PriorityGroupConfig                 0x08000fa9   Thumb Code    10  misc.o(i.NVIC_PriorityGroupConfig)
    OLED_Fill                                0x08000fbd   Thumb Code   112  oled.o(i.OLED_Fill)
    OLED_Init                                0x0800102d   Thumb Code   184  oled.o(i.OLED_Init)
    OLED_ShowChar                            0x080010f9   Thumb Code   390  oled.o(i.OLED_ShowChar)
    OLED_ShowString                          0x0800128d   Thumb Code    58  oled.o(i.OLED_ShowString)
    OLED_WR_Bus                              0x080012c9   Thumb Code   146  oled.o(i.OLED_WR_Bus)
    OLED_WR_Byte                             0x08001371   Thumb Code    12  oled.o(i.OLED_WR_Byte)
    OLED_WR_REG                              0x0800137d   Thumb Code   112  oled.o(i.OLED_WR_REG)
    OLEDtinct                                0x080013f9   Thumb Code    30  fun.o(i.OLEDtinct)
    PendSV_Handler                           0x08001417   Thumb Code     2  stm32f10x_it.o(i.PendSV_Handler)
    RCC_AHBPeriphClockCmd                    0x08001419   Thumb Code    26  stm32f10x_rcc.o(i.RCC_AHBPeriphClockCmd)
    RCC_APB1PeriphClockCmd                   0x08001439   Thumb Code    26  stm32f10x_rcc.o(i.RCC_APB1PeriphClockCmd)
    RCC_APB2PeriphClockCmd                   0x08001459   Thumb Code    26  stm32f10x_rcc.o(i.RCC_APB2PeriphClockCmd)
    Row_Address                              0x08001479   Thumb Code    32  oled.o(i.Row_Address)
    Rx_summ                                  0x08001499   Thumb Code    44  fun.o(i.Rx_summ)
    SPI1_IRQHandler                          0x080014c5   Thumb Code   106  spi.o(i.SPI1_IRQHandler)
    SPI2_Init                                0x08001549   Thumb Code   130  spi.o(i.SPI2_Init)
    SPI2_ReadWriteByte                       0x080015d5   Thumb Code    52  spi.o(i.SPI2_ReadWriteByte)
    SPI2_WriteByte                           0x0800160d   Thumb Code    76  spi.o(i.SPI2_WriteByte)
    SPI_Cmd                                  0x0800165d   Thumb Code    24  stm32f10x_spi.o(i.SPI_Cmd)
    SPI_I2S_GetFlagStatus                    0x08001675   Thumb Code    18  stm32f10x_spi.o(i.SPI_I2S_GetFlagStatus)
    SPI_I2S_ReceiveData                      0x08001687   Thumb Code     6  stm32f10x_spi.o(i.SPI_I2S_ReceiveData)
    SPI_I2S_SendData                         0x0800168d   Thumb Code     4  stm32f10x_spi.o(i.SPI_I2S_SendData)
    SPI_Init                                 0x08001691   Thumb Code    60  stm32f10x_spi.o(i.SPI_Init)
    SVC_Handler                              0x080016cd   Thumb Code     2  stm32f10x_it.o(i.SVC_Handler)
    SysTick_Handler                          0x080017b9   Thumb Code     2  stm32f10x_it.o(i.SysTick_Handler)
    SystemInit                               0x080017bd   Thumb Code    78  system_stm32f10x.o(i.SystemInit)
    TIM2_IRQHandler                          0x0800181d   Thumb Code    22  tim.o(i.TIM2_IRQHandler)
    TIM2_Int_Init                            0x08001833   Thumb Code    90  tim.o(i.TIM2_Int_Init)
    TIM3_IRQHandler                          0x0800188d   Thumb Code   144  tim.o(i.TIM3_IRQHandler)
    TIM3_Int_Init                            0x0800194d   Thumb Code    90  tim.o(i.TIM3_Int_Init)
    TIM_ClearITPendingBit                    0x080019ad   Thumb Code     6  stm32f10x_tim.o(i.TIM_ClearITPendingBit)
    TIM_Cmd                                  0x080019b3   Thumb Code    24  stm32f10x_tim.o(i.TIM_Cmd)
    TIM_GetITStatus                          0x080019cb   Thumb Code    34  stm32f10x_tim.o(i.TIM_GetITStatus)
    TIM_ITConfig                             0x080019ed   Thumb Code    18  stm32f10x_tim.o(i.TIM_ITConfig)
    TIM_TimeBaseInit                         0x08001a01   Thumb Code   122  stm32f10x_tim.o(i.TIM_TimeBaseInit)
    USART1_IRQHandler                        0x08001aa5   Thumb Code   230  usart.o(i.USART1_IRQHandler)
    USART1_RD                                0x08001b9d   Thumb Code   120  fun.o(i.USART1_RD)
    USART2_IRQHandler                        0x08001c31   Thumb Code   190  usart.o(i.USART2_IRQHandler)
    USART2_RD                                0x08001d01   Thumb Code   120  fun.o(i.USART2_RD)
    USART3_IRQHandler                        0x08001d95   Thumb Code   190  usart.o(i.USART3_IRQHandler)
    USART_GetITStatus                        0x08001e65   Thumb Code    84  stm32f10x_usart.o(i.USART_GetITStatus)
    UsageFault_Handler                       0x08001eb9   Thumb Code     4  stm32f10x_it.o(i.UsageFault_Handler)
    WS2812B_Task                             0x08001ebd   Thumb Code    70  rgbw.o(i.WS2812B_Task)
    WS2812b_Set                              0x08001f0d   Thumb Code   250  rgbw.o(i.WS2812b_Set)
    address_selection                        0x0800200d   Thumb Code   382  fun.o(i.address_selection)
    clear                                    0x080021a5   Thumb Code    66  oled.o(i.clear)
    crc16                                    0x080021e9   Thumb Code    46  fun.o(i.crc16)
    delay_ms                                 0x08002221   Thumb Code    32  delay.o(i.delay_ms)
    fun                                      0x08002241   Thumb Code   490  fun.o(i.fun)
    initialize                               0x08002499   Thumb Code   330  oled.o(i.initialize)
    key                                      0x080025fd   Thumb Code  2154  fun.o(i.key)
    main                                     0x08002e79   Thumb Code   280  main.o(i.main)
    oleddata                                 0x08002fc1   Thumb Code   218  fun.o(i.oleddata)
    sumc                                     0x0800309b   Thumb Code    30  fun.o(i.sumc)
    uart1_init                               0x080030b9   Thumb Code   244  usart.o(i.uart1_init)
    uart2_init                               0x080031bd   Thumb Code   262  usart.o(i.uart2_init)
    uart3_init                               0x080032d9   Thumb Code   262  usart.o(i.uart3_init)
    __aeabi_fadd                             0x080033f5   Thumb Code     0  faddsub_clz.o(x$fpl$fadd)
    _fadd                                    0x080033f5   Thumb Code   196  faddsub_clz.o(x$fpl$fadd)
    __aeabi_fdiv                             0x080034b9   Thumb Code     0  fdiv.o(x$fpl$fdiv)
    _fdiv                                    0x080034b9   Thumb Code   384  fdiv.o(x$fpl$fdiv)
    __aeabi_f2uiz                            0x0800363d   Thumb Code     0  ffixu.o(x$fpl$ffixu)
    _ffixu                                   0x0800363d   Thumb Code    62  ffixu.o(x$fpl$ffixu)
    __aeabi_ui2f                             0x0800367d   Thumb Code     0  fflt_clz.o(x$fpl$ffltu)
    _ffltu                                   0x0800367d   Thumb Code    38  fflt_clz.o(x$fpl$ffltu)
    __aeabi_fmul                             0x080036a5   Thumb Code     0  fmul.o(x$fpl$fmul)
    _fmul                                    0x080036a5   Thumb Code   258  fmul.o(x$fpl$fmul)
    __fpl_fnaninf                            0x080037a7   Thumb Code   140  fnaninf.o(x$fpl$fnaninf)
    __fpl_fretinf                            0x08003833   Thumb Code    10  fretinf.o(x$fpl$fretinf)
    __aeabi_frsub                            0x0800383d   Thumb Code     0  faddsub_clz.o(x$fpl$frsb)
    _frsb                                    0x0800383d   Thumb Code    20  faddsub_clz.o(x$fpl$frsb)
    __aeabi_fsub                             0x08003851   Thumb Code     0  faddsub_clz.o(x$fpl$fsub)
    _fsub                                    0x08003851   Thumb Code   234  faddsub_clz.o(x$fpl$fsub)
    __I$use$fp                               0x0800393a   Number         0  usenofp.o(x$fpl$usenofp)
    gImage_1                                 0x0800393a   Data       16384  fun.o(.constdata)
    gImage_2                                 0x0800793a   Data        4096  fun.o(.constdata)
    auchCRCHi                                0x0800893a   Data         256  fun.o(.constdata)
    auchCRCLo                                0x08008a3a   Data         256  fun.o(.constdata)
    ascii_1608                               0x08008b3a   Data        1520  oled.o(.constdata)
    ascii_2412                               0x0800912a   Data        4560  oled.o(.constdata)
    ascii_3216                               0x0800a2fa   Data        6080  oled.o(.constdata)
    Region$$Table$$Base                      0x0800babc   Number         0  anon$$obj.o(Region$$Table)
    Region$$Table$$Limit                     0x0800badc   Number         0  anon$$obj.o(Region$$Table)
    dat                                      0x20000000   Data           1  main.o(.data)
    DMA1_MEM_LEN                             0x20000002   Data           2  dma.o(.data)
    DMA1_MEM_LEN2                            0x20000004   Data           2  dma.o(.data)
    temp2                                    0x20000006   Data           2  dma.o(.data)
    dma_tim                                  0x20000008   Data           2  tim.o(.data)
    mm                                       0x2000000a   Data           2  tim.o(.data)
    usart1time1                              0x2000000c   Data           2  tim.o(.data)
    usart2time1                              0x2000000e   Data           2  tim.o(.data)
    usart3time1                              0x20000010   Data           2  tim.o(.data)
    usart1time2                              0x20000012   Data           2  tim.o(.data)
    usart2time2                              0x20000014   Data           2  tim.o(.data)
    usart3time2                              0x20000016   Data           2  tim.o(.data)
    rgbwtim                                  0x20000018   Data           2  tim.o(.data)
    cantim                                   0x2000001a   Data           2  tim.o(.data)
    rgbwytim                                 0x2000001c   Data           2  tim.o(.data)
    USART1_RxLen                             0x2000001e   Data           2  usart.o(.data)
    USART2_RxLen                             0x20000020   Data           2  usart.o(.data)
    USART1_RxOV                              0x20000022   Data           1  usart.o(.data)
    USART1_TxOV                              0x20000023   Data           1  usart.o(.data)
    USART2_RxOV                              0x20000024   Data           1  usart.o(.data)
    USART2_TxOV                              0x20000025   Data           1  usart.o(.data)
    USART3_RxOV                              0x20000026   Data           1  usart.o(.data)
    USART3_TxOV                              0x20000027   Data           1  usart.o(.data)
    Uart1_tempreset                          0x20000028   Data           2  usart.o(.data)
    Uart2_tempreset                          0x2000002a   Data           2  usart.o(.data)
    Uart3_tempreset                          0x2000002c   Data           2  usart.o(.data)
    SPIRXcnt                                 0x2000002e   Data           2  fun.o(.data)
    SPITXcnt                                 0x20000030   Data           2  fun.o(.data)
    SPIon                                    0x20000032   Data           1  fun.o(.data)
    candata                                  0x20000033   Data           8  fun.o(.data)
    USART1summRXold                          0x2000003b   Data           1  fun.o(.data)
    USART1summRXniu                          0x2000003c   Data           1  fun.o(.data)
    USART2summRXold                          0x2000003d   Data           1  fun.o(.data)
    USART2summRXniu                          0x2000003e   Data           1  fun.o(.data)
    oledon                                   0x2000003f   Data           1  fun.o(.data)
    oledonDelay                              0x20000040   Data           1  fun.o(.data)
    OLEDorderonly                            0x20000041   Data           1  fun.o(.data)
    OLEDmultiple                             0x20000042   Data           2  fun.o(.data)
    RGBWDelay                                0x20000044   Data           1  fun.o(.data)
    RGBWmultiple                             0x20000045   Data           1  fun.o(.data)
    RGBWon                                   0x20000046   Data           1  fun.o(.data)
    ktim                                     0x20000047   Data           4  fun.o(.data)
    KeyBYTE                                  0x2000004b   Data           8  fun.o(.data)
    canno                                    0x20000054   Data           2  fun.o(.data)
    CANaddr                                  0x20000056   Data           2  fun.o(.data)
    CANkey                                   0x20000058   Data           1  fun.o(.data)
    CAN1_SendC                               0x20000059   Data           1  fun.o(.data)
    CAN1_keycount                            0x2000005a   Data           1  fun.o(.data)
    temp1                                    0x2000005c   Data           2  fun.o(.data)
    cantxerr                                 0x2000005e   Data           1  can.o(.data)
    BOF_F                                    0x2000005f   Data           1  can.o(.data)
    EPV_F                                    0x20000060   Data           1  can.o(.data)
    EWG_F                                    0x20000061   Data           1  can.o(.data)
    CSse                                     0x20000062   Data           1  oled.o(.data)
    ucByteBufRX1                             0x20000064   Data         750  dma.o(.bss)
    ucByteBufTX1                             0x20000352   Data          30  dma.o(.bss)
    ucByteBufRX2                             0x20000370   Data         180  dma.o(.bss)
    ucByteBufTX2                             0x20000424   Data          10  dma.o(.bss)
    ucByteBufRX3                             0x2000042e   Data          12  dma.o(.bss)
    ucByteBufTX3                             0x2000043a   Data          12  dma.o(.bss)
    Tx1Buf                                   0x20000446   Data          30  fun.o(.bss)
    Rx1Buf                                   0x20000464   Data         750  fun.o(.bss)
    Tx2Buf                                   0x20000752   Data          10  fun.o(.bss)
    Rx2Buf                                   0x2000075c   Data         180  fun.o(.bss)
    Tx3Buf                                   0x20000810   Data          12  fun.o(.bss)
    Rx3Buf                                   0x2000081c   Data          12  fun.o(.bss)
    Spi1TxBuf                                0x20000828   Data          10  fun.o(.bss)
    Spi1RxBuf                                0x20000832   Data          10  fun.o(.bss)
    Spi1tempRxBuf                            0x2000083c   Data          10  fun.o(.bss)
    Spi3TxBuf                                0x20000846   Data          10  fun.o(.bss)
    Spi3RxBuf                                0x20000850   Data          10  fun.o(.bss)
    oled1                                    0x2000085a   Data          40  fun.o(.bss)
    oled2                                    0x20000882   Data          40  fun.o(.bss)
    oled3                                    0x200008aa   Data          40  fun.o(.bss)
    oled4                                    0x200008d2   Data          40  fun.o(.bss)
    oled5                                    0x200008fa   Data          40  fun.o(.bss)
    oled6                                    0x20000922   Data          40  fun.o(.bss)
    keytim                                   0x2000094a   Data          24  fun.o(.bss)
    gWs2812bDat_SPI                          0x20000962   Data         768  rgbw.o(.bss)
    rgbw2814                                 0x20000c62   Data          24  rgbw.o(.bss)
    __libspace_start                         0x20000c7c   Data          96  libspace.o(.bss)
    __temporary_stack_top$libspace           0x20000cdc   Data           0  libspace.o(.bss)



==============================================================================

Memory Map of the image

  Image Entry point : 0x08000131

  Load Region LR_IROM1 (Base: 0x08000000, Size: 0x0000bb40, Max: 0x00040000, ABSOLUTE)

    Execution Region ER_IROM1 (Exec base: 0x08000000, Load base: 0x08000000, Size: 0x0000badc, Max: 0x00040000, ABSOLUTE)

    Exec Addr    Load Addr    Size         Type   Attr      Idx    E Section Name        Object

    0x08000000   0x08000000   0x00000130   Data   RO          897    RESET               startup_stm32f10x_hd.o
    0x08000130   0x08000130   0x00000008   Code   RO         2475  * !!!main             c_w.l(__main.o)
    0x08000138   0x08000138   0x00000034   Code   RO         2681    !!!scatter          c_w.l(__scatter.o)
    0x0800016c   0x0800016c   0x0000001a   Code   RO         2683    !!handler_copy      c_w.l(__scatter_copy.o)
    0x08000186   0x08000186   0x00000002   PAD
    0x08000188   0x08000188   0x0000001c   Code   RO         2685    !!handler_zi        c_w.l(__scatter_zi.o)
    0x080001a4   0x080001a4   0x00000002   Code   RO         2551    .ARM.Collect$$libinit$$00000000  c_w.l(libinit.o)
    0x080001a6   0x080001a6   0x00000000   Code   RO         2558    .ARM.Collect$$libinit$$00000002  c_w.l(libinit2.o)
    0x080001a6   0x080001a6   0x00000000   Code   RO         2560    .ARM.Collect$$libinit$$00000004  c_w.l(libinit2.o)
    0x080001a6   0x080001a6   0x00000000   Code   RO         2563    .ARM.Collect$$libinit$$0000000A  c_w.l(libinit2.o)
    0x080001a6   0x080001a6   0x00000000   Code   RO         2565    .ARM.Collect$$libinit$$0000000C  c_w.l(libinit2.o)
    0x080001a6   0x080001a6   0x00000000   Code   RO         2567    .ARM.Collect$$libinit$$0000000E  c_w.l(libinit2.o)
    0x080001a6   0x080001a6   0x00000000   Code   RO         2570    .ARM.Collect$$libinit$$00000011  c_w.l(libinit2.o)
    0x080001a6   0x080001a6   0x00000000   Code   RO         2572    .ARM.Collect$$libinit$$00000013  c_w.l(libinit2.o)
    0x080001a6   0x080001a6   0x00000000   Code   RO         2574    .ARM.Collect$$libinit$$00000015  c_w.l(libinit2.o)
    0x080001a6   0x080001a6   0x00000000   Code   RO         2576    .ARM.Collect$$libinit$$00000017  c_w.l(libinit2.o)
    0x080001a6   0x080001a6   0x00000000   Code   RO         2578    .ARM.Collect$$libinit$$00000019  c_w.l(libinit2.o)
    0x080001a6   0x080001a6   0x00000000   Code   RO         2580    .ARM.Collect$$libinit$$0000001B  c_w.l(libinit2.o)
    0x080001a6   0x080001a6   0x00000000   Code   RO         2582    .ARM.Collect$$libinit$$0000001D  c_w.l(libinit2.o)
    0x080001a6   0x080001a6   0x00000000   Code   RO         2584    .ARM.Collect$$libinit$$0000001F  c_w.l(libinit2.o)
    0x080001a6   0x080001a6   0x00000000   Code   RO         2586    .ARM.Collect$$libinit$$00000021  c_w.l(libinit2.o)
    0x080001a6   0x080001a6   0x00000000   Code   RO         2588    .ARM.Collect$$libinit$$00000023  c_w.l(libinit2.o)
    0x080001a6   0x080001a6   0x00000000   Code   RO         2590    .ARM.Collect$$libinit$$00000025  c_w.l(libinit2.o)
    0x080001a6   0x080001a6   0x00000000   Code   RO         2594    .ARM.Collect$$libinit$$0000002C  c_w.l(libinit2.o)
    0x080001a6   0x080001a6   0x00000000   Code   RO         2596    .ARM.Collect$$libinit$$0000002E  c_w.l(libinit2.o)
    0x080001a6   0x080001a6   0x00000000   Code   RO         2598    .ARM.Collect$$libinit$$00000030  c_w.l(libinit2.o)
    0x080001a6   0x080001a6   0x00000000   Code   RO         2600    .ARM.Collect$$libinit$$00000032  c_w.l(libinit2.o)
    0x080001a6   0x080001a6   0x00000002   Code   RO         2601    .ARM.Collect$$libinit$$00000033  c_w.l(libinit2.o)
    0x080001a8   0x080001a8   0x00000002   Code   RO         2621    .ARM.Collect$$libshutdown$$00000000  c_w.l(libshutdown.o)
    0x080001aa   0x080001aa   0x00000000   Code   RO         2634    .ARM.Collect$$libshutdown$$00000002  c_w.l(libshutdown2.o)
    0x080001aa   0x080001aa   0x00000000   Code   RO         2636    .ARM.Collect$$libshutdown$$00000004  c_w.l(libshutdown2.o)
    0x080001aa   0x080001aa   0x00000000   Code   RO         2639    .ARM.Collect$$libshutdown$$00000007  c_w.l(libshutdown2.o)
    0x080001aa   0x080001aa   0x00000000   Code   RO         2642    .ARM.Collect$$libshutdown$$0000000A  c_w.l(libshutdown2.o)
    0x080001aa   0x080001aa   0x00000000   Code   RO         2644    .ARM.Collect$$libshutdown$$0000000C  c_w.l(libshutdown2.o)
    0x080001aa   0x080001aa   0x00000000   Code   RO         2647    .ARM.Collect$$libshutdown$$0000000F  c_w.l(libshutdown2.o)
    0x080001aa   0x080001aa   0x00000002   Code   RO         2648    .ARM.Collect$$libshutdown$$00000010  c_w.l(libshutdown2.o)
    0x080001ac   0x080001ac   0x00000000   Code   RO         2513    .ARM.Collect$$rtentry$$00000000  c_w.l(__rtentry.o)
    0x080001ac   0x080001ac   0x00000000   Code   RO         2526    .ARM.Collect$$rtentry$$00000002  c_w.l(__rtentry2.o)
    0x080001ac   0x080001ac   0x00000006   Code   RO         2538    .ARM.Collect$$rtentry$$00000004  c_w.l(__rtentry4.o)
    0x080001b2   0x080001b2   0x00000000   Code   RO         2528    .ARM.Collect$$rtentry$$00000009  c_w.l(__rtentry2.o)
    0x080001b2   0x080001b2   0x00000004   Code   RO         2529    .ARM.Collect$$rtentry$$0000000A  c_w.l(__rtentry2.o)
    0x080001b6   0x080001b6   0x00000000   Code   RO         2531    .ARM.Collect$$rtentry$$0000000C  c_w.l(__rtentry2.o)
    0x080001b6   0x080001b6   0x00000008   Code   RO         2532    .ARM.Collect$$rtentry$$0000000D  c_w.l(__rtentry2.o)
    0x080001be   0x080001be   0x00000002   Code   RO         2555    .ARM.Collect$$rtexit$$00000000  c_w.l(rtexit.o)
    0x080001c0   0x080001c0   0x00000000   Code   RO         2603    .ARM.Collect$$rtexit$$00000002  c_w.l(rtexit2.o)
    0x080001c0   0x080001c0   0x00000004   Code   RO         2604    .ARM.Collect$$rtexit$$00000003  c_w.l(rtexit2.o)
    0x080001c4   0x080001c4   0x00000006   Code   RO         2605    .ARM.Collect$$rtexit$$00000004  c_w.l(rtexit2.o)
    0x080001ca   0x080001ca   0x00000002   PAD
    0x080001cc   0x080001cc   0x00000040   Code   RO          898    .text               startup_stm32f10x_hd.o
    0x0800020c   0x0800020c   0x00000006   Code   RO         2473    .text               c_w.l(heapauxi.o)
    0x08000212   0x08000212   0x0000004a   Code   RO         2542    .text               c_w.l(sys_stackheap_outer.o)
    0x0800025c   0x0800025c   0x00000012   Code   RO         2544    .text               c_w.l(exit.o)
    0x0800026e   0x0800026e   0x00000002   PAD
    0x08000270   0x08000270   0x00000008   Code   RO         2552    .text               c_w.l(libspace.o)
    0x08000278   0x08000278   0x0000000c   Code   RO         2613    .text               c_w.l(sys_exit.o)
    0x08000284   0x08000284   0x00000002   Code   RO         2624    .text               c_w.l(use_no_semi.o)
    0x08000286   0x08000286   0x00000000   Code   RO         2626    .text               c_w.l(indicate_semi.o)
    0x08000286   0x08000286   0x00000004   Code   RO          105    i.BusFault_Handler  stm32f10x_it.o
    0x0800028a   0x0800028a   0x00000002   PAD
    0x0800028c   0x0800028c   0x00000180   Code   RO          668    i.CAN1_Mode_Init    can.o
    0x0800040c   0x0800040c   0x00000040   Code   RO          674    i.CAN1_Send_Num     can.o
    0x0800044c   0x0800044c   0x0000010c   Code   RO          675    i.CAN1_Tx_Msg       can.o
    0x08000558   0x08000558   0x00000084   Code   RO          676    i.CAN1_Tx_Staus     can.o
    0x080005dc   0x080005dc   0x00000108   Code   RO         2322    i.CAN_FilterInit    stm32f10x_can.o
    0x080006e4   0x080006e4   0x00000022   Code   RO          765    i.Column_Address    oled.o
    0x08000706   0x08000706   0x00000002   PAD
    0x08000708   0x08000708   0x0000003c   Code   RO          240    i.DMA1_Channel2_IRQHandler  dma.o
    0x08000744   0x08000744   0x0000001e   Code   RO          241    i.DMA1_Channel3_IRQHandler  dma.o
    0x08000762   0x08000762   0x00000002   PAD
    0x08000764   0x08000764   0x0000003c   Code   RO          242    i.DMA1_Channel4_IRQHandler  dma.o
    0x080007a0   0x080007a0   0x00000030   Code   RO          243    i.DMA1_Channel5_IRQHandler  dma.o
    0x080007d0   0x080007d0   0x00000020   Code   RO          244    i.DMA1_Channel6_IRQHandler  dma.o
    0x080007f0   0x080007f0   0x0000002c   Code   RO          245    i.DMA1_Channel7_IRQHandler  dma.o
    0x0800081c   0x0800081c   0x0000001c   Code   RO          938    i.DMA_ClearFlag     stm32f10x_dma.o
    0x08000838   0x08000838   0x0000001c   Code   RO          939    i.DMA_ClearITPendingBit  stm32f10x_dma.o
    0x08000854   0x08000854   0x00000018   Code   RO          940    i.DMA_Cmd           stm32f10x_dma.o
    0x0800086c   0x0800086c   0x0000002c   Code   RO          944    i.DMA_GetITStatus   stm32f10x_dma.o
    0x08000898   0x08000898   0x000000a4   Code   RO          248    i.DMA_USART1_Rx_Config  dma.o
    0x0800093c   0x0800093c   0x00000084   Code   RO          250    i.DMA_USART1_Tx_Config  dma.o
    0x080009c0   0x080009c0   0x0000009c   Code   RO          251    i.DMA_USART2_Rx_Config  dma.o
    0x08000a5c   0x08000a5c   0x00000084   Code   RO          253    i.DMA_USART2_Tx_Config  dma.o
    0x08000ae0   0x08000ae0   0x0000009c   Code   RO          254    i.DMA_USART3_Rx_Config  dma.o
    0x08000b7c   0x08000b7c   0x00000084   Code   RO          256    i.DMA_USART3_Tx_Config  dma.o
    0x08000c00   0x08000c00   0x00000002   Code   RO          106    i.DebugMon_Handler  stm32f10x_it.o
    0x08000c02   0x08000c02   0x00000116   Code   RO         1136    i.GPIO_Init         stm32f10x_gpio.o
    0x08000d18   0x08000d18   0x00000090   Code   RO         1138    i.GPIO_PinRemapConfig  stm32f10x_gpio.o
    0x08000da8   0x08000da8   0x00000004   Code   RO         1144    i.GPIO_SetBits      stm32f10x_gpio.o
    0x08000dac   0x08000dac   0x00000004   Code   RO          107    i.HardFault_Handler  stm32f10x_it.o
    0x08000db0   0x08000db0   0x00000010   Code   RO          408    i.IWDG_Feed         sys.o
    0x08000dc0   0x08000dc0   0x00000020   Code   RO          409    i.IWDG_Init         sys.o
    0x08000de0   0x08000de0   0x000000a4   Code   RO          222    i.KEY_Init          led.o
    0x08000e84   0x08000e84   0x000000a0   Code   RO          223    i.LED_Init          led.o
    0x08000f24   0x08000f24   0x00000004   Code   RO          108    i.MemManage_Handler  stm32f10x_it.o
    0x08000f28   0x08000f28   0x00000002   Code   RO          109    i.NMI_Handler       stm32f10x_it.o
    0x08000f2a   0x08000f2a   0x0000000c   Code   RO          411    i.NVIC_Configuration  sys.o
    0x08000f36   0x08000f36   0x00000002   PAD
    0x08000f38   0x08000f38   0x00000070   Code   RO          902    i.NVIC_Init         misc.o
    0x08000fa8   0x08000fa8   0x00000014   Code   RO          903    i.NVIC_PriorityGroupConfig  misc.o
    0x08000fbc   0x08000fbc   0x00000070   Code   RO          766    i.OLED_Fill         oled.o
    0x0800102c   0x0800102c   0x000000cc   Code   RO          767    i.OLED_Init         oled.o
    0x080010f8   0x080010f8   0x00000194   Code   RO          768    i.OLED_ShowChar     oled.o
    0x0800128c   0x0800128c   0x0000003a   Code   RO          770    i.OLED_ShowString   oled.o
    0x080012c6   0x080012c6   0x00000002   PAD
    0x080012c8   0x080012c8   0x000000a8   Code   RO          771    i.OLED_WR_Bus       oled.o
    0x08001370   0x08001370   0x0000000c   Code   RO          772    i.OLED_WR_Byte      oled.o
    0x0800137c   0x0800137c   0x0000007c   Code   RO          773    i.OLED_WR_REG       oled.o
    0x080013f8   0x080013f8   0x0000001e   Code   RO          486    i.OLEDtinct         fun.o
    0x08001416   0x08001416   0x00000002   Code   RO          110    i.PendSV_Handler    stm32f10x_it.o
    0x08001418   0x08001418   0x00000020   Code   RO         1425    i.RCC_AHBPeriphClockCmd  stm32f10x_rcc.o
    0x08001438   0x08001438   0x00000020   Code   RO         1426    i.RCC_APB1PeriphClockCmd  stm32f10x_rcc.o
    0x08001458   0x08001458   0x00000020   Code   RO         1428    i.RCC_APB2PeriphClockCmd  stm32f10x_rcc.o
    0x08001478   0x08001478   0x00000020   Code   RO          774    i.Row_Address       oled.o
    0x08001498   0x08001498   0x0000002c   Code   RO          487    i.Rx_summ           fun.o
    0x080014c4   0x080014c4   0x00000084   Code   RO          593    i.SPI1_IRQHandler   spi.o
    0x08001548   0x08001548   0x0000008c   Code   RO          597    i.SPI2_Init         spi.o
    0x080015d4   0x080015d4   0x00000038   Code   RO          598    i.SPI2_ReadWriteByte  spi.o
    0x0800160c   0x0800160c   0x00000050   Code   RO          600    i.SPI2_WriteByte    spi.o
    0x0800165c   0x0800165c   0x00000018   Code   RO         2177    i.SPI_Cmd           stm32f10x_spi.o
    0x08001674   0x08001674   0x00000012   Code   RO         2185    i.SPI_I2S_GetFlagStatus  stm32f10x_spi.o
    0x08001686   0x08001686   0x00000006   Code   RO         2188    i.SPI_I2S_ReceiveData  stm32f10x_spi.o
    0x0800168c   0x0800168c   0x00000004   Code   RO         2189    i.SPI_I2S_SendData  stm32f10x_spi.o
    0x08001690   0x08001690   0x0000003c   Code   RO         2190    i.SPI_Init          stm32f10x_spi.o
    0x080016cc   0x080016cc   0x00000002   Code   RO          111    i.SVC_Handler       stm32f10x_it.o
    0x080016ce   0x080016ce   0x00000008   Code   RO          188    i.SetSysClock       system_stm32f10x.o
    0x080016d6   0x080016d6   0x00000002   PAD
    0x080016d8   0x080016d8   0x000000e0   Code   RO          189    i.SetSysClockTo72   system_stm32f10x.o
    0x080017b8   0x080017b8   0x00000002   Code   RO          112    i.SysTick_Handler   stm32f10x_it.o
    0x080017ba   0x080017ba   0x00000002   PAD
    0x080017bc   0x080017bc   0x00000060   Code   RO          191    i.SystemInit        system_stm32f10x.o
    0x0800181c   0x0800181c   0x00000016   Code   RO          359    i.TIM2_IRQHandler   tim.o
    0x08001832   0x08001832   0x0000005a   Code   RO          360    i.TIM2_Int_Init     tim.o
    0x0800188c   0x0800188c   0x000000c0   Code   RO          361    i.TIM3_IRQHandler   tim.o
    0x0800194c   0x0800194c   0x00000060   Code   RO          362    i.TIM3_Int_Init     tim.o
    0x080019ac   0x080019ac   0x00000006   Code   RO         1635    i.TIM_ClearITPendingBit  stm32f10x_tim.o
    0x080019b2   0x080019b2   0x00000018   Code   RO         1640    i.TIM_Cmd           stm32f10x_tim.o
    0x080019ca   0x080019ca   0x00000022   Code   RO         1661    i.TIM_GetITStatus   stm32f10x_tim.o
    0x080019ec   0x080019ec   0x00000012   Code   RO         1665    i.TIM_ITConfig      stm32f10x_tim.o
    0x080019fe   0x080019fe   0x00000002   PAD
    0x08001a00   0x08001a00   0x000000a4   Code   RO         1711    i.TIM_TimeBaseInit  stm32f10x_tim.o
    0x08001aa4   0x08001aa4   0x000000f8   Code   RO          438    i.USART1_IRQHandler  usart.o
    0x08001b9c   0x08001b9c   0x00000094   Code   RO          489    i.USART1_RD         fun.o
    0x08001c30   0x08001c30   0x000000d0   Code   RO          439    i.USART2_IRQHandler  usart.o
    0x08001d00   0x08001d00   0x00000094   Code   RO          490    i.USART2_RD         fun.o
    0x08001d94   0x08001d94   0x000000d0   Code   RO          440    i.USART3_IRQHandler  usart.o
    0x08001e64   0x08001e64   0x00000054   Code   RO         1252    i.USART_GetITStatus  stm32f10x_usart.o
    0x08001eb8   0x08001eb8   0x00000004   Code   RO          113    i.UsageFault_Handler  stm32f10x_it.o
    0x08001ebc   0x08001ebc   0x00000050   Code   RO          859    i.WS2812B_Task      rgbw.o
    0x08001f0c   0x08001f0c   0x00000100   Code   RO          860    i.WS2812b_Set       rgbw.o
    0x0800200c   0x0800200c   0x00000198   Code   RO          492    i.address_selection  fun.o
    0x080021a4   0x080021a4   0x00000042   Code   RO          775    i.clear             oled.o
    0x080021e6   0x080021e6   0x00000002   PAD
    0x080021e8   0x080021e8   0x00000038   Code   RO          493    i.crc16             fun.o
    0x08002220   0x08002220   0x00000020   Code   RO          396    i.delay_ms          delay.o
    0x08002240   0x08002240   0x00000258   Code   RO          495    i.fun               fun.o
    0x08002498   0x08002498   0x00000164   Code   RO          776    i.initialize        oled.o
    0x080025fc   0x080025fc   0x0000087c   Code   RO          497    i.key               fun.o
    0x08002e78   0x08002e78   0x00000148   Code   RO            1    i.main              main.o
    0x08002fc0   0x08002fc0   0x000000da   Code   RO          499    i.oleddata          fun.o
    0x0800309a   0x0800309a   0x0000001e   Code   RO          500    i.sumc              fun.o
    0x080030b8   0x080030b8   0x00000104   Code   RO          441    i.uart1_init        usart.o
    0x080031bc   0x080031bc   0x0000011c   Code   RO          442    i.uart2_init        usart.o
    0x080032d8   0x080032d8   0x0000011c   Code   RO          443    i.uart3_init        usart.o
    0x080033f4   0x080033f4   0x000000c4   Code   RO         2491    x$fpl$fadd          fz_ws.l(faddsub_clz.o)
    0x080034b8   0x080034b8   0x00000184   Code   RO         2498    x$fpl$fdiv          fz_ws.l(fdiv.o)
    0x0800363c   0x0800363c   0x0000003e   Code   RO         2501    x$fpl$ffixu         fz_ws.l(ffixu.o)
    0x0800367a   0x0800367a   0x00000002   PAD
    0x0800367c   0x0800367c   0x00000026   Code   RO         2505    x$fpl$ffltu         fz_ws.l(fflt_clz.o)
    0x080036a2   0x080036a2   0x00000002   PAD
    0x080036a4   0x080036a4   0x00000102   Code   RO         2511    x$fpl$fmul          fz_ws.l(fmul.o)
    0x080037a6   0x080037a6   0x0000008c   Code   RO         2520    x$fpl$fnaninf       fz_ws.l(fnaninf.o)
    0x08003832   0x08003832   0x0000000a   Code   RO         2522    x$fpl$fretinf       fz_ws.l(fretinf.o)
    0x0800383c   0x0800383c   0x00000014   Code   RO         2492    x$fpl$frsb          fz_ws.l(faddsub_clz.o)
    0x08003850   0x08003850   0x000000ea   Code   RO         2493    x$fpl$fsub          fz_ws.l(faddsub_clz.o)
    0x0800393a   0x0800393a   0x00000000   Code   RO         2524    x$fpl$usenofp       fz_ws.l(usenofp.o)
    0x0800393a   0x0800393a   0x00005200   Data   RO          502    .constdata          fun.o
    0x08008b3a   0x08008b3a   0x00002f80   Data   RO          778    .constdata          oled.o
    0x0800baba   0x0800baba   0x00000002   PAD
    0x0800babc   0x0800babc   0x00000020   Data   RO         2679    Region$$Table       anon$$obj.o


    Execution Region RW_IRAM1 (Exec base: 0x20000000, Load base: 0x0800badc, Size: 0x000012e0, Max: 0x0000c000, ABSOLUTE)

    Exec Addr    Load Addr    Size         Type   Attr      Idx    E Section Name        Object

    0x20000000   0x0800badc   0x00000001   Data   RW            2    .data               main.o
    0x20000001   0x0800badd   0x00000001   PAD
    0x20000002   0x0800bade   0x00000006   Data   RW          258    .data               dma.o
    0x20000008   0x0800bae4   0x00000016   Data   RW          363    .data               tim.o
    0x2000001e   0x0800bafa   0x00000010   Data   RW          444    .data               usart.o
    0x2000002e   0x0800bb0a   0x00000030   Data   RW          503    .data               fun.o
    0x2000005e   0x0800bb3a   0x00000004   Data   RW          678    .data               can.o
    0x20000062   0x0800bb3e   0x00000001   Data   RW          779    .data               oled.o
    0x20000063   0x0800bb3f   0x00000001   PAD
    0x20000064        -       0x000003e2   Zero   RW          257    .bss                dma.o
    0x20000446        -       0x0000051c   Zero   RW          501    .bss                fun.o
    0x20000962        -       0x00000318   Zero   RW          861    .bss                rgbw.o
    0x20000c7a   0x0800bb3f   0x00000002   PAD
    0x20000c7c        -       0x00000060   Zero   RW         2553    .bss                c_w.l(libspace.o)
    0x20000cdc   0x0800bb3f   0x00000004   PAD
    0x20000ce0        -       0x00000200   Zero   RW          896    HEAP                startup_stm32f10x_hd.o
    0x20000ee0        -       0x00000400   Zero   RW          895    STACK               startup_stm32f10x_hd.o


==============================================================================

Image component sizes


      Code (inc. data)   RO Data    RW Data    ZI Data      Debug   Object Name

       848         22          0          4          0       3984   can.o
         0          0          0          0          0         32   core_cm3.o
        32          0          0          0          0        523   delay.o
      1146        118          0          6        994       8973   dma.o
      3854        280      20992         48       1308      10768   fun.o
       324         40          0          0          0       1162   led.o
       328         48          0          1          0     270225   main.o
       132         22          0          0          0       1643   misc.o
      1570         94      12160          1          0       8777   oled.o
       336         16          0          0        792       2308   rgbw.o
       408         44          0          0          0       3056   spi.o
        64         26        304          0       1536        828   startup_stm32f10x_hd.o
       264          6          0          0          0       1657   stm32f10x_can.o
       124         28          0          0          0       3992   stm32f10x_dma.o
       426          6          0          0          0       3481   stm32f10x_gpio.o
        26          0          0          0          0       4026   stm32f10x_it.o
        96         18          0          0          0       1814   stm32f10x_rcc.o
       112          0          0          0          0       4046   stm32f10x_spi.o
       246         42          0          0          0       3766   stm32f10x_tim.o
        84          0          0          0          0       2256   stm32f10x_usart.o
        60         10          0          0          0       1473   sys.o
       328         28          0          0          0       1945   system_stm32f10x.o
       400         54          0         22          0       3057   tim.o
      1492        114          0         16          0       4731   usart.o

    ----------------------------------------------------------------------
     12718       1016      33490        100       4632     348523   Object Totals
         0          0         32          0          0          0   (incl. Generated)
        18          0          2          2          2          0   (incl. Padding)

    ----------------------------------------------------------------------

      Code (inc. data)   RO Data    RW Data    ZI Data      Debug   Library Member Name

         8          0          0          0          0         68   __main.o
         0          0          0          0          0          0   __rtentry.o
        12          0          0          0          0          0   __rtentry2.o
         6          0          0          0          0          0   __rtentry4.o
        52          8          0          0          0          0   __scatter.o
        26          0          0          0          0          0   __scatter_copy.o
        28          0          0          0          0          0   __scatter_zi.o
        18          0          0          0          0         80   exit.o
         6          0          0          0          0        152   heapauxi.o
         0          0          0          0          0          0   indicate_semi.o
         2          0          0          0          0          0   libinit.o
         2          0          0          0          0          0   libinit2.o
         2          0          0          0          0          0   libshutdown.o
         2          0          0          0          0          0   libshutdown2.o
         8          4          0          0         96         68   libspace.o
         2          0          0          0          0          0   rtexit.o
        10          0          0          0          0          0   rtexit2.o
        12          4          0          0          0         68   sys_exit.o
        74          0          0          0          0         80   sys_stackheap_outer.o
         2          0          0          0          0         68   use_no_semi.o
       450          8          0          0          0        236   faddsub_clz.o
       388         76          0          0          0         96   fdiv.o
        62          4          0          0          0         84   ffixu.o
        38          0          0          0          0         68   fflt_clz.o
       258          4          0          0          0         84   fmul.o
       140          4          0          0          0         84   fnaninf.o
        10          0          0          0          0         68   fretinf.o
         0          0          0          0          0          0   usenofp.o

    ----------------------------------------------------------------------
      1628        112          0          0        100       1304   Library Totals
        10          0          0          0          4          0   (incl. Padding)

    ----------------------------------------------------------------------

      Code (inc. data)   RO Data    RW Data    ZI Data      Debug   Library Name

       272         16          0          0         96        584   c_w.l
      1346         96          0          0          0        720   fz_ws.l

    ----------------------------------------------------------------------
      1628        112          0          0        100       1304   Library Totals

    ----------------------------------------------------------------------

==============================================================================


      Code (inc. data)   RO Data    RW Data    ZI Data      Debug   

     14346       1128      33490        100       4732     344415   Grand Totals
     14346       1128      33490        100       4732     344415   ELF Image Totals
     14346       1128      33490        100          0          0   ROM Totals

==============================================================================

    Total RO  Size (Code + RO Data)                47836 (  46.71kB)
    Total RW  Size (RW Data + ZI Data)              4832 (   4.72kB)
    Total ROM Size (Code + RO Data + RW Data)      47936 (  46.81kB)

==============================================================================

