Component: ARM Compiler 5.06 update 6 (build 750) Tool: armlink [4d35ed]

==============================================================================

Section Cross References

    main.o(i.main) refers to delay.o(i.delay_init) for delay_init
    main.o(i.main) refers to sys.o(i.NVIC_Configuration) for NVIC_Configuration
    main.o(i.main) refers to usart.o(i.uart1_init) for uart1_init
    main.o(i.main) refers to usart.o(i.uart2_init) for uart2_init
    main.o(i.main) refers to usart.o(i.uart3_init) for uart3_init
    main.o(i.main) refers to led.o(i.LED_Init) for LED_Init
    main.o(i.main) refers to tim.o(i.TIM3_Int_Init) for TIM3_Int_Init
    main.o(i.main) refers to tim.o(i.TIM2_Int_Init) for TIM2_Int_Init
    main.o(i.main) refers to spi.o(i.SPI2_Init) for SPI2_Init
    main.o(i.main) refers to dma.o(i.DMA_USART1_Tx_Config) for DMA_USART1_Tx_Config
    main.o(i.main) refers to dma.o(i.DMA_USART1_Rx_Config) for DMA_USART1_Rx_Config
    main.o(i.main) refers to dma.o(i.DMA_USART2_Tx_Config) for DMA_USART2_Tx_Config
    main.o(i.main) refers to dma.o(i.DMA_USART2_Rx_Config) for DMA_USART2_Rx_Config
    main.o(i.main) refers to dma.o(i.DMA_USART3_Tx_Config) for DMA_USART3_Tx_Config
    main.o(i.main) refers to dma.o(i.DMA_USART3_Rx_Config) for DMA_USART3_Rx_Config
    main.o(i.main) refers to can.o(i.CAN1_Mode_Init) for CAN1_Mode_Init
    main.o(i.main) refers to led.o(i.KEY_Init) for KEY_Init
    main.o(i.main) refers to adc.o(i.Adc_Init) for Adc_Init
    main.o(i.main) refers to spi.o(i.SPI2_WriteByte) for SPI2_WriteByte
    main.o(i.main) refers to oled.o(i.OLED_Init) for OLED_Init
    main.o(i.main) refers to oled.o(i.OLED_Clear) for OLED_Clear
    main.o(i.main) refers to fun.o(i.fun) for fun
    main.o(i.main) refers to oled.o(i.OLED_ShowNum) for OLED_ShowNum
    main.o(i.main) refers to dma.o(.bss) for ucByteBufTX1
    main.o(i.main) refers to main.o(.data) for dat
    main.o(i.main) refers to oled.o(.data) for oleddata
    system_stm32f10x.o(i.SetSysClock) refers to system_stm32f10x.o(i.SetSysClockTo72) for SetSysClockTo72
    system_stm32f10x.o(i.SystemCoreClockUpdate) refers to system_stm32f10x.o(.data) for SystemCoreClock
    system_stm32f10x.o(i.SystemInit) refers to system_stm32f10x.o(i.SetSysClock) for SetSysClock
    dma.o(i.DMA1_Channel2_IRQHandler) refers to usart.o(.data) for USART3_TxOV
    dma.o(i.DMA1_Channel3_IRQHandler) refers to stm32f10x_dma.o(i.DMA_GetITStatus) for DMA_GetITStatus
    dma.o(i.DMA1_Channel3_IRQHandler) refers to stm32f10x_dma.o(i.DMA_ClearITPendingBit) for DMA_ClearITPendingBit
    dma.o(i.DMA1_Channel3_IRQHandler) refers to stm32f10x_dma.o(i.DMA_ClearFlag) for DMA_ClearFlag
    dma.o(i.DMA1_Channel4_IRQHandler) refers to usart.o(.data) for USART1_TxOV
    dma.o(i.DMA1_Channel5_IRQHandler) refers to stm32f10x_dma.o(i.DMA_GetITStatus) for DMA_GetITStatus
    dma.o(i.DMA1_Channel5_IRQHandler) refers to stm32f10x_dma.o(i.DMA_Cmd) for DMA_Cmd
    dma.o(i.DMA1_Channel5_IRQHandler) refers to stm32f10x_dma.o(i.DMA_ClearITPendingBit) for DMA_ClearITPendingBit
    dma.o(i.DMA1_Channel6_IRQHandler) refers to stm32f10x_dma.o(i.DMA_GetITStatus) for DMA_GetITStatus
    dma.o(i.DMA_SPI2_Tx) refers to stm32f10x_dma.o(i.DMA_Cmd) for DMA_Cmd
    dma.o(i.DMA_SPI2_Tx_Config) refers to stm32f10x_rcc.o(i.RCC_AHBPeriphClockCmd) for RCC_AHBPeriphClockCmd
    dma.o(i.DMA_SPI2_Tx_Config) refers to stm32f10x_dma.o(i.DMA_DeInit) for DMA_DeInit
    dma.o(i.DMA_SPI2_Tx_Config) refers to stm32f10x_dma.o(i.DMA_Init) for DMA_Init
    dma.o(i.DMA_SPI2_Tx_Config) refers to stm32f10x_dma.o(i.DMA_GetITStatus) for DMA_GetITStatus
    dma.o(i.DMA_SPI2_Tx_Config) refers to stm32f10x_dma.o(i.DMA_ClearITPendingBit) for DMA_ClearITPendingBit
    dma.o(i.DMA_SPI2_Tx_Config) refers to stm32f10x_dma.o(i.DMA_ITConfig) for DMA_ITConfig
    dma.o(i.DMA_SPI2_Tx_Config) refers to stm32f10x_spi.o(i.SPI_I2S_DMACmd) for SPI_I2S_DMACmd
    dma.o(i.DMA_SPI2_Tx_Config) refers to stm32f10x_dma.o(i.DMA_Cmd) for DMA_Cmd
    dma.o(i.DMA_SPI2_Tx_Config) refers to misc.o(i.NVIC_Init) for NVIC_Init
    dma.o(i.DMA_SPI2_Tx_Config) refers to rgbw.o(.bss) for gWs2812bDat_SPI
    dma.o(i.DMA_USART1_Rx_Config) refers to stm32f10x_rcc.o(i.RCC_AHBPeriphClockCmd) for RCC_AHBPeriphClockCmd
    dma.o(i.DMA_USART1_Rx_Config) refers to misc.o(i.NVIC_Init) for NVIC_Init
    dma.o(i.DMA_USART1_Rx_Config) refers to dma.o(.data) for DMA1_MEM_LEN
    dma.o(i.DMA_USART1_Tx_Config) refers to stm32f10x_rcc.o(i.RCC_AHBPeriphClockCmd) for RCC_AHBPeriphClockCmd
    dma.o(i.DMA_USART1_Tx_Config) refers to misc.o(i.NVIC_Init) for NVIC_Init
    dma.o(i.DMA_USART1_Tx_Config) refers to dma.o(.data) for DMA1_MEM_LEN
    dma.o(i.DMA_USART2_Rx_Config) refers to stm32f10x_rcc.o(i.RCC_AHBPeriphClockCmd) for RCC_AHBPeriphClockCmd
    dma.o(i.DMA_USART2_Rx_Config) refers to misc.o(i.NVIC_Init) for NVIC_Init
    dma.o(i.DMA_USART2_Rx_Config) refers to dma.o(.data) for DMA1_MEM_LEN2
[...]
    oled.o(i.OLED_Init) refers to oled.o(i.OLED_Set_Pos) for OLED_Set_Pos
    oled.o(i.OLED_Set_Pos) refers to oled.o(i.OLED_WR_Byte) for OLED_WR_Byte
    oled.o(i.OLED_ShowChar) refers to oled.o(i.OLED_Set_Pos) for OLED_Set_Pos
    oled.o(i.OLED_ShowChar) refers to oled.o(i.OLED_WR_Byte) for OLED_WR_Byte
    oled.o(i.OLED_ShowChar) refers to oled.o(.constdata) for F32X64
    oled.o(i.OLED_ShowNum) refers to oled.o(i.oled_pow) for oled_pow
    oled.o(i.OLED_ShowNum) refers to oled.o(i.OLED_ShowChar) for OLED_ShowChar
    oled.o(i.OLED_ShowString) refers to oled.o(i.OLED_ShowChar) for OLED_ShowChar
    oled.o(i.OLED_WR_Byte) refers to stm32f10x_gpio.o(i.GPIO_SetBits) for GPIO_SetBits
    oled.o(i.OLED_WR_Byte) refers to stm32f10x_gpio.o(i.GPIO_ResetBits) for GPIO_ResetBits
    startup_stm32f10x_hd.o(RESET) refers to startup_stm32f10x_hd.o(STACK) for __initial_sp
    startup_stm32f10x_hd.o(RESET) refers to startup_stm32f10x_hd.o(.text) for Reset_Handler
    startup_stm32f10x_hd.o(RESET) refers to stm32f10x_it.o(i.NMI_Handler) for NMI_Handler
    startup_stm32f10x_hd.o(RESET) refers to stm32f10x_it.o(i.HardFault_Handler) for HardFault_Handler
    startup_stm32f10x_hd.o(RESET) refers to stm32f10x_it.o(i.MemManage_Handler) for MemManage_Handler
    startup_stm32f10x_hd.o(RESET) refers to stm32f10x_it.o(i.BusFault_Handler) for BusFault_Handler
    startup_stm32f10x_hd.o(RESET) refers to stm32f10x_it.o(i.UsageFault_Handler) for UsageFault_Handler
    startup_stm32f10x_hd.o(RESET) refers to stm32f10x_it.o(i.SVC_Handler) for SVC_Handler
    startup_stm32f10x_hd.o(RESET) refers to stm32f10x_it.o(i.DebugMon_Handler) for DebugMon_Handler
    startup_stm32f10x_hd.o(RESET) refers to stm32f10x_it.o(i.PendSV_Handler) for PendSV_Handler
    startup_stm32f10x_hd.o(RESET) refers to stm32f10x_it.o(i.SysTick_Handler) for SysTick_Handler
    startup_stm32f10x_hd.o(RESET) refers to dma.o(i.DMA1_Channel2_IRQHandler) for DMA1_Channel2_IRQHandler
    startup_stm32f10x_hd.o(RESET) refers to dma.o(i.DMA1_Channel3_IRQHandler) for DMA1_Channel3_IRQHandler
    startup_stm32f10x_hd.o(RESET) refers to dma.o(i.DMA1_Channel4_IRQHandler) for DMA1_Channel4_IRQHandler
    startup_stm32f10x_hd.o(RESET) refers to dma.o(i.DMA1_Channel5_IRQHandler) for DMA1_Channel5_IRQHandler
    startup_stm32f10x_hd.o(RESET) refers to dma.o(i.DMA1_Channel6_IRQHandler) for DMA1_Channel6_IRQHandler
    startup_stm32f10x_hd.o(RESET) refers to dma.o(i.DMA1_Channel7_IRQHandler) for DMA1_Channel7_IRQHandler
    startup_stm32f10x_hd.o(RESET) refers to tim.o(i.TIM2_IRQHandler) for TIM2_IRQHandler
    startup_stm32f10x_hd.o(RESET) refers to tim.o(i.TIM3_IRQHandler) for TIM3_IRQHandler
    startup_stm32f10x_hd.o(RESET) refers to spi.o(i.SPI1_IRQHandler) for SPI1_IRQHandler
    startup_stm32f10x_hd.o(RESET) refers to usart.o(i.USART1_IRQHandler) for USART1_IRQHandler
    startup_stm32f10x_hd.o(RESET) refers to usart.o(i.USART2_IRQHandler) for USART2_IRQHandler
    startup_stm32f10x_hd.o(RESET) refers to usart.o(i.USART3_IRQHandler) for USART3_IRQHandler
    startup_stm32f10x_hd.o(.text) refers to system_stm32f10x.o(i.SystemInit) for SystemInit
    startup_stm32f10x_hd.o(.text) refers to entry.o(.ARM.Collect$$$$00000000) for __main
    stm32f10x_gpio.o(i.GPIO_AFIODeInit) refers to stm32f10x_rcc.o(i.RCC_APB2PeriphResetCmd) for RCC_APB2PeriphResetCmd
    stm32f10x_gpio.o(i.GPIO_DeInit) refers to stm32f10x_rcc.o(i.RCC_APB2PeriphResetCmd) for RCC_APB2PeriphResetCmd
    stm32f10x_usart.o(i.USART_DeInit) refers to stm32f10x_rcc.o(i.RCC_APB2PeriphResetCmd) for RCC_APB2PeriphResetCmd
    stm32f10x_usart.o(i.USART_DeInit) refers to stm32f10x_rcc.o(i.RCC_APB1PeriphResetCmd) for RCC_APB1PeriphResetCmd
    stm32f10x_usart.o(i.USART_Init) refers to stm32f10x_rcc.o(i.RCC_GetClocksFreq) for RCC_GetClocksFreq
    stm32f10x_rcc.o(i.RCC_GetClocksFreq) refers to stm32f10x_rcc.o(.data) for APBAHBPrescTable
    stm32f10x_rcc.o(i.RCC_WaitForHSEStartUp) refers to stm32f10x_rcc.o(i.RCC_GetFlagStatus) for RCC_GetFlagStatus
    stm32f10x_tim.o(i.TIM_DeInit) refers to stm32f10x_rcc.o(i.RCC_APB2PeriphResetCmd) for RCC_APB2PeriphResetCmd
    stm32f10x_tim.o(i.TIM_DeInit) refers to stm32f10x_rcc.o(i.RCC_APB1PeriphResetCmd) for RCC_APB1PeriphResetCmd
    stm32f10x_tim.o(i.TIM_ETRClockMode1Config) refers to stm32f10x_tim.o(i.TIM_ETRConfig) for TIM_ETRConfig
    stm32f10x_tim.o(i.TIM_ETRClockMode2Config) refers to stm32f10x_tim.o(i.TIM_ETRConfig) for TIM_ETRConfig
    stm32f10x_tim.o(i.TIM_ICInit) refers to stm32f10x_tim.o(i.TI1_Config) for TI1_Config
    stm32f10x_tim.o(i.TIM_ICInit) refers to stm32f10x_tim.o(i.TIM_SetIC1Prescaler) for TIM_SetIC1Prescaler
    stm32f10x_tim.o(i.TIM_ICInit) refers to stm32f10x_tim.o(i.TI2_Config) for TI2_Config
    stm32f10x_tim.o(i.TIM_ICInit) refers to stm32f10x_tim.o(i.TIM_SetIC2Prescaler) for TIM_SetIC2Prescaler
    stm32f10x_tim.o(i.TIM_ICInit) refers to stm32f10x_tim.o(i.TI3_Config) for TI3_Config
    stm32f10x_tim.o(i.TIM_ICInit) refers to stm32f10x_tim.o(i.TIM_SetIC3Prescaler) for TIM_SetIC3Prescaler
    stm32f10x_tim.o(i.TIM_ICInit) refers to stm32f10x_tim.o(i.TI4_Config) for TI4_Config
    stm32f10x_tim.o(i.TIM_ICInit) refers to stm32f10x_tim.o(i.TIM_SetIC4Prescaler) for TIM_SetIC4Prescaler
    stm32f10x_tim.o(i.TIM_ITRxExternalClockConfig) refers to stm32f10x_tim.o(i.TIM_SelectInputTrigger) for TIM_SelectInputTrigger
    stm32f10x_tim.o(i.TIM_PWMIConfig) refers to stm32f10x_tim.o(i.TI1_Config) for TI1_Config
    stm32f10x_tim.o(i.TIM_PWMIConfig) refers to stm32f10x_tim.o(i.TIM_SetIC1Prescaler) for TIM_SetIC1Prescaler
    stm32f10x_tim.o(i.TIM_PWMIConfig) refers to stm32f10x_tim.o(i.TI2_Config) for TI2_Config
    stm32f10x_tim.o(i.TIM_PWMIConfig) refers to stm32f10x_tim.o(i.TIM_SetIC2Prescaler) for TIM_SetIC2Prescaler
    stm32f10x_tim.o(i.TIM_TIxExternalClockConfig) refers to stm32f10x_tim.o(i.TI2_Config) for TI2_Config
    stm32f10x_tim.o(i.TIM_TIxExternalClockConfig) refers to stm32f10x_tim.o(i.TI1_Config) for TI1_Config
    stm32f10x_tim.o(i.TIM_TIxExternalClockConfig) refers to stm32f10x_tim.o(i.TIM_SelectInputTrigger) for TIM_SelectInputTrigger
    stm32f10x_spi.o(i.I2S_Init) refers to stm32f10x_rcc.o(i.RCC_GetClocksFreq) for RCC_GetClocksFreq
    stm32f10x_spi.o(i.SPI_I2S_DeInit) refers to stm32f10x_rcc.o(i.RCC_APB2PeriphResetCmd) for RCC_APB2PeriphResetCmd
    stm32f10x_spi.o(i.SPI_I2S_DeInit) refers to stm32f10x_rcc.o(i.RCC_APB1PeriphResetCmd) for RCC_APB1PeriphResetCmd
    stm32f10x_can.o(i.CAN_DeInit) refers to stm32f10x_rcc.o(i.RCC_APB1PeriphResetCmd) for RCC_APB1PeriphResetCmd
    stm32f10x_can.o(i.CAN_GetITStatus) refers to stm32f10x_can.o(i.CheckITStatus) for CheckITStatus
    entry.o(.ARM.Collect$$$$00000000) refers (Special) to entry10a.o(.ARM.Collect$$$$0000000D) for __rt_final_cpp
    entry.o(.ARM.Collect$$$$00000000) refers (Special) to entry11a.o(.ARM.Collect$$$$0000000F) for __rt_final_exit
    entry.o(.ARM.Collect$$$$00000000) refers (Special) to entry7b.o(.ARM.Collect$$$$00000008) for _main_clock
    entry.o(.ARM.Collect$$$$00000000) refers (Special) to entry8b.o(.ARM.Collect$$$$0000000A) for _main_cpp_init
    entry.o(.ARM.Collect$$$$00000000) refers (Special) to entry9a.o(.ARM.Collect$$$$0000000B) for _main_init
    entry.o(.ARM.Collect$$$$00000000) refers (Special) to entry5.o(.ARM.Collect$$$$00000004) for _main_scatterload
    entry.o(.ARM.Collect$$$$00000000) refers (Special) to entry2.o(.ARM.Collect$$$$00000001) for _main_stk
    fadd.o(.text) refers (Special) to iusefp.o(.text) for __I$use$fp
    fadd.o(.text) refers to fepilogue.o(.text) for _float_epilogue
    fmul.o(.text) refers (Special) to iusefp.o(.text) for __I$use$fp
    fdiv.o(.text) refers (Special) to iusefp.o(.text) for __I$use$fp
    fdiv.o(.text) refers to fepilogue.o(.text) for _float_round
    dadd.o(.text) refers (Special) to iusefp.o(.text) for __I$use$fp
    dadd.o(.text) refers to llshl.o(.text) for __aeabi_llsl
    dadd.o(.text) refers to llsshr.o(.text) for __aeabi_lasr
    dadd.o(.text) refers to depilogue.o(.text) for _double_epilogue
    dmul.o(.text) refers (Special) to iusefp.o(.text) for __I$use$fp
    dmul.o(.text) refers to depilogue.o(.text) for _double_epilogue
    ffltui.o(.text) refers (Special) to iusefp.o(.text) for __I$use$fp
    ffltui.o(.text) refers to fepilogue.o(.text) for _float_epilogue
    ffixui.o(.text) refers (Special) to iusefp.o(.text) for __I$use$fp
    f2d.o(.text) refers (Special) to iusefp.o(.text) for __I$use$fp
    cdrcmple.o(.text) refers (Special) to iusefp.o(.text) for __I$use$fp
    d2f.o(.text) refers (Special) to iusefp.o(.text) for __I$use$fp
    d2f.o(.text) refers to fepilogue.o(.text) for _float_round
    entry2.o(.ARM.Collect$$$$00000001) refers to entry2.o(.ARM.Collect$$$$00002712) for __lit__00000000
    entry2.o(.ARM.Collect$$$$00002712) refers to startup_stm32f10x_hd.o(STACK) for __initial_sp
    entry2.o(__vectab_stack_and_reset_area) refers to startup_stm32f10x_hd.o(STACK) for __initial_sp
    entry2.o(__vectab_stack_and_reset_area) refers to entry.o(.ARM.Collect$$$$00000000) for __main
    entry5.o(.ARM.Collect$$$$00000004) refers to init.o(.text) for __scatterload
    entry9a.o(.ARM.Collect$$$$0000000B) refers to main.o(i.main) for main
    entry9b.o(.ARM.Collect$$$$0000000C) refers to main.o(i.main) for main
    depilogue.o(.text) refers to llshl.o(.text) for __aeabi_llsl
    depilogue.o(.text) refers to llushr.o(.text) for __aeabi_llsr
    init.o(.text) refers to entry5.o(.ARM.Collect$$$$00000004) for __main_after_scatterload


==============================================================================

Removing Unused input sections from the image.

    Removing system_stm32f10x.o(i.SystemCoreClockUpdate), (164 bytes).
    Removing dma.o(i.DMA_SPI2_Tx), (36 bytes).
    Removing dma.o(i.DMA_SPI2_Tx_Config), (164 bytes).
    Removing dma.o(i.DMA_USART1_Tx), (60 bytes).
    Removing dma.o(i.DMA_USART2_Tx), (60 bytes).
    Removing dma.o(i.DMA_USART3_Tx), (60 bytes).
    Removing sys.o(i.JTAG_Set), (48 bytes).
    Removing delay.o(i.delay_us), (76 bytes).
    Removing fun.o(i.SPI3_RD), (76 bytes).
    Removing fun.o(i.Tx_summ), (42 bytes).
    Removing fun.o(i.USART3_RD), (2 bytes).
    Removing fun.o(i.interrupt), (168 bytes).
    Removing spi.o(i.SPI1_Init), (204 bytes).
    Removing spi.o(i.SPI1_ReadWriteByte), (84 bytes).
    Removing spi.o(i.SPI1_ReadorWriteByte), (34 bytes).
    Removing spi.o(i.SPI2_SetSpeed), (40 bytes).
    Removing spi.o(i.SPI3_Init), (176 bytes).
    Removing spi.o(i.SPI3_ReadWriteByte), (56 bytes).
    Removing spi.o(i.SPI3_WriteByte), (80 bytes).
    Removing spi.o(.bss), (20 bytes).
    Removing can.o(i.CAN1_Msg_Pend), (40 bytes).
    Removing can.o(i.CAN1_Receive_Msg), (66 bytes).
    Removing can.o(i.CAN1_Rx_Msg), (216 bytes).
    Removing can.o(i.CAN1_Send_Msg), (66 bytes).
    Removing can.o(i.CAN1_Send_MsgTEST), (66 bytes).
    Removing oled.o(i.OLED_Display_Off), (28 bytes).
    Removing oled.o(i.OLED_Display_On), (28 bytes).
    Removing oled.o(i.OLED_DrawBMP), (118 bytes).
    Removing oled.o(i.OLED_ShowCHinese), (2 bytes).
    Removing oled.o(i.OLED_ShowString), (54 bytes).
    Removing core_cm3.o(.emb_text), (32 bytes).
    Removing startup_stm32f10x_hd.o(HEAP), (512 bytes).
    Removing misc.o(i.NVIC_SetVectorTable), (20 bytes).
    Removing misc.o(i.NVIC_SystemLPConfig), (32 bytes).
    Removing stm32f10x_dma.o(i.DMA_DeInit), (332 bytes).
    Removing stm32f10x_dma.o(i.DMA_GetCurrDataCounter), (8 bytes).
    Removing stm32f10x_dma.o(i.DMA_GetFlagStatus), (44 bytes).
    Removing stm32f10x_dma.o(i.DMA_ITConfig), (18 bytes).
    Removing stm32f10x_dma.o(i.DMA_Init), (60 bytes).
    Removing stm32f10x_dma.o(i.DMA_SetCurrDataCounter), (4 bytes).
    Removing stm32f10x_dma.o(i.DMA_StructInit), (26 bytes).
    Removing stm32f10x_fsmc.o(i.FSMC_ClearFlag), (64 bytes).
    Removing stm32f10x_fsmc.o(i.FSMC_ClearITPendingBit), (72 bytes).
    Removing stm32f10x_fsmc.o(i.FSMC_GetECC), (28 bytes).
    Removing stm32f10x_fsmc.o(i.FSMC_GetFlagStatus), (56 bytes).
    Removing stm32f10x_fsmc.o(i.FSMC_GetITStatus), (68 bytes).
    Removing stm32f10x_fsmc.o(i.FSMC_ITConfig), (128 bytes).
    Removing stm32f10x_fsmc.o(i.FSMC_NANDCmd), (92 bytes).
    Removing stm32f10x_fsmc.o(i.FSMC_NANDDeInit), (68 bytes).
    Removing stm32f10x_fsmc.o(i.FSMC_NANDECCCmd), (92 bytes).
    Removing stm32f10x_fsmc.o(i.FSMC_NANDInit), (136 bytes).
    Removing stm32f10x_fsmc.o(i.FSMC_NANDStructInit), (54 bytes).
    Removing stm32f10x_fsmc.o(i.FSMC_NORSRAMCmd), (52 bytes).
    Removing stm32f10x_fsmc.o(i.FSMC_NORSRAMDeInit), (54 bytes).
    Removing stm32f10x_fsmc.o(i.FSMC_NORSRAMInit), (230 bytes).
    Removing stm32f10x_fsmc.o(i.FSMC_NORSRAMStructInit), (114 bytes).
    Removing stm32f10x_fsmc.o(i.FSMC_PCCARDCmd), (48 bytes).
    Removing stm32f10x_fsmc.o(i.FSMC_PCCARDDeInit), (40 bytes).
    Removing stm32f10x_fsmc.o(i.FSMC_PCCARDInit), (132 bytes).
    Removing stm32f10x_fsmc.o(i.FSMC_PCCARDStructInit), (60 bytes).
    Removing stm32f10x_gpio.o(i.GPIO_AFIODeInit), (20 bytes).
    Removing stm32f10x_gpio.o(i.GPIO_DeInit), (200 bytes).
    Removing stm32f10x_gpio.o(i.GPIO_ETH_MediaInterfaceConfig), (12 bytes).
    Removing stm32f10x_gpio.o(i.GPIO_EXTILineConfig), (64 bytes).
    Removing stm32f10x_gpio.o(i.GPIO_EventOutputCmd), (12 bytes).
    Removing stm32f10x_gpio.o(i.GPIO_EventOutputConfig), (32 bytes).
    Removing stm32f10x_gpio.o(i.GPIO_PinLockConfig), (18 bytes).
    Removing stm32f10x_gpio.o(i.GPIO_ReadInputData), (8 bytes).
    Removing stm32f10x_gpio.o(i.GPIO_ReadInputDataBit), (18 bytes).
    Removing stm32f10x_gpio.o(i.GPIO_ReadOutputData), (8 bytes).
    Removing stm32f10x_gpio.o(i.GPIO_ReadOutputDataBit), (18 bytes).
    Removing stm32f10x_gpio.o(i.GPIO_StructInit), (16 bytes).
    Removing stm32f10x_gpio.o(i.GPIO_Write), (4 bytes).
    Removing stm32f10x_gpio.o(i.GPIO_WriteBit), (10 bytes).
    Removing stm32f10x_usart.o(i.USART_ClearFlag), (18 bytes).
    Removing stm32f10x_usart.o(i.USART_ClearITPendingBit), (30 bytes).
    Removing stm32f10x_usart.o(i.USART_ClockInit), (34 bytes).
    Removing stm32f10x_usart.o(i.USART_ClockStructInit), (12 bytes).
    Removing stm32f10x_usart.o(i.USART_Cmd), (24 bytes).
    Removing stm32f10x_usart.o(i.USART_DMACmd), (18 bytes).
    Removing stm32f10x_usart.o(i.USART_DeInit), (156 bytes).
    Removing stm32f10x_usart.o(i.USART_GetFlagStatus), (26 bytes).
    Removing stm32f10x_usart.o(i.USART_HalfDuplexCmd), (24 bytes).
    Removing stm32f10x_usart.o(i.USART_ITConfig), (74 bytes).
    Removing stm32f10x_usart.o(i.USART_Init), (216 bytes).
    Removing stm32f10x_usart.o(i.USART_IrDACmd), (24 bytes).
    Removing stm32f10x_usart.o(i.USART_IrDAConfig), (18 bytes).
    Removing stm32f10x_usart.o(i.USART_LINBreakDetectLengthConfig), (18 bytes).
    Removing stm32f10x_usart.o(i.USART_LINCmd), (24 bytes).
    Removing stm32f10x_usart.o(i.USART_OneBitMethodCmd), (24 bytes).
    Removing stm32f10x_usart.o(i.USART_OverSampling8Cmd), (22 bytes).
    Removing stm32f10x_usart.o(i.USART_ReceiveData), (10 bytes).
    Removing stm32f10x_usart.o(i.USART_ReceiverWakeUpCmd), (24 bytes).
    Removing stm32f10x_usart.o(i.USART_SendBreak), (10 bytes).
    Removing stm32f10x_usart.o(i.USART_SendData), (8 bytes).
    Removing stm32f10x_usart.o(i.USART_SetAddress), (18 bytes).
    Removing stm32f10x_usart.o(i.USART_SetGuardTime), (16 bytes).
    Removing stm32f10x_usart.o(i.USART_SetPrescaler), (16 bytes).
    Removing stm32f10x_usart.o(i.USART_SmartCardCmd), (24 bytes).
    Removing stm32f10x_usart.o(i.USART_SmartCardNACKCmd), (24 bytes).
    Removing stm32f10x_usart.o(i.USART_StructInit), (24 bytes).
    Removing stm32f10x_usart.o(i.USART_WakeUpConfig), (18 bytes).
    Removing stm32f10x_rcc.o(i.RCC_ADCCLKConfig), (24 bytes).
    Removing stm32f10x_rcc.o(i.RCC_APB1PeriphResetCmd), (32 bytes).
    Removing stm32f10x_rcc.o(i.RCC_APB2PeriphResetCmd), (32 bytes).
    Removing stm32f10x_rcc.o(i.RCC_AdjustHSICalibrationValue), (24 bytes).
    Removing stm32f10x_rcc.o(i.RCC_BackupResetCmd), (12 bytes).
    Removing stm32f10x_rcc.o(i.RCC_ClearFlag), (20 bytes).
    Removing stm32f10x_rcc.o(i.RCC_ClearITPendingBit), (12 bytes).
    Removing stm32f10x_rcc.o(i.RCC_ClockSecuritySystemCmd), (12 bytes).
    Removing stm32f10x_rcc.o(i.RCC_DeInit), (76 bytes).
    Removing stm32f10x_rcc.o(i.RCC_GetClocksFreq), (212 bytes).
    Removing stm32f10x_rcc.o(i.RCC_GetFlagStatus), (60 bytes).
    Removing stm32f10x_rcc.o(i.RCC_GetITStatus), (24 bytes).
    Removing stm32f10x_rcc.o(i.RCC_GetSYSCLKSource), (16 bytes).
    Removing stm32f10x_rcc.o(i.RCC_HCLKConfig), (24 bytes).
    Removing stm32f10x_rcc.o(i.RCC_HSEConfig), (76 bytes).
    Removing stm32f10x_rcc.o(i.RCC_HSICmd), (12 bytes).
    Removing stm32f10x_rcc.o(i.RCC_ITConfig), (32 bytes).
    Removing stm32f10x_rcc.o(i.RCC_LSEConfig), (52 bytes).
    Removing stm32f10x_rcc.o(i.RCC_LSICmd), (12 bytes).
    Removing stm32f10x_rcc.o(i.RCC_MCOConfig), (12 bytes).
    Removing stm32f10x_rcc.o(i.RCC_PCLK1Config), (24 bytes).
    Removing stm32f10x_rcc.o(i.RCC_PCLK2Config), (24 bytes).
    Removing stm32f10x_rcc.o(i.RCC_PLLCmd), (12 bytes).
    Removing stm32f10x_rcc.o(i.RCC_PLLConfig), (28 bytes).
    Removing stm32f10x_rcc.o(i.RCC_RTCCLKCmd), (12 bytes).
    Removing stm32f10x_rcc.o(i.RCC_RTCCLKConfig), (16 bytes).
    Removing stm32f10x_rcc.o(i.RCC_SYSCLKConfig), (24 bytes).
    Removing stm32f10x_rcc.o(i.RCC_USBCLKConfig), (12 bytes).
    Removing stm32f10x_rcc.o(i.RCC_WaitForHSEStartUp), (56 bytes).
    Removing stm32f10x_rcc.o(.data), (20 bytes).
    Removing stm32f10x_tim.o(i.TI1_Config), (128 bytes).
    Removing stm32f10x_tim.o(i.TI2_Config), (152 bytes).
    Removing stm32f10x_tim.o(i.TI3_Config), (144 bytes).
    Removing stm32f10x_tim.o(i.TI4_Config), (152 bytes).
    Removing stm32f10x_tim.o(i.TIM_ARRPreloadConfig), (24 bytes).
    Removing stm32f10x_tim.o(i.TIM_BDTRConfig), (32 bytes).
    Removing stm32f10x_tim.o(i.TIM_BDTRStructInit), (18 bytes).
    Removing stm32f10x_tim.o(i.TIM_CCPreloadControl), (24 bytes).
    Removing stm32f10x_tim.o(i.TIM_CCxCmd), (30 bytes).
    Removing stm32f10x_tim.o(i.TIM_CCxNCmd), (30 bytes).
    Removing stm32f10x_tim.o(i.TIM_ClearFlag), (6 bytes).
    Removing stm32f10x_tim.o(i.TIM_ClearOC1Ref), (18 bytes).
    Removing stm32f10x_tim.o(i.TIM_ClearOC2Ref), (24 bytes).
    Removing stm32f10x_tim.o(i.TIM_ClearOC3Ref), (18 bytes).
    Removing stm32f10x_tim.o(i.TIM_ClearOC4Ref), (24 bytes).
    Removing stm32f10x_tim.o(i.TIM_CounterModeConfig), (18 bytes).
    Removing stm32f10x_tim.o(i.TIM_CtrlPWMOutputs), (30 bytes).
    Removing stm32f10x_tim.o(i.TIM_DMACmd), (18 bytes).
    Removing stm32f10x_tim.o(i.TIM_DMAConfig), (10 bytes).
    Removing stm32f10x_tim.o(i.TIM_DeInit), (488 bytes).
    Removing stm32f10x_tim.o(i.TIM_ETRClockMode1Config), (54 bytes).
    Removing stm32f10x_tim.o(i.TIM_ETRClockMode2Config), (32 bytes).
    Removing stm32f10x_tim.o(i.TIM_ETRConfig), (28 bytes).
    Removing stm32f10x_tim.o(i.TIM_EncoderInterfaceConfig), (66 bytes).
    Removing stm32f10x_tim.o(i.TIM_ForcedOC1Config), (18 bytes).
    Removing stm32f10x_tim.o(i.TIM_ForcedOC2Config), (26 bytes).
    Removing stm32f10x_tim.o(i.TIM_ForcedOC3Config), (18 bytes).
    Removing stm32f10x_tim.o(i.TIM_ForcedOC4Config), (26 bytes).
    Removing stm32f10x_tim.o(i.TIM_GenerateEvent), (4 bytes).
    Removing stm32f10x_tim.o(i.TIM_GetCapture1), (6 bytes).
    Removing stm32f10x_tim.o(i.TIM_GetCapture2), (6 bytes).
    Removing stm32f10x_tim.o(i.TIM_GetCapture3), (6 bytes).
    Removing stm32f10x_tim.o(i.TIM_GetCapture4), (8 bytes).
    Removing stm32f10x_tim.o(i.TIM_GetCounter), (6 bytes).
    Removing stm32f10x_tim.o(i.TIM_GetFlagStatus), (18 bytes).
    Removing stm32f10x_tim.o(i.TIM_GetPrescaler), (6 bytes).
    Removing stm32f10x_tim.o(i.TIM_ICInit), (172 bytes).
    Removing stm32f10x_tim.o(i.TIM_ICStructInit), (18 bytes).
    Removing stm32f10x_tim.o(i.TIM_ITRxExternalClockConfig), (24 bytes).
    Removing stm32f10x_tim.o(i.TIM_InternalClockConfig), (12 bytes).
    Removing stm32f10x_tim.o(i.TIM_OC1FastConfig), (18 bytes).
    Removing stm32f10x_tim.o(i.TIM_OC1Init), (152 bytes).
    Removing stm32f10x_tim.o(i.TIM_OC1NPolarityConfig), (18 bytes).
    Removing stm32f10x_tim.o(i.TIM_OC1PolarityConfig), (18 bytes).
    Removing stm32f10x_tim.o(i.TIM_OC1PreloadConfig), (18 bytes).
    Removing stm32f10x_tim.o(i.TIM_OC2FastConfig), (26 bytes).
    Removing stm32f10x_tim.o(i.TIM_OC2Init), (164 bytes).
    Removing stm32f10x_tim.o(i.TIM_OC2NPolarityConfig), (26 bytes).
    Removing stm32f10x_tim.o(i.TIM_OC2PolarityConfig), (26 bytes).
    Removing stm32f10x_tim.o(i.TIM_OC2PreloadConfig), (26 bytes).
    Removing stm32f10x_tim.o(i.TIM_OC3FastConfig), (18 bytes).
    Removing stm32f10x_tim.o(i.TIM_OC3Init), (160 bytes).
    Removing stm32f10x_tim.o(i.TIM_OC3NPolarityConfig), (26 bytes).
    Removing stm32f10x_tim.o(i.TIM_OC3PolarityConfig), (26 bytes).
    Removing stm32f10x_tim.o(i.TIM_OC3PreloadConfig), (18 bytes).
    Removing stm32f10x_tim.o(i.TIM_OC4FastConfig), (26 bytes).
    Removing stm32f10x_tim.o(i.TIM_OC4Init), (124 bytes).
    Removing stm32f10x_tim.o(i.TIM_OC4PolarityConfig), (26 bytes).
    Removing stm32f10x_tim.o(i.TIM_OC4PreloadConfig), (26 bytes).
    Removing stm32f10x_tim.o(i.TIM_OCStructInit), (20 bytes).
    Removing stm32f10x_tim.o(i.TIM_PWMIConfig), (124 bytes).
    Removing stm32f10x_tim.o(i.TIM_PrescalerConfig), (6 bytes).
    Removing stm32f10x_tim.o(i.TIM_SelectCCDMA), (24 bytes).
    Removing stm32f10x_tim.o(i.TIM_SelectCOM), (24 bytes).
    Removing stm32f10x_tim.o(i.TIM_SelectHallSensor), (24 bytes).
    Removing stm32f10x_tim.o(i.TIM_SelectInputTrigger), (18 bytes).
    Removing stm32f10x_tim.o(i.TIM_SelectMasterSlaveMode), (18 bytes).
    Removing stm32f10x_tim.o(i.TIM_SelectOCxM), (82 bytes).
    Removing stm32f10x_tim.o(i.TIM_SelectOnePulseMode), (18 bytes).
    Removing stm32f10x_tim.o(i.TIM_SelectOutputTrigger), (18 bytes).
    Removing stm32f10x_tim.o(i.TIM_SelectSlaveMode), (18 bytes).
    Removing stm32f10x_tim.o(i.TIM_SetAutoreload), (4 bytes).
    Removing stm32f10x_tim.o(i.TIM_SetClockDivision), (18 bytes).
    Removing stm32f10x_tim.o(i.TIM_SetCompare1), (4 bytes).
    Removing stm32f10x_tim.o(i.TIM_SetCompare2), (4 bytes).
    Removing stm32f10x_tim.o(i.TIM_SetCompare3), (4 bytes).
    Removing stm32f10x_tim.o(i.TIM_SetCompare4), (6 bytes).
    Removing stm32f10x_tim.o(i.TIM_SetCounter), (4 bytes).
    Removing stm32f10x_tim.o(i.TIM_SetIC1Prescaler), (18 bytes).
    Removing stm32f10x_tim.o(i.TIM_SetIC2Prescaler), (26 bytes).
    Removing stm32f10x_tim.o(i.TIM_SetIC3Prescaler), (18 bytes).
    Removing stm32f10x_tim.o(i.TIM_SetIC4Prescaler), (26 bytes).
    Removing stm32f10x_tim.o(i.TIM_TIxExternalClockConfig), (62 bytes).
    Removing stm32f10x_tim.o(i.TIM_TimeBaseStructInit), (18 bytes).
    Removing stm32f10x_tim.o(i.TIM_UpdateDisableConfig), (24 bytes).
    Removing stm32f10x_tim.o(i.TIM_UpdateRequestConfig), (24 bytes).
    Removing stm32f10x_spi.o(i.I2S_Cmd), (24 bytes).
    Removing stm32f10x_spi.o(i.I2S_Init), (232 bytes).
    Removing stm32f10x_spi.o(i.I2S_StructInit), (20 bytes).
    Removing stm32f10x_spi.o(i.SPI_BiDirectionalLineConfig), (28 bytes).
    Removing stm32f10x_spi.o(i.SPI_CalculateCRC), (24 bytes).
    Removing stm32f10x_spi.o(i.SPI_DataSizeConfig), (18 bytes).
    Removing stm32f10x_spi.o(i.SPI_GetCRC), (16 bytes).
    Removing stm32f10x_spi.o(i.SPI_GetCRCPolynomial), (6 bytes).
    Removing stm32f10x_spi.o(i.SPI_I2S_ClearFlag), (6 bytes).
    Removing stm32f10x_spi.o(i.SPI_I2S_ClearITPendingBit), (20 bytes).
    Removing stm32f10x_spi.o(i.SPI_I2S_DMACmd), (18 bytes).
    Removing stm32f10x_spi.o(i.SPI_I2S_DeInit), (88 bytes).
    Removing stm32f10x_spi.o(i.SPI_I2S_GetITStatus), (52 bytes).
    Removing stm32f10x_spi.o(i.SPI_I2S_ITConfig), (32 bytes).
    Removing stm32f10x_spi.o(i.SPI_NSSInternalSoftwareConfig), (30 bytes).
    Removing stm32f10x_spi.o(i.SPI_SSOutputCmd), (24 bytes).
    Removing stm32f10x_spi.o(i.SPI_StructInit), (24 bytes).
    Removing stm32f10x_spi.o(i.SPI_TransmitCRC), (10 bytes).
    Removing stm32f10x_can.o(i.CAN_CancelTransmit), (48 bytes).
    Removing stm32f10x_can.o(i.CAN_ClearFlag), (56 bytes).
    Removing stm32f10x_can.o(i.CAN_ClearITPendingBit), (168 bytes).
    Removing stm32f10x_can.o(i.CAN_DBGFreeze), (22 bytes).
    Removing stm32f10x_can.o(i.CAN_DeInit), (56 bytes).
    Removing stm32f10x_can.o(i.CAN_FIFORelease), (22 bytes).
    Removing stm32f10x_can.o(i.CAN_GetFlagStatus), (120 bytes).
    Removing stm32f10x_can.o(i.CAN_GetITStatus), (288 bytes).
    Removing stm32f10x_can.o(i.CAN_GetLSBTransmitErrorCounter), (12 bytes).
    Removing stm32f10x_can.o(i.CAN_GetLastErrorCode), (12 bytes).
    Removing stm32f10x_can.o(i.CAN_GetReceiveErrorCounter), (10 bytes).
    Removing stm32f10x_can.o(i.CAN_ITConfig), (18 bytes).
    Removing stm32f10x_can.o(i.CAN_Init), (276 bytes).
    Removing stm32f10x_can.o(i.CAN_MessagePending), (30 bytes).
    Removing stm32f10x_can.o(i.CAN_OperatingModeRequest), (162 bytes).
    Removing stm32f10x_can.o(i.CAN_Receive), (240 bytes).
    Removing stm32f10x_can.o(i.CAN_SlaveStartBank), (52 bytes).
    Removing stm32f10x_can.o(i.CAN_Sleep), (30 bytes).
    Removing stm32f10x_can.o(i.CAN_StructInit), (32 bytes).
    Removing stm32f10x_can.o(i.CAN_TTComModeCmd), (118 bytes).
    Removing stm32f10x_can.o(i.CAN_Transmit), (294 bytes).
    Removing stm32f10x_can.o(i.CAN_TransmitStatus), (160 bytes).
    Removing stm32f10x_can.o(i.CAN_WakeUp), (48 bytes).
    Removing stm32f10x_can.o(i.CheckITStatus), (18 bytes).

260 unused section(s) (total 13910 bytes) removed from the image.

==============================================================================

Image Symbol Table

    Local Symbols

    Symbol Name                              Value     Ov Type        Size  Object(Section)

    ../clib/../cmprslib/lz77c.c              0x00000000   Number         0  __dclz77c.o ABSOLUTE
    ../clib/microlib/init/entry.s            0x00000000   Number         0  entry9a.o ABSOLUTE
    ../clib/microlib/init/entry.s            0x00000000   Number         0  entry8b.o ABSOLUTE
    ../clib/microlib/init/entry.s            0x00000000   Number         0  entry8a.o ABSOLUTE
    ../clib/microlib/init/entry.s            0x00000000   Number         0  entry7b.o ABSOLUTE
    ../clib/microlib/init/entry.s            0x00000000   Number         0  entry7a.o ABSOLUTE
    ../clib/microlib/init/entry.s            0x00000000   Number         0  entry5.o ABSOLUTE
    ../clib/microlib/init/entry.s            0x00000000   Number         0  entry2.o ABSOLUTE
    ../clib/microlib/init/entry.s            0x00000000   Number         0  entry10a.o ABSOLUTE
    ../clib/microlib/init/entry.s            0x00000000   Number         0  entry.o ABSOLUTE
    ../clib/microlib/init/entry.s            0x00000000   Number         0  entry11b.o ABSOLUTE
    ../clib/microlib/init/entry.s            0x00000000   Number         0  entry11a.o ABSOLUTE
    ../clib/microlib/init/entry.s            0x00000000   Number         0  entry10b.o ABSOLUTE
    ../clib/microlib/init/entry.s            0x00000000   Number         0  entry9b.o ABSOLUTE
    ../clib/microlib/longlong.c              0x00000000   Number         0  llushr.o ABSOLUTE
    ../clib/microlib/longlong.c              0x00000000   Number         0  llsshr.o ABSOLUTE
    ../clib/microlib/longlong.c              0x00000000   Number         0  llshl.o ABSOLUTE
    ../clib/microlib/stubs.s                 0x00000000   Number         0  iusefp.o ABSOLUTE
    ../fplib/microlib/d2f.c                  0x00000000   Number         0  d2f.o ABSOLUTE
    ../fplib/microlib/f2d.c                  0x00000000   Number         0  f2d.o ABSOLUTE
    ../fplib/microlib/fpadd.c                0x00000000   Number         0  dadd.o ABSOLUTE
    ../fplib/microlib/fpadd.c                0x00000000   Number         0  fadd.o ABSOLUTE
    ../fplib/microlib/fpdiv.c                0x00000000   Number         0  fdiv.o ABSOLUTE
    ../fplib/microlib/fpepilogue.c           0x00000000   Number         0  depilogue.o ABSOLUTE
    ../fplib/microlib/fpepilogue.c           0x00000000   Number         0  fepilogue.o ABSOLUTE
    ../fplib/microlib/fpfix.c                0x00000000   Number         0  ffixui.o ABSOLUTE
    ../fplib/microlib/fpflt.c                0x00000000   Number         0  ffltui.o ABSOLUTE
    ../fplib/microlib/fpmul.c                0x00000000   Number         0  dmul.o ABSOLUTE
    ../fplib/microlib/fpmul.c                0x00000000   Number         0  fmul.o ABSOLUTE
    ..\CORE\core_cm3.c                       0x00000000   Number         0  core_cm3.o ABSOLUTE
    ..\CORE\startup_stm32f10x_hd.s           0x00000000   Number         0  startup_stm32f10x_hd.o ABSOLUTE
    ..\HARDWARE\DMA\dma.c                    0x00000000   Number         0  dma.o ABSOLUTE
    ..\HARDWARE\LED\led.c                    0x00000000   Number         0  led.o ABSOLUTE
    ..\STM32F10x_FWLib\src\misc.c            0x00000000   Number         0  misc.o ABSOLUTE
    ..\STM32F10x_FWLib\src\stm32f10x_can.c   0x00000000   Number         0  stm32f10x_can.o ABSOLUTE
    ..\STM32F10x_FWLib\src\stm32f10x_dma.c   0x00000000   Number         0  stm32f10x_dma.o ABSOLUTE
    ..\STM32F10x_FWLib\src\stm32f10x_fsmc.c  0x00000000   Number         0  stm32f10x_fsmc.o ABSOLUTE
    ..\STM32F10x_FWLib\src\stm32f10x_gpio.c  0x00000000   Number         0  stm32f10x_gpio.o ABSOLUTE
    ..\STM32F10x_FWLib\src\stm32f10x_rcc.c   0x00000000   Number         0  stm32f10x_rcc.o ABSOLUTE
    ..\STM32F10x_FWLib\src\stm32f10x_spi.c   0x00000000   Number         0  stm32f10x_spi.o ABSOLUTE
    ..\STM32F10x_FWLib\src\stm32f10x_tim.c   0x00000000   Number         0  stm32f10x_tim.o ABSOLUTE
    ..\STM32F10x_FWLib\src\stm32f10x_usart.c 0x00000000   Number         0  stm32f10x_usart.o ABSOLUTE
    ..\SYSTEM\SPI\SPI.c                      0x00000000   Number         0  spi.o ABSOLUTE
    ..\SYSTEM\adc\adc.c                      0x00000000   Number         0  adc.o ABSOLUTE
    ..\SYSTEM\can\can.c                      0x00000000   Number         0  can.o ABSOLUTE
    ..\SYSTEM\delay\delay.c                  0x00000000   Number         0  delay.o ABSOLUTE
    ..\SYSTEM\fun\fun.c                      0x00000000   Number         0  fun.o ABSOLUTE
    ..\SYSTEM\oled\oled.c                    0x00000000   Number         0  oled.o ABSOLUTE
    ..\SYSTEM\rgbw\rgbw.c                    0x00000000   Number         0  rgbw.o ABSOLUTE
    ..\SYSTEM\sys\sys.c                      0x00000000   Number         0  sys.o ABSOLUTE
    ..\SYSTEM\tim\tim.c                      0x00000000   Number         0  tim.o ABSOLUTE
    ..\SYSTEM\usart\usart.c                  0x00000000   Number         0  usart.o ABSOLUTE
    ..\\CORE\\core_cm3.c                     0x00000000   Number         0  core_cm3.o ABSOLUTE
    cdrcmple.s                               0x00000000   Number         0  cdrcmple.o ABSOLUTE
    dc.s                                     0x00000000   Number         0  dc.o ABSOLUTE
    handlers.s                               0x00000000   Number         0  handlers.o ABSOLUTE
    init.s                                   0x00000000   Number         0  init.o ABSOLUTE
    main.c                                   0x00000000   Number         0  main.o ABSOLUTE
    stm32f10x_it.c                           0x00000000   Number         0  stm32f10x_it.o ABSOLUTE
    system_stm32f10x.c                       0x00000000   Number         0  system_stm32f10x.o ABSOLUTE
    RESET                                    0x08000000   Section      304  startup_stm32f10x_hd.o(RESET)
    .ARM.Collect$$$$00000000                 0x08000130   Section        0  entry.o(.ARM.Collect$$$$00000000)
    .ARM.Collect$$$$00000001                 0x08000130   Section        4  entry2.o(.ARM.Collect$$$$00000001)
    .ARM.Collect$$$$00000004                 0x08000134   Section        4  entry5.o(.ARM.Collect$$$$00000004)
    .ARM.Collect$$$$00000008                 0x08000138   Section        0  entry7b.o(.ARM.Collect$$$$00000008)
    .ARM.Collect$$$$0000000A                 0x08000138   Section        0  entry8b.o(.ARM.Collect$$$$0000000A)
    .ARM.Collect$$$$0000000B                 0x08000138   Section        8  entry9a.o(.ARM.Collect$$$$0000000B)
    .ARM.Collect$$$$0000000D                 0x08000140   Section        0  entry10a.o(.ARM.Collect$$$$0000000D)
    .ARM.Collect$$$$0000000F                 0x08000140   Section        0  entry11a.o(.ARM.Collect$$$$0000000F)
    .ARM.Collect$$$$00002712                 0x08000140   Section        4  entry2.o(.ARM.Collect$$$$00002712)
    __lit__00000000                          0x08000140   Data           4  entry2.o(.ARM.Collect$$$$00002712)
    .text                                    0x08000144   Section       36  startup_stm32f10x_hd.o(.text)
    .text                                    0x08000168   Section        0  fadd.o(.text)
    .text                                    0x08000218   Section        0  fmul.o(.text)
    .text                                    0x0800027c   Section        0  fdiv.o(.text)
    .text                                    0x080002f8   Section        0  dadd.o(.text)
    .text                                    0x08000446   Section        0  dmul.o(.text)
    .text                                    0x0800052a   Section        0  ffltui.o(.text)
    .text                                    0x08000534   Section        0  ffixui.o(.text)
    .text                                    0x0800055c   Section        0  f2d.o(.text)
    .text                                    0x08000584   Section       48  cdrcmple.o(.text)
    .text                                    0x080005b4   Section        0  d2f.o(.text)
    .text                                    0x080005ec   Section        0  llshl.o(.text)
    .text                                    0x0800060a   Section        0  llsshr.o(.text)
    .text                                    0x0800062e   Section        0  fepilogue.o(.text)
    .text                                    0x0800062e   Section        0  iusefp.o(.text)
    .text                                    0x0800069c   Section        0  depilogue.o(.text)
    .text                                    0x08000758   Section       36  init.o(.text)
    .text                                    0x0800077c   Section        0  llushr.o(.text)
    .text                                    0x0800079c   Section        0  __dclz77c.o(.text)
    i.Adc_Init                               0x080007fc   Section        0  adc.o(i.Adc_Init)
    i.BusFault_Handler                       0x08000938   Section        0  stm32f10x_it.o(i.BusFault_Handler)
    i.CAN1_Mode_Init                         0x0800093c   Section        0  can.o(i.CAN1_Mode_Init)
    i.CAN1_Send_Num                          0x08000ab0   Section        0  can.o(i.CAN1_Send_Num)
    i.CAN1_Tx_Msg                            0x08000af0   Section        0  can.o(i.CAN1_Tx_Msg)
    i.CAN1_Tx_Staus                          0x08000bfc   Section        0  can.o(i.CAN1_Tx_Staus)
    i.CAN_FilterInit                         0x08000c80   Section        0  stm32f10x_can.o(i.CAN_FilterInit)
    i.DMA1_Channel2_IRQHandler               0x08000d88   Section        0  dma.o(i.DMA1_Channel2_IRQHandler)
    i.DMA1_Channel3_IRQHandler               0x08000dc4   Section        0  dma.o(i.DMA1_Channel3_IRQHandler)
    i.DMA1_Channel4_IRQHandler               0x08000de4   Section        0  dma.o(i.DMA1_Channel4_IRQHandler)
    i.DMA1_Channel5_IRQHandler               0x08000e20   Section        0  dma.o(i.DMA1_Channel5_IRQHandler)
    i.DMA1_Channel6_IRQHandler               0x08000e50   Section        0  dma.o(i.DMA1_Channel6_IRQHandler)
    i.DMA1_Channel7_IRQHandler               0x08000e70   Section        0  dma.o(i.DMA1_Channel7_IRQHandler)
    i.DMA_ClearFlag                          0x08000e9c   Section        0  stm32f10x_dma.o(i.DMA_ClearFlag)
    i.DMA_ClearITPendingBit                  0x08000eb8   Section        0  stm32f10x_dma.o(i.DMA_ClearITPendingBit)
    i.DMA_Cmd                                0x08000ed4   Section        0  stm32f10x_dma.o(i.DMA_Cmd)
    i.DMA_GetITStatus                        0x08000eec   Section        0  stm32f10x_dma.o(i.DMA_GetITStatus)
    i.DMA_USART1_Rx_Config                   0x08000f18   Section        0  dma.o(i.DMA_USART1_Rx_Config)
    i.DMA_USART1_Tx_Config                   0x08000fbc   Section        0  dma.o(i.DMA_USART1_Tx_Config)
    i.DMA_USART2_Rx_Config                   0x08001040   Section        0  dma.o(i.DMA_USART2_Rx_Config)
    i.DMA_USART2_Tx_Config                   0x080010dc   Section        0  dma.o(i.DMA_USART2_Tx_Config)
    i.DMA_USART3_Rx_Config                   0x08001160   Section        0  dma.o(i.DMA_USART3_Rx_Config)
    i.DMA_USART3_Tx_Config                   0x080011fc   Section        0  dma.o(i.DMA_USART3_Tx_Config)
    i.DebugMon_Handler                       0x08001280   Section        0  stm32f10x_it.o(i.DebugMon_Handler)
    i.GPIO_Init                              0x08001282   Section        0  stm32f10x_gpio.o(i.GPIO_Init)
    i.GPIO_PinRemapConfig                    0x08001398   Section        0  stm32f10x_gpio.o(i.GPIO_PinRemapConfig)
    i.GPIO_ResetBits                         0x08001428   Section        0  stm32f10x_gpio.o(i.GPIO_ResetBits)
    i.GPIO_SetBits                           0x0800142c   Section        0  stm32f10x_gpio.o(i.GPIO_SetBits)
    i.Get_Adc_Average1                       0x08001430   Section        0  adc.o(i.Get_Adc_Average1)
    i.HardFault_Handler                      0x0800159c   Section        0  stm32f10x_it.o(i.HardFault_Handler)
    i.KEY_Init                               0x080015a0   Section        0  led.o(i.KEY_Init)
    i.LED_Init                               0x08001624   Section        0  led.o(i.LED_Init)
    i.MemManage_Handler                      0x08001690   Section        0  stm32f10x_it.o(i.MemManage_Handler)
    i.NMI_Handler                            0x08001694   Section        0  stm32f10x_it.o(i.NMI_Handler)
    i.NVIC_Configuration                     0x08001696   Section        0  sys.o(i.NVIC_Configuration)
    i.NVIC_Init                              0x080016a4   Section        0  misc.o(i.NVIC_Init)
    i.NVIC_PriorityGroupConfig               0x08001714   Section        0  misc.o(i.NVIC_PriorityGroupConfig)
    i.OLED_Clear                             0x08001728   Section        0  oled.o(i.OLED_Clear)
    i.OLED_Init                              0x08001768   Section        0  oled.o(i.OLED_Init)
    i.OLED_Set_Pos                           0x080018d4   Section        0  oled.o(i.OLED_Set_Pos)
    i.OLED_ShowChar                          0x08001904   Section        0  oled.o(i.OLED_ShowChar)
    i.OLED_ShowNum                           0x08001a58   Section        0  oled.o(i.OLED_ShowNum)
    i.OLED_WR_Byte                           0x08001adc   Section        0  oled.o(i.OLED_WR_Byte)
    i.OLEDtinct                              0x08001b50   Section        0  fun.o(i.OLEDtinct)
    i.PendSV_Handler                         0x08001b6e   Section        0  stm32f10x_it.o(i.PendSV_Handler)
    i.RCC_AHBPeriphClockCmd                  0x08001b70   Section        0  stm32f10x_rcc.o(i.RCC_AHBPeriphClockCmd)
    i.RCC_APB1PeriphClockCmd                 0x08001b90   Section        0  stm32f10x_rcc.o(i.RCC_APB1PeriphClockCmd)
    i.RCC_APB2PeriphClockCmd                 0x08001bb0   Section        0  stm32f10x_rcc.o(i.RCC_APB2PeriphClockCmd)
    i.Rx_summ                                0x08001bd0   Section        0  fun.o(i.Rx_summ)
    i.SPI1_IRQHandler                        0x08001bfc   Section        0  spi.o(i.SPI1_IRQHandler)
    i.SPI2_Init                              0x08001c00   Section        0  spi.o(i.SPI2_Init)
    i.SPI2_ReadWriteByte                     0x08001c94   Section        0  spi.o(i.SPI2_ReadWriteByte)
    i.SPI2_WriteByte                         0x08001ccc   Section        0  spi.o(i.SPI2_WriteByte)
    i.SPI_Cmd                                0x08001d1c   Section        0  stm32f10x_spi.o(i.SPI_Cmd)
    i.SPI_I2S_GetFlagStatus                  0x08001d34   Section        0  stm32f10x_spi.o(i.SPI_I2S_GetFlagStatus)
    i.SPI_I2S_ReceiveData                    0x08001d46   Section        0  stm32f10x_spi.o(i.SPI_I2S_ReceiveData)
    i.SPI_I2S_SendData                       0x08001d4c   Section        0  stm32f10x_spi.o(i.SPI_I2S_SendData)
    i.SPI_Init                               0x08001d50   Section        0  stm32f10x_spi.o(i.SPI_Init)
    i.SVC_Handler                            0x08001d8c   Section        0  stm32f10x_it.o(i.SVC_Handler)
    i.SetSysClock                            0x08001d8e   Section        0  system_stm32f10x.o(i.SetSysClock)
    SetSysClock                              0x08001d8f   Thumb Code     8  system_stm32f10x.o(i.SetSysClock)
    i.SetSysClockTo72                        0x08001d98   Section        0  system_stm32f10x.o(i.SetSysClockTo72)
    SetSysClockTo72                          0x08001d99   Thumb Code   214  system_stm32f10x.o(i.SetSysClockTo72)
    i.SysTick_CLKSourceConfig                0x08001e78   Section        0  misc.o(i.SysTick_CLKSourceConfig)
    i.SysTick_Handler                        0x08001ea0   Section        0  stm32f10x_it.o(i.SysTick_Handler)
    i.SystemInit                             0x08001ea4   Section        0  system_stm32f10x.o(i.SystemInit)
    i.TIM2_IRQHandler                        0x08001f04   Section        0  tim.o(i.TIM2_IRQHandler)
    i.TIM2_Int_Init                          0x08001f1a   Section        0  tim.o(i.TIM2_Int_Init)
    i.TIM3_IRQHandler                        0x08001f74   Section        0  tim.o(i.TIM3_IRQHandler)
    i.TIM3_Int_Init                          0x0800205c   Section        0  tim.o(i.TIM3_Int_Init)
    i.TIM_ClearITPendingBit                  0x080020bc   Section        0  stm32f10x_tim.o(i.TIM_ClearITPendingBit)
    i.TIM_Cmd                                0x080020c2   Section        0  stm32f10x_tim.o(i.TIM_Cmd)
    i.TIM_GetITStatus                        0x080020da   Section        0  stm32f10x_tim.o(i.TIM_GetITStatus)
    i.TIM_ITConfig                           0x080020fc   Section        0  stm32f10x_tim.o(i.TIM_ITConfig)
    i.TIM_TimeBaseInit                       0x08002110   Section        0  stm32f10x_tim.o(i.TIM_TimeBaseInit)
    i.USART1_IRQHandler                      0x080021b4   Section        0  usart.o(i.USART1_IRQHandler)
    i.USART1_RD                              0x080022ac   Section        0  fun.o(i.USART1_RD)
    i.USART2_IRQHandler                      0x08002300   Section        0  usart.o(i.USART2_IRQHandler)
    i.USART2_RD                              0x080023d0   Section        0  fun.o(i.USART2_RD)
    i.USART3_IRQHandler                      0x0800245c   Section        0  usart.o(i.USART3_IRQHandler)
    i.USART_GetITStatus                      0x0800252c   Section        0  stm32f10x_usart.o(i.USART_GetITStatus)
    i.UsageFault_Handler                     0x08002580   Section        0  stm32f10x_it.o(i.UsageFault_Handler)
    i.WS2812B_Task                           0x08002584   Section        0  rgbw.o(i.WS2812B_Task)
    i.WS2812b_Set                            0x080025d4   Section        0  rgbw.o(i.WS2812b_Set)
    i.__scatterload_copy                     0x0800269c   Section       14  handlers.o(i.__scatterload_copy)
    i.__scatterload_null                     0x080026aa   Section        2  handlers.o(i.__scatterload_null)
    i.__scatterload_zeroinit                 0x080026ac   Section       14  handlers.o(i.__scatterload_zeroinit)
    i.crc16                                  0x080026bc   Section        0  fun.o(i.crc16)
    i.delay_init                             0x080026f4   Section        0  delay.o(i.delay_init)
    i.delay_ms                               0x08002738   Section        0  delay.o(i.delay_ms)
    i.fun                                    0x08002784   Section        0  fun.o(i.fun)
    i.key                                    0x08002890   Section        0  fun.o(i.key)
    i.main                                   0x080030bc   Section        0  main.o(i.main)
    i.oled_pow                               0x080031c8   Section        0  oled.o(i.oled_pow)
    i.sumc                                   0x080031de   Section        0  fun.o(i.sumc)
    i.uart1_init                             0x080031fc   Section        0  usart.o(i.uart1_init)
    i.uart2_init                             0x08003300   Section        0  usart.o(i.uart2_init)
    i.uart3_init                             0x0800341c   Section        0  usart.o(i.uart3_init)
    .constdata                               0x08003538   Section      512  fun.o(.constdata)
    .constdata                               0x08003738   Section    49020  oled.o(.constdata)
    .data                                    0x20000000   Section        2  main.o(.data)
    .data                                    0x20000004   Section       20  system_stm32f10x.o(.data)
    .data                                    0x20000018   Section        6  dma.o(.data)
    .data                                    0x2000001e   Section       22  tim.o(.data)
    .data                                    0x20000034   Section        4  delay.o(.data)
    fac_us                                   0x20000034   Data           1  delay.o(.data)
    fac_ms                                   0x20000036   Data           2  delay.o(.data)
    .data                                    0x20000038   Section       16  usart.o(.data)
    .data                                    0x20000048   Section     2077  fun.o(.data)
    .data                                    0x20000868   Section       20  adc.o(.data)
    .data                                    0x2000087c   Section        1  oled.o(.data)
    .bss                                     0x20000880   Section      600  dma.o(.bss)
    .bss                                     0x20000ad8   Section     1225  fun.o(.bss)
    .bss                                     0x20000fa1   Section      825  rgbw.o(.bss)
    STACK                                    0x200012e0   Section     1024  startup_stm32f10x_hd.o(STACK)

    Global Symbols

    Symbol Name                              Value     Ov Type        Size  Object(Section)

    BuildAttributes$$THM_ISAv4$P$D$K$B$S$PE$A:L22UL41UL21$X:L11$S22US41US21$IEEE1$IW$USESV6$~STKCKD$USESV7$~SHL$OTIME$ROPI$EBA8$MICROLIB$REQ8$PRES8$EABIv2 0x00000000   Number         0  anon$$obj.o ABSOLUTE
    __ARM_use_no_argv                        0x00000000   Number         0  main.o ABSOLUTE
    __cpp_initialize__aeabi_                  - Undefined Weak Reference
    __cxa_finalize                            - Undefined Weak Reference
    _clock_init                               - Undefined Weak Reference
    _microlib_exit                            - Undefined Weak Reference
    __Vectors_Size                           0x00000130   Number         0  startup_stm32f10x_hd.o ABSOLUTE
    __Vectors                                0x08000000   Data           4  startup_stm32f10x_hd.o(RESET)
    __Vectors_End                            0x08000130   Data           0  startup_stm32f10x_hd.o(RESET)
    __main                                   0x08000131   Thumb Code     0  entry.o(.ARM.Collect$$$$00000000)
    _main_stk                                0x08000131   Thumb Code     0  entry2.o(.ARM.Collect$$$$00000001)
    _main_scatterload                        0x08000135   Thumb Code     0  entry5.o(.ARM.Collect$$$$00000004)
    __main_after_scatterload                 0x08000139   Thumb Code     0  entry5.o(.ARM.Collect$$$$00000004)
    _main_clock                              0x08000139   Thumb Code     0  entry7b.o(.ARM.Collect$$$$00000008)
    _main_cpp_init                           0x08000139   Thumb Code     0  entry8b.o(.ARM.Collect$$$$0000000A)
    _main_init                               0x08000139   Thumb Code     0  entry9a.o(.ARM.Collect$$$$0000000B)
    __rt_final_cpp                           0x08000141   Thumb Code     0  entry10a.o(.ARM.Collect$$$$0000000D)
    __rt_final_exit                          0x08000141   Thumb Code     0  entry11a.o(.ARM.Collect$$$$0000000F)
    Reset_Handler                            0x08000145   Thumb Code     8  startup_stm32f10x_hd.o(.text)
    ADC1_2_IRQHandler                        0x0800015f   Thumb Code     0  startup_stm32f10x_hd.o(.text)
    ADC3_IRQHandler                          0x0800015f   Thumb Code     0  startup_stm32f10x_hd.o(.text)
    CAN1_RX1_IRQHandler                      0x0800015f   Thumb Code     0  startup_stm32f10x_hd.o(.text)
    CAN1_SCE_IRQHandler                      0x0800015f   Thumb Code     0  startup_stm32f10x_hd.o(.text)
    DMA1_Channel1_IRQHandler                 0x0800015f   Thumb Code     0  startup_stm32f10x_hd.o(.text)
    DMA2_Channel1_IRQHandler                 0x0800015f   Thumb Code     0  startup_stm32f10x_hd.o(.text)
    DMA2_Channel2_IRQHandler                 0x0800015f   Thumb Code     0  startup_stm32f10x_hd.o(.text)
    DMA2_Channel3_IRQHandler                 0x0800015f   Thumb Code     0  startup_stm32f10x_hd.o(.text)
    DMA2_Channel4_5_IRQHandler               0x0800015f   Thumb Code     0  startup_stm32f10x_hd.o(.text)
    EXTI0_IRQHandler                         0x0800015f   Thumb Code     0  startup_stm32f10x_hd.o(.text)
    EXTI15_10_IRQHandler                     0x0800015f   Thumb Code     0  startup_stm32f10x_hd.o(.text)
    EXTI1_IRQHandler                         0x0800015f   Thumb Code     0  startup_stm32f10x_hd.o(.text)
    EXTI2_IRQHandler                         0x0800015f   Thumb Code     0  startup_stm32f10x_hd.o(.text)
    EXTI3_IRQHandler                         0x0800015f   Thumb Code     0  startup_stm32f10x_hd.o(.text)
    EXTI4_IRQHandler                         0x0800015f   Thumb Code     0  startup_stm32f10x_hd.o(.text)
    EXTI9_5_IRQHandler                       0x0800015f   Thumb Code     0  startup_stm32f10x_hd.o(.text)
    FLASH_IRQHandler                         0x0800015f   Thumb Code     0  startup_stm32f10x_hd.o(.text)
    FSMC_IRQHandler                          0x0800015f   Thumb Code     0  startup_stm32f10x_hd.o(.text)
    I2C1_ER_IRQHandler                       0x0800015f   Thumb Code     0  startup_stm32f10x_hd.o(.text)
    I2C1_EV_IRQHandler                       0x0800015f   Thumb Code     0  startup_stm32f10x_hd.o(.text)
    I2C2_ER_IRQHandler                       0x0800015f   Thumb Code     0  startup_stm32f10x_hd.o(.text)
    I2C2_EV_IRQHandler                       0x0800015f   Thumb Code     0  startup_stm32f10x_hd.o(.text)
    PVD_IRQHandler                           0x0800015f   Thumb Code     0  startup_stm32f10x_hd.o(.text)
    RCC_IRQHandler                           0x0800015f   Thumb Code     0  startup_stm32f10x_hd.o(.text)
    RTCAlarm_IRQHandler                      0x0800015f   Thumb Code     0  startup_stm32f10x_hd.o(.text)
    RTC_IRQHandler                           0x0800015f   Thumb Code     0  startup_stm32f10x_hd.o(.text)
    SDIO_IRQHandler                          0x0800015f   Thumb Code     0  startup_stm32f10x_hd.o(.text)
    SPI2_IRQHandler                          0x0800015f   Thumb Code     0  startup_stm32f10x_hd.o(.text)
    SPI3_IRQHandler                          0x0800015f   Thumb Code     0  startup_stm32f10x_hd.o(.text)
    TAMPER_IRQHandler                        0x0800015f   Thumb Code     0  startup_stm32f10x_hd.o(.text)
    TIM1_BRK_IRQHandler                      0x0800015f   Thumb Code     0  startup_stm32f10x_hd.o(.text)
    TIM1_CC_IRQHandler                       0x0800015f   Thumb Code     0  startup_stm32f10x_hd.o(.text)
    TIM1_TRG_COM_IRQHandler                  0x0800015f   Thumb Code     0  startup_stm32f10x_hd.o(.text)
    TIM1_UP_IRQHandler                       0x0800015f   Thumb Code     0  startup_stm32f10x_hd.o(.text)
    TIM4_IRQHandler                          0x0800015f   Thumb Code     0  startup_stm32f10x_hd.o(.text)
    TIM5_IRQHandler                          0x0800015f   Thumb Code     0  startup_stm32f10x_hd.o(.text)
    TIM6_IRQHandler                          0x0800015f   Thumb Code     0  startup_stm32f10x_hd.o(.text)
    TIM7_IRQHandler                          0x0800015f   Thumb Code     0  startup_stm32f10x_hd.o(.text)
    TIM8_BRK_IRQHandler                      0x0800015f   Thumb Code     0  startup_stm32f10x_hd.o(.text)
    TIM8_CC_IRQHandler                       0x0800015f   Thumb Code     0  startup_stm32f10x_hd.o(.text)
    TIM8_TRG_COM_IRQHandler                  0x0800015f   Thumb Code     0  startup_stm32f10x_hd.o(.text)
    TIM8_UP_IRQHandler                       0x0800015f   Thumb Code     0  startup_stm32f10x_hd.o(.text)
    UART4_IRQHandler                         0x0800015f   Thumb Code     0  startup_stm32f10x_hd.o(.text)
    UART5_IRQHandler                         0x0800015f   Thumb Code     0  startup_stm32f10x_hd.o(.text)
    USBWakeUp_IRQHandler                     0x0800015f   Thumb Code     0  startup_stm32f10x_hd.o(.text)
    USB_HP_CAN1_TX_IRQHandler                0x0800015f   Thumb Code     0  startup_stm32f10x_hd.o(.text)
    USB_LP_CAN1_RX0_IRQHandler               0x0800015f   Thumb Code     0  startup_stm32f10x_hd.o(.text)
    WWDG_IRQHandler                          0x0800015f   Thumb Code     0  startup_stm32f10x_hd.o(.text)
    __aeabi_fadd                             0x08000169   Thumb Code   164  fadd.o(.text)
    __aeabi_fsub                             0x0800020d   Thumb Code     6  fadd.o(.text)
    __aeabi_frsub                            0x08000213   Thumb Code     6  fadd.o(.text)
    __aeabi_fmul                             0x08000219   Thumb Code   100  fmul.o(.text)
    __aeabi_fdiv                             0x0800027d   Thumb Code   124  fdiv.o(.text)
    __aeabi_dadd                             0x080002f9   Thumb Code   322  dadd.o(.text)
    __aeabi_dsub                             0x0800043b   Thumb Code     6  dadd.o(.text)
    __aeabi_drsub                            0x08000441   Thumb Code     6  dadd.o(.text)
    __aeabi_dmul                             0x08000447   Thumb Code   228  dmul.o(.text)
    __aeabi_ui2f                             0x0800052b   Thumb Code    10  ffltui.o(.text)
    __aeabi_f2uiz                            0x08000535   Thumb Code    40  ffixui.o(.text)
    __aeabi_f2d                              0x0800055d   Thumb Code    38  f2d.o(.text)
    __aeabi_cdrcmple                         0x08000585   Thumb Code    48  cdrcmple.o(.text)
    __aeabi_d2f                              0x080005b5   Thumb Code    56  d2f.o(.text)
    __aeabi_llsl                             0x080005ed   Thumb Code    30  llshl.o(.text)
    _ll_shift_l                              0x080005ed   Thumb Code     0  llshl.o(.text)
    __aeabi_lasr                             0x0800060b   Thumb Code    36  llsshr.o(.text)
    _ll_sshift_r                             0x0800060b   Thumb Code     0  llsshr.o(.text)
    __I$use$fp                               0x0800062f   Thumb Code     0  iusefp.o(.text)
    _float_round                             0x0800062f   Thumb Code    18  fepilogue.o(.text)
    _float_epilogue                          0x08000641   Thumb Code    92  fepilogue.o(.text)
    _double_round                            0x0800069d   Thumb Code    30  depilogue.o(.text)
    _double_epilogue                         0x080006bb   Thumb Code   156  depilogue.o(.text)
    __scatterload                            0x08000759   Thumb Code    28  init.o(.text)
    __scatterload_rt2                        0x08000759   Thumb Code     0  init.o(.text)
    __aeabi_llsr                             0x0800077d   Thumb Code    32  llushr.o(.text)
    _ll_ushift_r                             0x0800077d   Thumb Code     0  llushr.o(.text)
    __decompress                             0x0800079d   Thumb Code     0  __dclz77c.o(.text)
    __decompress2                            0x0800079d   Thumb Code    94  __dclz77c.o(.text)
    Adc_Init                                 0x080007fd   Thumb Code   298  adc.o(i.Adc_Init)
    BusFault_Handler                         0x08000939   Thumb Code     4  stm32f10x_it.o(i.BusFault_Handler)
    CAN1_Mode_Init                           0x0800093d   Thumb Code   362  can.o(i.CAN1_Mode_Init)
    CAN1_Send_Num                            0x08000ab1   Thumb Code    64  can.o(i.CAN1_Send_Num)
    CAN1_Tx_Msg                              0x08000af1   Thumb Code   260  can.o(i.CAN1_Tx_Msg)
    CAN1_Tx_Staus                            0x08000bfd   Thumb Code   126  can.o(i.CAN1_Tx_Staus)
    CAN_FilterInit                           0x08000c81   Thumb Code   258  stm32f10x_can.o(i.CAN_FilterInit)
    DMA1_Channel2_IRQHandler                 0x08000d89   Thumb Code    46  dma.o(i.DMA1_Channel2_IRQHandler)
    DMA1_Channel3_IRQHandler                 0x08000dc5   Thumb Code    30  dma.o(i.DMA1_Channel3_IRQHandler)
    DMA1_Channel4_IRQHandler                 0x08000de5   Thumb Code    46  dma.o(i.DMA1_Channel4_IRQHandler)
    DMA1_Channel5_IRQHandler                 0x08000e21   Thumb Code    44  dma.o(i.DMA1_Channel5_IRQHandler)
    DMA1_Channel6_IRQHandler                 0x08000e51   Thumb Code    26  dma.o(i.DMA1_Channel6_IRQHandler)
    DMA1_Channel7_IRQHandler                 0x08000e71   Thumb Code    36  dma.o(i.DMA1_Channel7_IRQHandler)
    DMA_ClearFlag                            0x08000e9d   Thumb Code    18  stm32f10x_dma.o(i.DMA_ClearFlag)
    DMA_ClearITPendingBit                    0x08000eb9   Thumb Code    18  stm32f10x_dma.o(i.DMA_ClearITPendingBit)
    DMA_Cmd                                  0x08000ed5   Thumb Code    24  stm32f10x_dma.o(i.DMA_Cmd)
    DMA_GetITStatus                          0x08000eed   Thumb Code    36  stm32f10x_dma.o(i.DMA_GetITStatus)
    DMA_USART1_Rx_Config                     0x08000f19   Thumb Code   150  dma.o(i.DMA_USART1_Rx_Config)
    DMA_USART1_Tx_Config                     0x08000fbd   Thumb Code   122  dma.o(i.DMA_USART1_Tx_Config)
    DMA_USART2_Rx_Config                     0x08001041   Thumb Code   142  dma.o(i.DMA_USART2_Rx_Config)
    DMA_USART2_Tx_Config                     0x080010dd   Thumb Code   122  dma.o(i.DMA_USART2_Tx_Config)
    DMA_USART3_Rx_Config                     0x08001161   Thumb Code   142  dma.o(i.DMA_USART3_Rx_Config)
    DMA_USART3_Tx_Config                     0x080011fd   Thumb Code   122  dma.o(i.DMA_USART3_Tx_Config)
    DebugMon_Handler                         0x08001281   Thumb Code     2  stm32f10x_it.o(i.DebugMon_Handler)
    GPIO_Init                                0x08001283   Thumb Code   278  stm32f10x_gpio.o(i.GPIO_Init)
    GPIO_PinRemapConfig                      0x08001399   Thumb Code   138  stm32f10x_gpio.o(i.GPIO_PinRemapConfig)
    GPIO_ResetBits                           0x08001429   Thumb Code     4  stm32f10x_gpio.o(i.GPIO_ResetBits)
    GPIO_SetBits                             0x0800142d   Thumb Code     4  stm32f10x_gpio.o(i.GPIO_SetBits)
    Get_Adc_Average1                         0x08001431   Thumb Code   310  adc.o(i.Get_Adc_Average1)
    HardFault_Handler                        0x0800159d   Thumb Code     4  stm32f10x_it.o(i.HardFault_Handler)
    KEY_Init                                 0x080015a1   Thumb Code   114  led.o(i.KEY_Init)
    LED_Init                                 0x08001625   Thumb Code   100  led.o(i.LED_Init)
    MemManage_Handler                        0x08001691   Thumb Code     4  stm32f10x_it.o(i.MemManage_Handler)
    NMI_Handler                              0x08001695   Thumb Code     2  stm32f10x_it.o(i.NMI_Handler)
    NVIC_Configuration                       0x08001697   Thumb Code    12  sys.o(i.NVIC_Configuration)
    NVIC_Init                                0x080016a5   Thumb Code   100  misc.o(i.NVIC_Init)
    NVIC_PriorityGroupConfig                 0x08001715   Thumb Code    10  misc.o(i.NVIC_PriorityGroupConfig)
    OLED_Clear                               0x08001729   Thumb Code    64  oled.o(i.OLED_Clear)
    OLED_Init                                0x08001769   Thumb Code   352  oled.o(i.OLED_Init)
    OLED_Set_Pos                             0x080018d5   Thumb Code    46  oled.o(i.OLED_Set_Pos)
    OLED_ShowChar                            0x08001905   Thumb Code   334  oled.o(i.OLED_ShowChar)
    OLED_ShowNum                             0x08001a59   Thumb Code   132  oled.o(i.OLED_ShowNum)
    OLED_WR_Byte                             0x08001add   Thumb Code   108  oled.o(i.OLED_WR_Byte)
    OLEDtinct                                0x08001b51   Thumb Code    30  fun.o(i.OLEDtinct)
    PendSV_Handler                           0x08001b6f   Thumb Code     2  stm32f10x_it.o(i.PendSV_Handler)
    RCC_AHBPeriphClockCmd                    0x08001b71   Thumb Code    26  stm32f10x_rcc.o(i.RCC_AHBPeriphClockCmd)
    RCC_APB1PeriphClockCmd                   0x08001b91   Thumb Code    26  stm32f10x_rcc.o(i.RCC_APB1PeriphClockCmd)
    RCC_APB2PeriphClockCmd                   0x08001bb1   Thumb Code    26  stm32f10x_rcc.o(i.RCC_APB2PeriphClockCmd)
    Rx_summ                                  0x08001bd1   Thumb Code    44  fun.o(i.Rx_summ)
    SPI1_IRQHandler                          0x08001bfd   Thumb Code     2  spi.o(i.SPI1_IRQHandler)
    SPI2_Init                                0x08001c01   Thumb Code   140  spi.o(i.SPI2_Init)
    SPI2_ReadWriteByte                       0x08001c95   Thumb Code    52  spi.o(i.SPI2_ReadWriteByte)
    SPI2_WriteByte                           0x08001ccd   Thumb Code    76  spi.o(i.SPI2_WriteByte)
    SPI_Cmd                                  0x08001d1d   Thumb Code    24  stm32f10x_spi.o(i.SPI_Cmd)
    SPI_I2S_GetFlagStatus                    0x08001d35   Thumb Code    18  stm32f10x_spi.o(i.SPI_I2S_GetFlagStatus)
    SPI_I2S_ReceiveData                      0x08001d47   Thumb Code     6  stm32f10x_spi.o(i.SPI_I2S_ReceiveData)
    SPI_I2S_SendData                         0x08001d4d   Thumb Code     4  stm32f10x_spi.o(i.SPI_I2S_SendData)
    SPI_Init                                 0x08001d51   Thumb Code    60  stm32f10x_spi.o(i.SPI_Init)
    SVC_Handler                              0x08001d8d   Thumb Code     2  stm32f10x_it.o(i.SVC_Handler)
    SysTick_CLKSourceConfig                  0x08001e79   Thumb Code    40  misc.o(i.SysTick_CLKSourceConfig)
    SysTick_Handler                          0x08001ea1   Thumb Code     2  stm32f10x_it.o(i.SysTick_Handler)
    SystemInit                               0x08001ea5   Thumb Code    78  system_stm32f10x.o(i.SystemInit)
    TIM2_IRQHandler                          0x08001f05   Thumb Code    22  tim.o(i.TIM2_IRQHandler)
    TIM2_Int_Init                            0x08001f1b   Thumb Code    90  tim.o(i.TIM2_Int_Init)
    TIM3_IRQHandler                          0x08001f75   Thumb Code   172  tim.o(i.TIM3_IRQHandler)
    TIM3_Int_Init                            0x0800205d   Thumb Code    90  tim.o(i.TIM3_Int_Init)
    TIM_ClearITPendingBit                    0x080020bd   Thumb Code     6  stm32f10x_tim.o(i.TIM_ClearITPendingBit)
    TIM_Cmd                                  0x080020c3   Thumb Code    24  stm32f10x_tim.o(i.TIM_Cmd)
    TIM_GetITStatus                          0x080020db   Thumb Code    34  stm32f10x_tim.o(i.TIM_GetITStatus)
    TIM_ITConfig                             0x080020fd   Thumb Code    18  stm32f10x_tim.o(i.TIM_ITConfig)
    TIM_TimeBaseInit                         0x08002111   Thumb Code   122  stm32f10x_tim.o(i.TIM_TimeBaseInit)
    USART1_IRQHandler                        0x080021b5   Thumb Code   230  usart.o(i.USART1_IRQHandler)
    USART1_RD                                0x080022ad   Thumb Code    70  fun.o(i.USART1_RD)
    USART2_IRQHandler                        0x08002301   Thumb Code   190  usart.o(i.USART2_IRQHandler)
    USART2_RD                                0x080023d1   Thumb Code   114  fun.o(i.USART2_RD)
    USART3_IRQHandler                        0x0800245d   Thumb Code   190  usart.o(i.USART3_IRQHandler)
    USART_GetITStatus                        0x0800252d   Thumb Code    84  stm32f10x_usart.o(i.USART_GetITStatus)
    UsageFault_Handler                       0x08002581   Thumb Code     4  stm32f10x_it.o(i.UsageFault_Handler)
    WS2812B_Task                             0x08002585   Thumb Code    70  rgbw.o(i.WS2812B_Task)
    WS2812b_Set                              0x080025d5   Thumb Code   196  rgbw.o(i.WS2812b_Set)
    __scatterload_copy                       0x0800269d   Thumb Code    14  handlers.o(i.__scatterload_copy)
    __scatterload_null                       0x080026ab   Thumb Code     2  handlers.o(i.__scatterload_null)
    __scatterload_zeroinit                   0x080026ad   Thumb Code    14  handlers.o(i.__scatterload_zeroinit)
    crc16                                    0x080026bd   Thumb Code    46  fun.o(i.crc16)
    delay_init                               0x080026f5   Thumb Code    50  delay.o(i.delay_init)
    delay_ms                                 0x08002739   Thumb Code    72  delay.o(i.delay_ms)
    fun                                      0x08002785   Thumb Code   218  fun.o(i.fun)
    key                                      0x08002891   Thumb Code  2082  fun.o(i.key)
    main                                     0x080030bd   Thumb Code   214  main.o(i.main)
    oled_pow                                 0x080031c9   Thumb Code    22  oled.o(i.oled_pow)
    sumc                                     0x080031df   Thumb Code    30  fun.o(i.sumc)
    uart1_init                               0x080031fd   Thumb Code   244  usart.o(i.uart1_init)
    uart2_init                               0x08003301   Thumb Code   262  usart.o(i.uart2_init)
    uart3_init                               0x0800341d   Thumb Code   262  usart.o(i.uart3_init)
    auchCRCHi                                0x08003538   Data         256  fun.o(.constdata)
    auchCRCLo                                0x08003638   Data         256  fun.o(.constdata)
    F16X32                                   0x08003738   Data        6080  oled.o(.constdata)
    F28X56                                   0x08004ef8   Data       18620  oled.o(.constdata)
    F32X64                                   0x080097b4   Data       24320  oled.o(.constdata)
    Region$$Table$$Base                      0x0800f6b4   Number         0  anon$$obj.o(Region$$Table)
    Region$$Table$$Limit                     0x0800f6d4   Number         0  anon$$obj.o(Region$$Table)
    dat                                      0x20000000   Data           1  main.o(.data)
    OLEDW                                    0x20000001   Data           1  main.o(.data)
    SystemCoreClock                          0x20000004   Data           4  system_stm32f10x.o(.data)
    AHBPrescTable                            0x20000008   Data          16  system_stm32f10x.o(.data)
    DMA1_MEM_LEN                             0x20000018   Data           2  dma.o(.data)
    DMA1_MEM_LEN2                            0x2000001a   Data           2  dma.o(.data)
    temp2                                    0x2000001c   Data           2  dma.o(.data)
    dma_tim                                  0x2000001e   Data           2  tim.o(.data)
    mm                                       0x20000020   Data           2  tim.o(.data)
    usart1time1                              0x20000022   Data           2  tim.o(.data)
    usart2time1                              0x20000024   Data           2  tim.o(.data)
    usart3time1                              0x20000026   Data           2  tim.o(.data)
    usart1time2                              0x20000028   Data           2  tim.o(.data)
    usart2time2                              0x2000002a   Data           2  tim.o(.data)
    usart3time2                              0x2000002c   Data           2  tim.o(.data)
    SPItim                                   0x2000002e   Data           2  tim.o(.data)
    cantim                                   0x20000030   Data           2  tim.o(.data)
    rgbwtim                                  0x20000032   Data           2  tim.o(.data)
    USART1_RxLen                             0x20000038   Data           2  usart.o(.data)
    USART2_RxLen                             0x2000003a   Data           2  usart.o(.data)
    USART1_RxOV                              0x2000003c   Data           1  usart.o(.data)
    USART1_TxOV                              0x2000003d   Data           1  usart.o(.data)
    USART2_RxOV                              0x2000003e   Data           1  usart.o(.data)
    USART2_TxOV                              0x2000003f   Data           1  usart.o(.data)
    USART3_RxOV                              0x20000040   Data           1  usart.o(.data)
    USART3_TxOV                              0x20000041   Data           1  usart.o(.data)
    Uart1_tempreset                          0x20000042   Data           2  usart.o(.data)
    Uart2_tempreset                          0x20000044   Data           2  usart.o(.data)
    Uart3_tempreset                          0x20000046   Data           2  usart.o(.data)
    BMP1                                     0x20000048   Data        1024  fun.o(.data)
    BMP2                                     0x20000448   Data        1024  fun.o(.data)
    candata                                  0x20000848   Data           8  fun.o(.data)
    KeyBYTE                                  0x20000850   Data           8  fun.o(.data)
    temp1                                    0x20000858   Data           2  fun.o(.data)
    temp5                                    0x2000085a   Data           2  fun.o(.data)
    USART2summRXold                          0x2000085c   Data           1  fun.o(.data)
    USART2summRXniu                          0x2000085d   Data           1  fun.o(.data)
    RGBWon                                   0x2000085e   Data           1  fun.o(.data)
    keyState                                 0x2000085f   Data           1  fun.o(.data)
    lastPressTime                            0x20000860   Data           4  fun.o(.data)
    lastKeyState                             0x20000864   Data           1  fun.o(.data)
    ADC_tempdata1                            0x20000868   Data           4  adc.o(.data)
    ADC_out1                                 0x2000086c   Data           2  adc.o(.data)
    ADC_cnt1                                 0x2000086e   Data           2  adc.o(.data)
    ADCsim1                                  0x20000870   Data           2  adc.o(.data)
    ADC_Ch_cnt                               0x20000872   Data           1  adc.o(.data)
    adctemp1                                 0x20000874   Data           4  adc.o(.data)
    adctemp2                                 0x20000878   Data           4  adc.o(.data)
    oleddata                                 0x2000087c   Data           1  oled.o(.data)
    ucByteBufRX1                             0x20000880   Data         100  dma.o(.bss)
    ucByteBufTX1                             0x200008e4   Data         100  dma.o(.bss)
    ucByteBufRX2                             0x20000948   Data         100  dma.o(.bss)
    ucByteBufTX2                             0x200009ac   Data         100  dma.o(.bss)
    ucByteBufRX3                             0x20000a10   Data         100  dma.o(.bss)
    ucByteBufTX3                             0x20000a74   Data         100  dma.o(.bss)
    Tx1Buf                                   0x20000ad8   Data         100  fun.o(.bss)
    Rx1Buf                                   0x20000b3c   Data         100  fun.o(.bss)
    Tx2Buf                                   0x20000ba0   Data         100  fun.o(.bss)
    Rx2Buf                                   0x20000c04   Data         100  fun.o(.bss)
    Tx3Buf                                   0x20000c68   Data         100  fun.o(.bss)
    Rx3Buf                                   0x20000ccc   Data         100  fun.o(.bss)
    Spi3TxBuf                                0x20000d30   Data         200  fun.o(.bss)
    Spi3RxBuf                                0x20000df8   Data         200  fun.o(.bss)
    Spi3tempRxBuf                            0x20000ec0   Data         200  fun.o(.bss)
    keytim                                   0x20000f88   Data          25  fun.o(.bss)
    gWs2812bDat_SPI                          0x20000fa1   Data         800  rgbw.o(.bss)
    rgbw2814                                 0x200012c1   Data          25  rgbw.o(.bss)
    __initial_sp                             0x200016e0   Data           0  startup_stm32f10x_hd.o(STACK)



==============================================================================

Memory Map of the image

  Image Entry point : 0x08000131

  Load Region LR_IROM1 (Base: 0x08000000, Size: 0x0000ff54, Max: 0x00040000, ABSOLUTE, COMPRESSED[0x0000f8cc])

    Execution Region ER_IROM1 (Exec base: 0x08000000, Load base: 0x08000000, Size: 0x0000f6d4, Max: 0x00040000, ABSOLUTE)

    Exec Addr    Load Addr    Size         Type   Attr      Idx    E Section Name        Object

    0x08000000   0x08000000   0x00000130   Data   RO          868    RESET               startup_stm32f10x_hd.o
    0x08000130   0x08000130   0x00000000   Code   RO         2442  * .ARM.Collect$$$$00000000  mc_w.l(entry.o)
    0x08000130   0x08000130   0x00000004   Code   RO         2465    .ARM.Collect$$$$00000001  mc_w.l(entry2.o)
    0x08000134   0x08000134   0x00000004   Code   RO         2468    .ARM.Collect$$$$00000004  mc_w.l(entry5.o)
    0x08000138   0x08000138   0x00000000   Code   RO         2470    .ARM.Collect$$$$00000008  mc_w.l(entry7b.o)
    0x08000138   0x08000138   0x00000000   Code   RO         2472    .ARM.Collect$$$$0000000A  mc_w.l(entry8b.o)
    0x08000138   0x08000138   0x00000008   Code   RO         2473    .ARM.Collect$$$$0000000B  mc_w.l(entry9a.o)
    0x08000140   0x08000140   0x00000000   Code   RO         2475    .ARM.Collect$$$$0000000D  mc_w.l(entry10a.o)
    0x08000140   0x08000140   0x00000000   Code   RO         2477    .ARM.Collect$$$$0000000F  mc_w.l(entry11a.o)
    0x08000140   0x08000140   0x00000004   Code   RO         2466    .ARM.Collect$$$$00002712  mc_w.l(entry2.o)
    0x08000144   0x08000144   0x00000024   Code   RO          869    .text               startup_stm32f10x_hd.o
    0x08000168   0x08000168   0x000000b0   Code   RO         2445    .text               mf_w.l(fadd.o)
    0x08000218   0x08000218   0x00000064   Code   RO         2447    .text               mf_w.l(fmul.o)
    0x0800027c   0x0800027c   0x0000007c   Code   RO         2449    .text               mf_w.l(fdiv.o)
    0x080002f8   0x080002f8   0x0000014e   Code   RO         2451    .text               mf_w.l(dadd.o)
    0x08000446   0x08000446   0x000000e4   Code   RO         2453    .text               mf_w.l(dmul.o)
    0x0800052a   0x0800052a   0x0000000a   Code   RO         2455    .text               mf_w.l(ffltui.o)
    0x08000534   0x08000534   0x00000028   Code   RO         2457    .text               mf_w.l(ffixui.o)
    0x0800055c   0x0800055c   0x00000026   Code   RO         2459    .text               mf_w.l(f2d.o)
    0x08000582   0x08000582   0x00000002   PAD
    0x08000584   0x08000584   0x00000030   Code   RO         2461    .text               mf_w.l(cdrcmple.o)
    0x080005b4   0x080005b4   0x00000038   Code   RO         2463    .text               mf_w.l(d2f.o)
    0x080005ec   0x080005ec   0x0000001e   Code   RO         2479    .text               mc_w.l(llshl.o)
    0x0800060a   0x0800060a   0x00000024   Code   RO         2481    .text               mc_w.l(llsshr.o)
    0x0800062e   0x0800062e   0x00000000   Code   RO         2483    .text               mc_w.l(iusefp.o)
    0x0800062e   0x0800062e   0x0000006e   Code   RO         2484    .text               mf_w.l(fepilogue.o)
    0x0800069c   0x0800069c   0x000000ba   Code   RO         2486    .text               mf_w.l(depilogue.o)
    0x08000756   0x08000756   0x00000002   PAD
    0x08000758   0x08000758   0x00000024   Code   RO         2488    .text               mc_w.l(init.o)
    0x0800077c   0x0800077c   0x00000020   Code   RO         2490    .text               mc_w.l(llushr.o)
    0x0800079c   0x0800079c   0x0000005e   Code   RO         2500    .text               mc_w.l(__dclz77c.o)
    0x080007fa   0x080007fa   0x00000002   PAD
    0x080007fc   0x080007fc   0x0000013c   Code   RO          714    i.Adc_Init          adc.o
    0x08000938   0x08000938   0x00000004   Code   RO          110    i.BusFault_Handler  stm32f10x_it.o
    0x0800093c   0x0800093c   0x00000174   Code   RO          654    i.CAN1_Mode_Init    can.o
    0x08000ab0   0x08000ab0   0x00000040   Code   RO          660    i.CAN1_Send_Num     can.o
    0x08000af0   0x08000af0   0x0000010c   Code   RO          661    i.CAN1_Tx_Msg       can.o
    0x08000bfc   0x08000bfc   0x00000084   Code   RO          662    i.CAN1_Tx_Staus     can.o
    0x08000c80   0x08000c80   0x00000108   Code   RO         2293    i.CAN_FilterInit    stm32f10x_can.o
    0x08000d88   0x08000d88   0x0000003c   Code   RO          227    i.DMA1_Channel2_IRQHandler  dma.o
    0x08000dc4   0x08000dc4   0x0000001e   Code   RO          228    i.DMA1_Channel3_IRQHandler  dma.o
    0x08000de2   0x08000de2   0x00000002   PAD
    0x08000de4   0x08000de4   0x0000003c   Code   RO          229    i.DMA1_Channel4_IRQHandler  dma.o
    0x08000e20   0x08000e20   0x00000030   Code   RO          230    i.DMA1_Channel5_IRQHandler  dma.o
    0x08000e50   0x08000e50   0x00000020   Code   RO          231    i.DMA1_Channel6_IRQHandler  dma.o
    0x08000e70   0x08000e70   0x0000002c   Code   RO          232    i.DMA1_Channel7_IRQHandler  dma.o
    0x08000e9c   0x08000e9c   0x0000001c   Code   RO          909    i.DMA_ClearFlag     stm32f10x_dma.o
    0x08000eb8   0x08000eb8   0x0000001c   Code   RO          910    i.DMA_ClearITPendingBit  stm32f10x_dma.o
    0x08000ed4   0x08000ed4   0x00000018   Code   RO          911    i.DMA_Cmd           stm32f10x_dma.o
    0x08000eec   0x08000eec   0x0000002c   Code   RO          915    i.DMA_GetITStatus   stm32f10x_dma.o
    0x08000f18   0x08000f18   0x000000a4   Code   RO          235    i.DMA_USART1_Rx_Config  dma.o
    0x08000fbc   0x08000fbc   0x00000084   Code   RO          237    i.DMA_USART1_Tx_Config  dma.o
    0x08001040   0x08001040   0x0000009c   Code   RO          238    i.DMA_USART2_Rx_Config  dma.o
    0x080010dc   0x080010dc   0x00000084   Code   RO          240    i.DMA_USART2_Tx_Config  dma.o
    0x08001160   0x08001160   0x0000009c   Code   RO          241    i.DMA_USART3_Rx_Config  dma.o
    0x080011fc   0x080011fc   0x00000084   Code   RO          243    i.DMA_USART3_Tx_Config  dma.o
    0x08001280   0x08001280   0x00000002   Code   RO          111    i.DebugMon_Handler  stm32f10x_it.o
    0x08001282   0x08001282   0x00000116   Code   RO         1107    i.GPIO_Init         stm32f10x_gpio.o
    0x08001398   0x08001398   0x00000090   Code   RO         1109    i.GPIO_PinRemapConfig  stm32f10x_gpio.o
    0x08001428   0x08001428   0x00000004   Code   RO         1114    i.GPIO_ResetBits    stm32f10x_gpio.o
    0x0800142c   0x0800142c   0x00000004   Code   RO         1115    i.GPIO_SetBits      stm32f10x_gpio.o
    0x08001430   0x08001430   0x0000016c   Code   RO          715    i.Get_Adc_Average1  adc.o
    0x0800159c   0x0800159c   0x00000004   Code   RO          112    i.HardFault_Handler  stm32f10x_it.o
    0x080015a0   0x080015a0   0x00000084   Code   RO          346    i.KEY_Init          led.o
    0x08001624   0x08001624   0x0000006c   Code   RO          347    i.LED_Init          led.o
    0x08001690   0x08001690   0x00000004   Code   RO          113    i.MemManage_Handler  stm32f10x_it.o
    0x08001694   0x08001694   0x00000002   Code   RO          114    i.NMI_Handler       stm32f10x_it.o
    0x08001696   0x08001696   0x0000000c   Code   RO          402    i.NVIC_Configuration  sys.o
    0x080016a2   0x080016a2   0x00000002   PAD
    0x080016a4   0x080016a4   0x00000070   Code   RO          873    i.NVIC_Init         misc.o
    0x08001714   0x08001714   0x00000014   Code   RO          874    i.NVIC_PriorityGroupConfig  misc.o
    0x08001728   0x08001728   0x00000040   Code   RO          764    i.OLED_Clear        oled.o
    0x08001768   0x08001768   0x0000016c   Code   RO          768    i.OLED_Init         oled.o
    0x080018d4   0x080018d4   0x0000002e   Code   RO          769    i.OLED_Set_Pos      oled.o
    0x08001902   0x08001902   0x00000002   PAD
    0x08001904   0x08001904   0x00000154   Code   RO          771    i.OLED_ShowChar     oled.o
    0x08001a58   0x08001a58   0x00000084   Code   RO          772    i.OLED_ShowNum      oled.o
    0x08001adc   0x08001adc   0x00000074   Code   RO          774    i.OLED_WR_Byte      oled.o
    0x08001b50   0x08001b50   0x0000001e   Code   RO          493    i.OLEDtinct         fun.o
    0x08001b6e   0x08001b6e   0x00000002   Code   RO          115    i.PendSV_Handler    stm32f10x_it.o
    0x08001b70   0x08001b70   0x00000020   Code   RO         1396    i.RCC_AHBPeriphClockCmd  stm32f10x_rcc.o
    0x08001b90   0x08001b90   0x00000020   Code   RO         1397    i.RCC_APB1PeriphClockCmd  stm32f10x_rcc.o
    0x08001bb0   0x08001bb0   0x00000020   Code   RO         1399    i.RCC_APB2PeriphClockCmd  stm32f10x_rcc.o
    0x08001bd0   0x08001bd0   0x0000002c   Code   RO          494    i.Rx_summ           fun.o
    0x08001bfc   0x08001bfc   0x00000002   Code   RO          579    i.SPI1_IRQHandler   spi.o
    0x08001bfe   0x08001bfe   0x00000002   PAD
    0x08001c00   0x08001c00   0x00000094   Code   RO          583    i.SPI2_Init         spi.o
    0x08001c94   0x08001c94   0x00000038   Code   RO          584    i.SPI2_ReadWriteByte  spi.o
    0x08001ccc   0x08001ccc   0x00000050   Code   RO          586    i.SPI2_WriteByte    spi.o
    0x08001d1c   0x08001d1c   0x00000018   Code   RO         2148    i.SPI_Cmd           stm32f10x_spi.o
    0x08001d34   0x08001d34   0x00000012   Code   RO         2156    i.SPI_I2S_GetFlagStatus  stm32f10x_spi.o
    0x08001d46   0x08001d46   0x00000006   Code   RO         2159    i.SPI_I2S_ReceiveData  stm32f10x_spi.o
    0x08001d4c   0x08001d4c   0x00000004   Code   RO         2160    i.SPI_I2S_SendData  stm32f10x_spi.o
    0x08001d50   0x08001d50   0x0000003c   Code   RO         2161    i.SPI_Init          stm32f10x_spi.o
    0x08001d8c   0x08001d8c   0x00000002   Code   RO          116    i.SVC_Handler       stm32f10x_it.o
    0x08001d8e   0x08001d8e   0x00000008   Code   RO          193    i.SetSysClock       system_stm32f10x.o
    0x08001d96   0x08001d96   0x00000002   PAD
    0x08001d98   0x08001d98   0x000000e0   Code   RO          194    i.SetSysClockTo72   system_stm32f10x.o
    0x08001e78   0x08001e78   0x00000028   Code   RO          877    i.SysTick_CLKSourceConfig  misc.o
    0x08001ea0   0x08001ea0   0x00000002   Code   RO          117    i.SysTick_Handler   stm32f10x_it.o
    0x08001ea2   0x08001ea2   0x00000002   PAD
    0x08001ea4   0x08001ea4   0x00000060   Code   RO          196    i.SystemInit        system_stm32f10x.o
    0x08001f04   0x08001f04   0x00000016   Code   RO          364    i.TIM2_IRQHandler   tim.o
    0x08001f1a   0x08001f1a   0x0000005a   Code   RO          365    i.TIM2_Int_Init     tim.o
    0x08001f74   0x08001f74   0x000000e8   Code   RO          366    i.TIM3_IRQHandler   tim.o
    0x0800205c   0x0800205c   0x00000060   Code   RO          367    i.TIM3_Int_Init     tim.o
    0x080020bc   0x080020bc   0x00000006   Code   RO         1606    i.TIM_ClearITPendingBit  stm32f10x_tim.o
    0x080020c2   0x080020c2   0x00000018   Code   RO         1611    i.TIM_Cmd           stm32f10x_tim.o
    0x080020da   0x080020da   0x00000022   Code   RO         1632    i.TIM_GetITStatus   stm32f10x_tim.o
    0x080020fc   0x080020fc   0x00000012   Code   RO         1636    i.TIM_ITConfig      stm32f10x_tim.o
    0x0800210e   0x0800210e   0x00000002   PAD
    0x08002110   0x08002110   0x000000a4   Code   RO         1682    i.TIM_TimeBaseInit  stm32f10x_tim.o
    0x080021b4   0x080021b4   0x000000f8   Code   RO          445    i.USART1_IRQHandler  usart.o
    0x080022ac   0x080022ac   0x00000054   Code   RO          497    i.USART1_RD         fun.o
    0x08002300   0x08002300   0x000000d0   Code   RO          446    i.USART2_IRQHandler  usart.o
    0x080023d0   0x080023d0   0x0000008c   Code   RO          498    i.USART2_RD         fun.o
    0x0800245c   0x0800245c   0x000000d0   Code   RO          447    i.USART3_IRQHandler  usart.o
    0x0800252c   0x0800252c   0x00000054   Code   RO         1223    i.USART_GetITStatus  stm32f10x_usart.o
    0x08002580   0x08002580   0x00000004   Code   RO          118    i.UsageFault_Handler  stm32f10x_it.o
    0x08002584   0x08002584   0x00000050   Code   RO          739    i.WS2812B_Task      rgbw.o
    0x080025d4   0x080025d4   0x000000c8   Code   RO          740    i.WS2812b_Set       rgbw.o
    0x0800269c   0x0800269c   0x0000000e   Code   RO         2494    i.__scatterload_copy  mc_w.l(handlers.o)
    0x080026aa   0x080026aa   0x00000002   Code   RO         2495    i.__scatterload_null  mc_w.l(handlers.o)
    0x080026ac   0x080026ac   0x0000000e   Code   RO         2496    i.__scatterload_zeroinit  mc_w.l(handlers.o)
    0x080026ba   0x080026ba   0x00000002   PAD
    0x080026bc   0x080026bc   0x00000038   Code   RO          500    i.crc16             fun.o
    0x080026f4   0x080026f4   0x00000044   Code   RO          419    i.delay_init        delay.o
    0x08002738   0x08002738   0x0000004c   Code   RO          420    i.delay_ms          delay.o
    0x08002784   0x08002784   0x0000010c   Code   RO          501    i.fun               fun.o
    0x08002890   0x08002890   0x0000082c   Code   RO          503    i.key               fun.o
    0x080030bc   0x080030bc   0x0000010c   Code   RO            1    i.main              main.o
    0x080031c8   0x080031c8   0x00000016   Code   RO          775    i.oled_pow          oled.o
    0x080031de   0x080031de   0x0000001e   Code   RO          504    i.sumc              fun.o
    0x080031fc   0x080031fc   0x00000104   Code   RO          448    i.uart1_init        usart.o
    0x08003300   0x08003300   0x0000011c   Code   RO          449    i.uart2_init        usart.o
    0x0800341c   0x0800341c   0x0000011c   Code   RO          450    i.uart3_init        usart.o
    0x08003538   0x08003538   0x00000200   Data   RO          506    .constdata          fun.o
    0x08003738   0x08003738   0x0000bf7c   Data   RO          776    .constdata          oled.o
    0x0800f6b4   0x0800f6b4   0x00000020   Data   RO         2492    Region$$Table       anon$$obj.o


    Execution Region RW_IRAM1 (Exec base: 0x20000000, Load base: 0x0800f6d4, Size: 0x000016e0, Max: 0x0000c000, ABSOLUTE, COMPRESSED[0x000001f8])

    Exec Addr    Load Addr    Size         Type   Attr      Idx    E Section Name        Object

    0x20000000   COMPRESSED   0x00000002   Data   RW            2    .data               main.o
    0x20000002   COMPRESSED   0x00000002   PAD
    0x20000004   COMPRESSED   0x00000014   Data   RW          197    .data               system_stm32f10x.o
    0x20000018   COMPRESSED   0x00000006   Data   RW          245    .data               dma.o
    0x2000001e   COMPRESSED   0x00000016   Data   RW          368    .data               tim.o
    0x20000034   COMPRESSED   0x00000004   Data   RW          422    .data               delay.o
    0x20000038   COMPRESSED   0x00000010   Data   RW          451    .data               usart.o
    0x20000048   COMPRESSED   0x0000081d   Data   RW          507    .data               fun.o
    0x20000865   COMPRESSED   0x00000003   PAD
    0x20000868   COMPRESSED   0x00000014   Data   RW          716    .data               adc.o
    0x2000087c   COMPRESSED   0x00000001   Data   RW          777    .data               oled.o
    0x2000087d   COMPRESSED   0x00000003   PAD
    0x20000880        -       0x00000258   Zero   RW          244    .bss                dma.o
    0x20000ad8        -       0x000004c9   Zero   RW          505    .bss                fun.o
    0x20000fa1        -       0x00000339   Zero   RW          741    .bss                rgbw.o
    0x200012da   COMPRESSED   0x00000006   PAD
    0x200012e0        -       0x00000400   Zero   RW          866    STACK               startup_stm32f10x_hd.o


==============================================================================

Image component sizes


      Code (inc. data)   RO Data    RW Data    ZI Data      Debug   Object Name

       680         72          0         20          0       1701   adc.o
       836         24          0          0          0       3587   can.o
         0          0          0          0          0         32   core_cm3.o
       144         22          0          4          0       1280   delay.o
      1146        118          0          6        600       8813   dma.o
      2744        154        512       2077       1225       8207   fun.o
       240         26          0          0          0       1090   led.o
       268         54          0          2          0     270107   main.o
       172         22          0          0          0       2161   misc.o
      1084         26      49020          1          0       5513   oled.o
       280         14          0          0        825       2280   rgbw.o
       286         16          0          0          0       2932   spi.o
        36          8        304          0       1024        820   startup_stm32f10x_hd.o
       264          6          0          0          0       1641   stm32f10x_can.o
       124         28          0          0          0       3948   stm32f10x_dma.o
       430          6          0          0          0       4010   stm32f10x_gpio.o
        26          0          0          0          0       3946   stm32f10x_it.o
        96         18          0          0          0       1790   stm32f10x_rcc.o
       112          0          0          0          0       3998   stm32f10x_spi.o
       246         42          0          0          0       3714   stm32f10x_tim.o
        84          0          0          0          0       2240   stm32f10x_usart.o
        12          0          0          0          0        481   sys.o
       328         28          0         20          0       2217   system_stm32f10x.o
       440         66          0         22          0       3011   tim.o
      1492        114          0         16          0       4639   usart.o

    ----------------------------------------------------------------------
     11584        864      49868       2176       3680     344158   Object Totals
         0          0         32          0          0          0   (incl. Generated)
        14          0          0          8          6          0   (incl. Padding)

    ----------------------------------------------------------------------

      Code (inc. data)   RO Data    RW Data    ZI Data      Debug   Library Member Name

        94          0          0          0          0          0   __dclz77c.o
         0          0          0          0          0          0   entry.o
         0          0          0          0          0          0   entry10a.o
         0          0          0          0          0          0   entry11a.o
         8          4          0          0          0          0   entry2.o
         4          0          0          0          0          0   entry5.o
         0          0          0          0          0          0   entry7b.o
         0          0          0          0          0          0   entry8b.o
         8          4          0          0          0          0   entry9a.o
        30          0          0          0          0          0   handlers.o
        36          8          0          0          0         68   init.o
         0          0          0          0          0          0   iusefp.o
        30          0          0          0          0         68   llshl.o
        36          0          0          0          0         68   llsshr.o
        32          0          0          0          0         68   llushr.o
        48          0          0          0          0         68   cdrcmple.o
        56          0          0          0          0         88   d2f.o
       334          0          0          0          0        148   dadd.o
       186          0          0          0          0        176   depilogue.o
       228          0          0          0          0         96   dmul.o
        38          0          0          0          0         68   f2d.o
       176          0          0          0          0        140   fadd.o
       124          0          0          0          0         88   fdiv.o
       110          0          0          0          0        168   fepilogue.o
        40          0          0          0          0         68   ffixui.o
        10          0          0          0          0         68   ffltui.o
       100          0          0          0          0         76   fmul.o

    ----------------------------------------------------------------------
      1736         16          0          0          0       1524   Library Totals
         8          0          0          0          0          0   (incl. Padding)

    ----------------------------------------------------------------------

      Code (inc. data)   RO Data    RW Data    ZI Data      Debug   Library Name

       278         16          0          0          0        272   mc_w.l
      1450          0          0          0          0       1252   mf_w.l

    ----------------------------------------------------------------------
      1736         16          0          0          0       1524   Library Totals

    ----------------------------------------------------------------------

==============================================================================


      Code (inc. data)   RO Data    RW Data    ZI Data      Debug   

     13320        880      49868       2176       3680     340558   Grand Totals
     13320        880      49868        504       3680     340558   ELF Image Totals (compressed)
     13320        880      49868        504          0          0   ROM Totals

==============================================================================

    Total RO  Size (Code + RO Data)                63188 (  61.71kB)
    Total RW  Size (RW Data + ZI Data)              5856 (   5.72kB)
    Total ROM Size (Code + RO Data + RW Data)      63692 (  62.20kB)

==============================================================================

